Archive member included because of file (symbol)

/usr/bin/../lib/gcc/arm-none-eabi/4.9.3/../../../../arm-none-eabi/lib/armv7e-m/fpu/libc_nano.a(lib_a-exit.o)
                              /usr/bin/../lib/gcc/arm-none-eabi/4.9.3/../../../../arm-none-eabi/lib/armv7e-m/fpu/crt0.o (exit)
/usr/bin/../lib/gcc/arm-none-eabi/4.9.3/../../../../arm-none-eabi/lib/armv7e-m/fpu/libc_nano.a(lib_a-impure.o)
                              /usr/bin/../lib/gcc/arm-none-eabi/4.9.3/../../../../arm-none-eabi/lib/armv7e-m/fpu/libc_nano.a(lib_a-exit.o) (_global_impure_ptr)
/usr/bin/../lib/gcc/arm-none-eabi/4.9.3/../../../../arm-none-eabi/lib/armv7e-m/fpu/libc_nano.a(lib_a-init.o)
                              /usr/bin/../lib/gcc/arm-none-eabi/4.9.3/../../../../arm-none-eabi/lib/armv7e-m/fpu/crt0.o (__libc_init_array)
/usr/bin/../lib/gcc/arm-none-eabi/4.9.3/../../../../arm-none-eabi/lib/armv7e-m/fpu/libc_nano.a(lib_a-memset.o)
                              /usr/bin/../lib/gcc/arm-none-eabi/4.9.3/../../../../arm-none-eabi/lib/armv7e-m/fpu/crt0.o (memset)
/usr/bin/../lib/gcc/arm-none-eabi/4.9.3/../../../../arm-none-eabi/lib/armv7e-m/fpu/libnosys.a(_exit.o)
                              /usr/bin/../lib/gcc/arm-none-eabi/4.9.3/../../../../arm-none-eabi/lib/armv7e-m/fpu/libc_nano.a(lib_a-exit.o) (_exit)

Allocating common symbols
Common symbol       size              file

aRxBuffer           0x92              build/main.o

Discarded input sections

 .text          0x0000000000000000        0x0 /usr/bin/../lib/gcc/arm-none-eabi/4.9.3/armv7e-m/fpu/crti.o
 .data          0x0000000000000000        0x0 /usr/bin/../lib/gcc/arm-none-eabi/4.9.3/armv7e-m/fpu/crti.o
 .bss           0x0000000000000000        0x0 /usr/bin/../lib/gcc/arm-none-eabi/4.9.3/armv7e-m/fpu/crti.o
 .data          0x0000000000000000        0x4 /usr/bin/../lib/gcc/arm-none-eabi/4.9.3/armv7e-m/fpu/crtbegin.o
 .text          0x0000000000000000       0x74 /usr/bin/../lib/gcc/arm-none-eabi/4.9.3/../../../../arm-none-eabi/lib/armv7e-m/fpu/crt0.o
 .data          0x0000000000000000        0x0 /usr/bin/../lib/gcc/arm-none-eabi/4.9.3/../../../../arm-none-eabi/lib/armv7e-m/fpu/crt0.o
 .bss           0x0000000000000000        0x0 /usr/bin/../lib/gcc/arm-none-eabi/4.9.3/../../../../arm-none-eabi/lib/armv7e-m/fpu/crt0.o
 .ARM.extab     0x0000000000000000        0x0 /usr/bin/../lib/gcc/arm-none-eabi/4.9.3/../../../../arm-none-eabi/lib/armv7e-m/fpu/crt0.o
 .ARM.exidx     0x0000000000000000        0x8 /usr/bin/../lib/gcc/arm-none-eabi/4.9.3/../../../../arm-none-eabi/lib/armv7e-m/fpu/crt0.o
 .ARM.attributes
                0x0000000000000000       0x20 /usr/bin/../lib/gcc/arm-none-eabi/4.9.3/../../../../arm-none-eabi/lib/armv7e-m/fpu/crt0.o
 .text          0x0000000000000000        0x0 build/main.o
 .data          0x0000000000000000        0x0 build/main.o
 .bss           0x0000000000000000        0x0 build/main.o
 .text          0x0000000000000000        0x0 build/system_stm32f3xx.o
 .data          0x0000000000000000        0x0 build/system_stm32f3xx.o
 .bss           0x0000000000000000        0x0 build/system_stm32f3xx.o
 .rodata.AHBPrescTable
                0x0000000000000000       0x10 build/system_stm32f3xx.o
 .rodata.APBPrescTable
                0x0000000000000000        0x8 build/system_stm32f3xx.o
 .text.SystemCoreClockUpdate
                0x0000000000000000       0xd4 build/system_stm32f3xx.o
 .text          0x0000000000000000        0x0 build/stm32f3xx_it.o
 .data          0x0000000000000000        0x0 build/stm32f3xx_it.o
 .bss           0x0000000000000000        0x0 build/stm32f3xx_it.o
 .text          0x0000000000000000        0x0 build/stm32f3xx_ll_rcc.o
 .data          0x0000000000000000        0x0 build/stm32f3xx_ll_rcc.o
 .bss           0x0000000000000000        0x0 build/stm32f3xx_ll_rcc.o
 .debug_line    0x0000000000000000        0x0 build/stm32f3xx_ll_rcc.o
 .debug_str     0x0000000000000000      0x136 build/stm32f3xx_ll_rcc.o
 .comment       0x0000000000000000       0x71 build/stm32f3xx_ll_rcc.o
 .ARM.attributes
                0x0000000000000000       0x39 build/stm32f3xx_ll_rcc.o
 .text          0x0000000000000000        0x0 build/stm32f3xx_ll_gpio.o
 .data          0x0000000000000000        0x0 build/stm32f3xx_ll_gpio.o
 .bss           0x0000000000000000        0x0 build/stm32f3xx_ll_gpio.o
 .debug_line    0x0000000000000000        0x0 build/stm32f3xx_ll_gpio.o
 .debug_str     0x0000000000000000      0x137 build/stm32f3xx_ll_gpio.o
 .comment       0x0000000000000000       0x71 build/stm32f3xx_ll_gpio.o
 .ARM.attributes
                0x0000000000000000       0x39 build/stm32f3xx_ll_gpio.o
 .text          0x0000000000000000        0x0 build/stm32f3xx_ll_utils.o
 .data          0x0000000000000000        0x0 build/stm32f3xx_ll_utils.o
 .bss           0x0000000000000000        0x0 build/stm32f3xx_ll_utils.o
 .text.LL_RCC_HSE_EnableBypass
                0x0000000000000000       0x1c build/stm32f3xx_ll_utils.o
 .text.LL_RCC_HSE_DisableBypass
                0x0000000000000000       0x1c build/stm32f3xx_ll_utils.o
 .text.LL_RCC_HSE_Enable
                0x0000000000000000       0x1c build/stm32f3xx_ll_utils.o
 .text.LL_RCC_HSE_IsReady
                0x0000000000000000       0x24 build/stm32f3xx_ll_utils.o
 .text.LL_RCC_HSI_Enable
                0x0000000000000000       0x1c build/stm32f3xx_ll_utils.o
 .text.LL_RCC_HSI_IsReady
                0x0000000000000000       0x24 build/stm32f3xx_ll_utils.o
 .text.LL_RCC_SetSysClkSource
                0x0000000000000000       0x28 build/stm32f3xx_ll_utils.o
 .text.LL_RCC_GetSysClkSource
                0x0000000000000000       0x1c build/stm32f3xx_ll_utils.o
 .text.LL_RCC_SetAHBPrescaler
                0x0000000000000000       0x28 build/stm32f3xx_ll_utils.o
 .text.LL_RCC_SetAPB1Prescaler
                0x0000000000000000       0x28 build/stm32f3xx_ll_utils.o
 .text.LL_RCC_SetAPB2Prescaler
                0x0000000000000000       0x28 build/stm32f3xx_ll_utils.o
 .text.LL_RCC_GetAHBPrescaler
                0x0000000000000000       0x1c build/stm32f3xx_ll_utils.o
 .text.LL_RCC_PLL_Enable
                0x0000000000000000       0x1c build/stm32f3xx_ll_utils.o
 .text.LL_RCC_PLL_IsReady
                0x0000000000000000       0x24 build/stm32f3xx_ll_utils.o
 .text.LL_RCC_PLL_ConfigDomain_SYS
                0x0000000000000000       0x44 build/stm32f3xx_ll_utils.o
 .text.LL_FLASH_SetLatency
                0x0000000000000000       0x28 build/stm32f3xx_ll_utils.o
 .text.LL_FLASH_GetLatency
                0x0000000000000000       0x1c build/stm32f3xx_ll_utils.o
 .text.LL_PLL_ConfigSystemClock_HSI
                0x0000000000000000       0x74 build/stm32f3xx_ll_utils.o
 .text.LL_PLL_ConfigSystemClock_HSE
                0x0000000000000000       0x84 build/stm32f3xx_ll_utils.o
 .text.UTILS_SetFlashLatency
                0x0000000000000000       0x60 build/stm32f3xx_ll_utils.o
 .text.UTILS_GetPLLOutputFrequency
                0x0000000000000000       0x50 build/stm32f3xx_ll_utils.o
 .text.UTILS_PLL_IsBusy
                0x0000000000000000       0x24 build/stm32f3xx_ll_utils.o
 .text.UTILS_EnablePLLAndSwitchSystem
                0x0000000000000000       0xd8 build/stm32f3xx_ll_utils.o
 .text          0x0000000000000000        0x0 build/stm32f3xx_ll_exti.o
 .data          0x0000000000000000        0x0 build/stm32f3xx_ll_exti.o
 .bss           0x0000000000000000        0x0 build/stm32f3xx_ll_exti.o
 .debug_line    0x0000000000000000        0x0 build/stm32f3xx_ll_exti.o
 .debug_str     0x0000000000000000      0x137 build/stm32f3xx_ll_exti.o
 .comment       0x0000000000000000       0x71 build/stm32f3xx_ll_exti.o
 .ARM.attributes
                0x0000000000000000       0x39 build/stm32f3xx_ll_exti.o
 .text          0x0000000000000000        0x0 build/stm32f3xx_ll_spi.o
 .data          0x0000000000000000        0x0 build/stm32f3xx_ll_spi.o
 .bss           0x0000000000000000        0x0 build/stm32f3xx_ll_spi.o
 .debug_line    0x0000000000000000        0x0 build/stm32f3xx_ll_spi.o
 .debug_str     0x0000000000000000      0x136 build/stm32f3xx_ll_spi.o
 .comment       0x0000000000000000       0x71 build/stm32f3xx_ll_spi.o
 .ARM.attributes
                0x0000000000000000       0x39 build/stm32f3xx_ll_spi.o
 .text          0x0000000000000000        0x0 build/stm32f3xx_ll_pwr.o
 .data          0x0000000000000000        0x0 build/stm32f3xx_ll_pwr.o
 .bss           0x0000000000000000        0x0 build/stm32f3xx_ll_pwr.o
 .debug_line    0x0000000000000000        0x0 build/stm32f3xx_ll_pwr.o
 .debug_str     0x0000000000000000      0x136 build/stm32f3xx_ll_pwr.o
 .comment       0x0000000000000000       0x71 build/stm32f3xx_ll_pwr.o
 .ARM.attributes
                0x0000000000000000       0x39 build/stm32f3xx_ll_pwr.o
 .text          0x0000000000000000       0x14 build/startup_stm32f302x8.o
 .data          0x0000000000000000        0x0 build/startup_stm32f302x8.o
 .bss           0x0000000000000000        0x0 build/startup_stm32f302x8.o
 .text          0x0000000000000000        0x0 /usr/bin/../lib/gcc/arm-none-eabi/4.9.3/../../../../arm-none-eabi/lib/armv7e-m/fpu/libc_nano.a(lib_a-exit.o)
 .data          0x0000000000000000        0x0 /usr/bin/../lib/gcc/arm-none-eabi/4.9.3/../../../../arm-none-eabi/lib/armv7e-m/fpu/libc_nano.a(lib_a-exit.o)
 .bss           0x0000000000000000        0x0 /usr/bin/../lib/gcc/arm-none-eabi/4.9.3/../../../../arm-none-eabi/lib/armv7e-m/fpu/libc_nano.a(lib_a-exit.o)
 .text.exit     0x0000000000000000       0x28 /usr/bin/../lib/gcc/arm-none-eabi/4.9.3/../../../../arm-none-eabi/lib/armv7e-m/fpu/libc_nano.a(lib_a-exit.o)
 .debug_frame   0x0000000000000000       0x28 /usr/bin/../lib/gcc/arm-none-eabi/4.9.3/../../../../arm-none-eabi/lib/armv7e-m/fpu/libc_nano.a(lib_a-exit.o)
 .ARM.attributes
                0x0000000000000000       0x34 /usr/bin/../lib/gcc/arm-none-eabi/4.9.3/../../../../arm-none-eabi/lib/armv7e-m/fpu/libc_nano.a(lib_a-exit.o)
 .text          0x0000000000000000        0x0 /usr/bin/../lib/gcc/arm-none-eabi/4.9.3/../../../../arm-none-eabi/lib/armv7e-m/fpu/libc_nano.a(lib_a-impure.o)
 .data          0x0000000000000000        0x0 /usr/bin/../lib/gcc/arm-none-eabi/4.9.3/../../../../arm-none-eabi/lib/armv7e-m/fpu/libc_nano.a(lib_a-impure.o)
 .bss           0x0000000000000000        0x0 /usr/bin/../lib/gcc/arm-none-eabi/4.9.3/../../../../arm-none-eabi/lib/armv7e-m/fpu/libc_nano.a(lib_a-impure.o)
 .data.impure_data
                0x0000000000000000       0x60 /usr/bin/../lib/gcc/arm-none-eabi/4.9.3/../../../../arm-none-eabi/lib/armv7e-m/fpu/libc_nano.a(lib_a-impure.o)
 .data._impure_ptr
                0x0000000000000000        0x4 /usr/bin/../lib/gcc/arm-none-eabi/4.9.3/../../../../arm-none-eabi/lib/armv7e-m/fpu/libc_nano.a(lib_a-impure.o)
 .rodata.str1.1
                0x0000000000000000        0x2 /usr/bin/../lib/gcc/arm-none-eabi/4.9.3/../../../../arm-none-eabi/lib/armv7e-m/fpu/libc_nano.a(lib_a-impure.o)
 .rodata._global_impure_ptr
                0x0000000000000000        0x4 /usr/bin/../lib/gcc/arm-none-eabi/4.9.3/../../../../arm-none-eabi/lib/armv7e-m/fpu/libc_nano.a(lib_a-impure.o)
 .ARM.attributes
                0x0000000000000000       0x34 /usr/bin/../lib/gcc/arm-none-eabi/4.9.3/../../../../arm-none-eabi/lib/armv7e-m/fpu/libc_nano.a(lib_a-impure.o)
 .text          0x0000000000000000        0x0 /usr/bin/../lib/gcc/arm-none-eabi/4.9.3/../../../../arm-none-eabi/lib/armv7e-m/fpu/libc_nano.a(lib_a-init.o)
 .data          0x0000000000000000        0x0 /usr/bin/../lib/gcc/arm-none-eabi/4.9.3/../../../../arm-none-eabi/lib/armv7e-m/fpu/libc_nano.a(lib_a-init.o)
 .bss           0x0000000000000000        0x0 /usr/bin/../lib/gcc/arm-none-eabi/4.9.3/../../../../arm-none-eabi/lib/armv7e-m/fpu/libc_nano.a(lib_a-init.o)
 .text          0x0000000000000000        0x0 /usr/bin/../lib/gcc/arm-none-eabi/4.9.3/../../../../arm-none-eabi/lib/armv7e-m/fpu/libc_nano.a(lib_a-memset.o)
 .data          0x0000000000000000        0x0 /usr/bin/../lib/gcc/arm-none-eabi/4.9.3/../../../../arm-none-eabi/lib/armv7e-m/fpu/libc_nano.a(lib_a-memset.o)
 .bss           0x0000000000000000        0x0 /usr/bin/../lib/gcc/arm-none-eabi/4.9.3/../../../../arm-none-eabi/lib/armv7e-m/fpu/libc_nano.a(lib_a-memset.o)
 .text.memset   0x0000000000000000       0x10 /usr/bin/../lib/gcc/arm-none-eabi/4.9.3/../../../../arm-none-eabi/lib/armv7e-m/fpu/libc_nano.a(lib_a-memset.o)
 .debug_frame   0x0000000000000000       0x20 /usr/bin/../lib/gcc/arm-none-eabi/4.9.3/../../../../arm-none-eabi/lib/armv7e-m/fpu/libc_nano.a(lib_a-memset.o)
 .ARM.attributes
                0x0000000000000000       0x34 /usr/bin/../lib/gcc/arm-none-eabi/4.9.3/../../../../arm-none-eabi/lib/armv7e-m/fpu/libc_nano.a(lib_a-memset.o)
 .text          0x0000000000000000        0x0 /usr/bin/../lib/gcc/arm-none-eabi/4.9.3/../../../../arm-none-eabi/lib/armv7e-m/fpu/libnosys.a(_exit.o)
 .data          0x0000000000000000        0x0 /usr/bin/../lib/gcc/arm-none-eabi/4.9.3/../../../../arm-none-eabi/lib/armv7e-m/fpu/libnosys.a(_exit.o)
 .bss           0x0000000000000000        0x0 /usr/bin/../lib/gcc/arm-none-eabi/4.9.3/../../../../arm-none-eabi/lib/armv7e-m/fpu/libnosys.a(_exit.o)
 .text._exit    0x0000000000000000        0x4 /usr/bin/../lib/gcc/arm-none-eabi/4.9.3/../../../../arm-none-eabi/lib/armv7e-m/fpu/libnosys.a(_exit.o)
 .debug_frame   0x0000000000000000       0x20 /usr/bin/../lib/gcc/arm-none-eabi/4.9.3/../../../../arm-none-eabi/lib/armv7e-m/fpu/libnosys.a(_exit.o)
 .ARM.attributes
                0x0000000000000000       0x34 /usr/bin/../lib/gcc/arm-none-eabi/4.9.3/../../../../arm-none-eabi/lib/armv7e-m/fpu/libnosys.a(_exit.o)
 .text          0x0000000000000000        0x0 /usr/bin/../lib/gcc/arm-none-eabi/4.9.3/armv7e-m/fpu/crtend.o
 .data          0x0000000000000000        0x0 /usr/bin/../lib/gcc/arm-none-eabi/4.9.3/armv7e-m/fpu/crtend.o
 .bss           0x0000000000000000        0x0 /usr/bin/../lib/gcc/arm-none-eabi/4.9.3/armv7e-m/fpu/crtend.o
 .eh_frame      0x0000000000000000        0x4 /usr/bin/../lib/gcc/arm-none-eabi/4.9.3/armv7e-m/fpu/crtend.o
 .jcr           0x0000000000000000        0x4 /usr/bin/../lib/gcc/arm-none-eabi/4.9.3/armv7e-m/fpu/crtend.o
 .ARM.attributes
                0x0000000000000000       0x34 /usr/bin/../lib/gcc/arm-none-eabi/4.9.3/armv7e-m/fpu/crtend.o
 .text          0x0000000000000000        0x0 /usr/bin/../lib/gcc/arm-none-eabi/4.9.3/armv7e-m/fpu/crtn.o
 .data          0x0000000000000000        0x0 /usr/bin/../lib/gcc/arm-none-eabi/4.9.3/armv7e-m/fpu/crtn.o
 .bss           0x0000000000000000        0x0 /usr/bin/../lib/gcc/arm-none-eabi/4.9.3/armv7e-m/fpu/crtn.o

Memory Configuration

Name             Origin             Length             Attributes
RAM              0x0000000020000000 0x0000000000004000 xrw
FLASH            0x0000000008000000 0x0000000000010000 xr
*default*        0x0000000000000000 0xffffffffffffffff

Linker script and memory map

LOAD /usr/bin/../lib/gcc/arm-none-eabi/4.9.3/armv7e-m/fpu/crti.o
LOAD /usr/bin/../lib/gcc/arm-none-eabi/4.9.3/armv7e-m/fpu/crtbegin.o
LOAD /usr/bin/../lib/gcc/arm-none-eabi/4.9.3/../../../../arm-none-eabi/lib/armv7e-m/fpu/crt0.o
LOAD build/main.o
LOAD build/system_stm32f3xx.o
LOAD build/stm32f3xx_it.o
LOAD build/stm32f3xx_ll_rcc.o
LOAD build/stm32f3xx_ll_gpio.o
LOAD build/stm32f3xx_ll_utils.o
LOAD build/stm32f3xx_ll_exti.o
LOAD build/stm32f3xx_ll_spi.o
LOAD build/stm32f3xx_ll_pwr.o
LOAD build/startup_stm32f302x8.o
LOAD /usr/bin/../lib/gcc/arm-none-eabi/4.9.3/../../../../arm-none-eabi/lib/armv7e-m/fpu/libc_nano.a
LOAD /usr/bin/../lib/gcc/arm-none-eabi/4.9.3/../../../../arm-none-eabi/lib/armv7e-m/fpu/libm.a
LOAD /usr/bin/../lib/gcc/arm-none-eabi/4.9.3/../../../../arm-none-eabi/lib/armv7e-m/fpu/libnosys.a
START GROUP
LOAD /usr/bin/../lib/gcc/arm-none-eabi/4.9.3/armv7e-m/fpu/libgcc.a
LOAD /usr/bin/../lib/gcc/arm-none-eabi/4.9.3/../../../../arm-none-eabi/lib/armv7e-m/fpu/libc_nano.a
END GROUP
START GROUP
LOAD /usr/bin/../lib/gcc/arm-none-eabi/4.9.3/armv7e-m/fpu/libgcc.a
LOAD /usr/bin/../lib/gcc/arm-none-eabi/4.9.3/../../../../arm-none-eabi/lib/armv7e-m/fpu/libc_nano.a
END GROUP
LOAD /usr/bin/../lib/gcc/arm-none-eabi/4.9.3/armv7e-m/fpu/crtend.o
LOAD /usr/bin/../lib/gcc/arm-none-eabi/4.9.3/armv7e-m/fpu/crtn.o
                0x0000000020004000                _estack = 0x20004000
                0x0000000000000200                _Min_Heap_Size = 0x200
                0x0000000000000400                _Min_Stack_Size = 0x400

.isr_vector     0x0000000008000000      0x188
                0x0000000008000000                . = ALIGN (0x4)
 *(.isr_vector)
 .isr_vector    0x0000000008000000      0x188 build/startup_stm32f302x8.o
                0x0000000008000000                g_pfnVectors
                0x0000000008000188                . = ALIGN (0x4)

.text           0x0000000008000188      0xf1c
                0x0000000008000188                . = ALIGN (0x4)
 *(.text)
 .text          0x0000000008000188       0x5c /usr/bin/../lib/gcc/arm-none-eabi/4.9.3/armv7e-m/fpu/crtbegin.o
 *(.text*)
 .text.NVIC_EnableIRQ
                0x00000000080001e4       0x30 build/main.o
 .text.NVIC_SetPriority
                0x0000000008000214       0x54 build/main.o
 .text.LL_AHB1_GRP1_EnableClock
                0x0000000008000268       0x30 build/main.o
 .text.LL_APB1_GRP1_EnableClock
                0x0000000008000298       0x30 build/main.o
 .text.LL_APB2_GRP1_EnableClock
                0x00000000080002c8       0x30 build/main.o
 .text.LL_RCC_HSI_Enable
                0x00000000080002f8       0x1c build/main.o
 .text.LL_RCC_HSI_IsReady
                0x0000000008000314       0x24 build/main.o
 .text.LL_RCC_SetSysClkSource
                0x0000000008000338       0x28 build/main.o
 .text.LL_RCC_GetSysClkSource
                0x0000000008000360       0x1c build/main.o
 .text.LL_RCC_SetAHBPrescaler
                0x000000000800037c       0x28 build/main.o
 .text.LL_RCC_SetAPB1Prescaler
                0x00000000080003a4       0x28 build/main.o
 .text.LL_RCC_SetAPB2Prescaler
                0x00000000080003cc       0x28 build/main.o
 .text.LL_RCC_PLL_Enable
                0x00000000080003f4       0x1c build/main.o
 .text.LL_RCC_PLL_IsReady
                0x0000000008000410       0x24 build/main.o
 .text.LL_RCC_PLL_ConfigDomain_SYS
                0x0000000008000434       0x44 build/main.o
 .text.LL_SYSCFG_SetEXTISource
                0x0000000008000478       0x54 build/main.o
 .text.LL_FLASH_SetLatency
                0x00000000080004cc       0x28 build/main.o
 .text.LL_GPIO_SetPinMode
                0x00000000080004f4       0x58 build/main.o
 .text.LL_GPIO_SetPinSpeed
                0x000000000800054c       0x58 build/main.o
 .text.LL_GPIO_SetPinPull
                0x00000000080005a4       0x58 build/main.o
 .text.LL_GPIO_SetAFPin_8_15
                0x00000000080005fc       0x5c build/main.o
 .text.LL_GPIO_SetOutputPin
                0x0000000008000658       0x1c build/main.o
 .text.LL_GPIO_ResetOutputPin
                0x0000000008000674       0x1c build/main.o
 .text.LL_GPIO_TogglePin
                0x0000000008000690       0x20 build/main.o
 .text.LL_EXTI_EnableIT_0_31
                0x00000000080006b0       0x24 build/main.o
 .text.LL_EXTI_EnableFallingTrig_0_31
                0x00000000080006d4       0x24 build/main.o
 .text.LL_SPI_Enable
                0x00000000080006f8       0x20 build/main.o
 .text.LL_SPI_SetMode
                0x0000000008000718       0x24 build/main.o
 .text.LL_SPI_SetClockPhase
                0x000000000800073c       0x24 build/main.o
 .text.LL_SPI_SetClockPolarity
                0x0000000008000760       0x24 build/main.o
 .text.LL_SPI_SetBaudRatePrescaler
                0x0000000008000784       0x24 build/main.o
 .text.LL_SPI_SetTransferDirection
                0x00000000080007a8       0x24 build/main.o
 .text.LL_SPI_SetDataWidth
                0x00000000080007cc       0x24 build/main.o
 .text.LL_SPI_SetRxFIFOThreshold
                0x00000000080007f0       0x24 build/main.o
 .text.LL_SPI_SetNSSMode
                0x0000000008000814       0x38 build/main.o
 .text.LL_SPI_EnableIT_ERR
                0x000000000800084c       0x20 build/main.o
 .text.LL_SPI_EnableIT_RXNE
                0x000000000800086c       0x20 build/main.o
 .text.LL_SPI_EnableIT_TXE
                0x000000000800088c       0x20 build/main.o
 .text.LL_SPI_DisableIT_RXNE
                0x00000000080008ac       0x20 build/main.o
 .text.LL_SPI_DisableIT_TXE
                0x00000000080008cc       0x20 build/main.o
 .text.LL_SPI_ReceiveData8
                0x00000000080008ec       0x1c build/main.o
 .text.LL_SPI_TransmitData8
                0x0000000008000908       0x20 build/main.o
 .text.main     0x0000000008000928       0x24 build/main.o
                0x0000000008000928                main
 .text.Configure_SPI
                0x000000000800094c      0x118 build/main.o
                0x000000000800094c                Configure_SPI
 .text.Activate_SPI
                0x0000000008000a64       0x10 build/main.o
                0x0000000008000a64                Activate_SPI
 .text.LED_Init
                0x0000000008000a74       0x20 build/main.o
                0x0000000008000a74                LED_Init
 .text.LED_On   0x0000000008000a94       0x14 build/main.o
                0x0000000008000a94                LED_On
 .text.LED_Off  0x0000000008000aa8       0x14 build/main.o
                0x0000000008000aa8                LED_Off
 .text.LED_Blinking
                0x0000000008000abc       0x20 build/main.o
                0x0000000008000abc                LED_Blinking
 .text.UserButton_Init
                0x0000000008000adc       0x5c build/main.o
                0x0000000008000adc                UserButton_Init
 .text.WaitForUserButtonPress
                0x0000000008000b38       0x30 build/main.o
                0x0000000008000b38                WaitForUserButtonPress
 .text.WaitAndCheckEndOfTransfer
                0x0000000008000b68       0x70 build/main.o
                0x0000000008000b68                WaitAndCheckEndOfTransfer
 .text.Buffercmp8
                0x0000000008000bd8       0x44 build/main.o
                0x0000000008000bd8                Buffercmp8
 .text.SystemClock_Config
                0x0000000008000c1c       0x78 build/main.o
                0x0000000008000c1c                SystemClock_Config
 .text.UserButton_Callback
                0x0000000008000c94       0x18 build/main.o
                0x0000000008000c94                UserButton_Callback
 .text.SPI3_Rx_Callback
                0x0000000008000cac       0x30 build/main.o
                0x0000000008000cac                SPI3_Rx_Callback
 .text.SPI3_Tx_Callback
                0x0000000008000cdc       0x30 build/main.o
                0x0000000008000cdc                SPI3_Tx_Callback
 .text.SPI3_TransferError_Callback
                0x0000000008000d0c       0x20 build/main.o
                0x0000000008000d0c                SPI3_TransferError_Callback
 .text.SystemInit
                0x0000000008000d2c       0x94 build/system_stm32f3xx.o
                0x0000000008000d2c                SystemInit
 .text.LL_EXTI_IsActiveFlag_0_31
                0x0000000008000dc0       0x2c build/stm32f3xx_it.o
 .text.LL_EXTI_ClearFlag_0_31
                0x0000000008000dec       0x1c build/stm32f3xx_it.o
 .text.LL_SPI_IsActiveFlag_RXNE
                0x0000000008000e08       0x28 build/stm32f3xx_it.o
 .text.LL_SPI_IsActiveFlag_TXE
                0x0000000008000e30       0x28 build/stm32f3xx_it.o
 .text.LL_SPI_IsActiveFlag_OVR
                0x0000000008000e58       0x28 build/stm32f3xx_it.o
 .text.NMI_Handler
                0x0000000008000e80        0xc build/stm32f3xx_it.o
                0x0000000008000e80                NMI_Handler
 .text.HardFault_Handler
                0x0000000008000e8c        0x8 build/stm32f3xx_it.o
                0x0000000008000e8c                HardFault_Handler
 .text.MemManage_Handler
                0x0000000008000e94        0x8 build/stm32f3xx_it.o
                0x0000000008000e94                MemManage_Handler
 .text.BusFault_Handler
                0x0000000008000e9c        0x8 build/stm32f3xx_it.o
                0x0000000008000e9c                BusFault_Handler
 .text.UsageFault_Handler
                0x0000000008000ea4        0x8 build/stm32f3xx_it.o
                0x0000000008000ea4                UsageFault_Handler
 .text.SVC_Handler
                0x0000000008000eac        0xc build/stm32f3xx_it.o
                0x0000000008000eac                SVC_Handler
 .text.DebugMon_Handler
                0x0000000008000eb8        0xc build/stm32f3xx_it.o
                0x0000000008000eb8                DebugMon_Handler
 .text.PendSV_Handler
                0x0000000008000ec4        0xc build/stm32f3xx_it.o
                0x0000000008000ec4                PendSV_Handler
 .text.SysTick_Handler
                0x0000000008000ed0        0xc build/stm32f3xx_it.o
                0x0000000008000ed0                SysTick_Handler
 .text.EXTI15_10_IRQHandler
                0x0000000008000edc       0x20 build/stm32f3xx_it.o
                0x0000000008000edc                EXTI15_10_IRQHandler
 .text.SPI3_IRQHandler
                0x0000000008000efc       0x40 build/stm32f3xx_it.o
                0x0000000008000efc                SPI3_IRQHandler
 .text.LL_InitTick
                0x0000000008000f3c       0x34 build/stm32f3xx_ll_utils.o
 .text.LL_Init1msTick
                0x0000000008000f70       0x18 build/stm32f3xx_ll_utils.o
                0x0000000008000f70                LL_Init1msTick
 .text.LL_mDelay
                0x0000000008000f88       0x48 build/stm32f3xx_ll_utils.o
                0x0000000008000f88                LL_mDelay
 .text.LL_SetSystemCoreClock
                0x0000000008000fd0       0x1c build/stm32f3xx_ll_utils.o
                0x0000000008000fd0                LL_SetSystemCoreClock
 .text.Reset_Handler
                0x0000000008000fec       0x50 build/startup_stm32f302x8.o
                0x0000000008000fec                Reset_Handler
 .text.Default_Handler
                0x000000000800103c        0x2 build/startup_stm32f302x8.o
                0x000000000800103c                RTC_Alarm_IRQHandler
                0x000000000800103c                TIM1_CC_IRQHandler
                0x000000000800103c                USB_HP_IRQHandler
                0x000000000800103c                PVD_IRQHandler
                0x000000000800103c                TAMP_STAMP_IRQHandler
                0x000000000800103c                EXTI3_IRQHandler
                0x000000000800103c                I2C3_ER_IRQHandler
                0x000000000800103c                USB_HP_CAN_TX_IRQHandler
                0x000000000800103c                EXTI0_IRQHandler
                0x000000000800103c                I2C2_EV_IRQHandler
                0x000000000800103c                FPU_IRQHandler
                0x000000000800103c                TIM1_UP_TIM16_IRQHandler
                0x000000000800103c                CAN_SCE_IRQHandler
                0x000000000800103c                TIM6_DAC_IRQHandler
                0x000000000800103c                DMA1_Channel4_IRQHandler
                0x000000000800103c                ADC1_IRQHandler
                0x000000000800103c                USART3_IRQHandler
                0x000000000800103c                DMA1_Channel7_IRQHandler
                0x000000000800103c                CAN_RX1_IRQHandler
                0x000000000800103c                I2C1_EV_IRQHandler
                0x000000000800103c                DMA1_Channel6_IRQHandler
                0x000000000800103c                RCC_IRQHandler
                0x000000000800103c                DMA1_Channel1_IRQHandler
                0x000000000800103c                Default_Handler
                0x000000000800103c                USBWakeUp_RMP_IRQHandler
                0x000000000800103c                COMP2_IRQHandler
                0x000000000800103c                I2C3_EV_IRQHandler
                0x000000000800103c                EXTI9_5_IRQHandler
                0x000000000800103c                RTC_WKUP_IRQHandler
                0x000000000800103c                SPI2_IRQHandler
                0x000000000800103c                USB_LP_CAN_RX0_IRQHandler
                0x000000000800103c                DMA1_Channel5_IRQHandler
                0x000000000800103c                USB_LP_IRQHandler
                0x000000000800103c                EXTI4_IRQHandler
                0x000000000800103c                TIM1_TRG_COM_TIM17_IRQHandler
                0x000000000800103c                DMA1_Channel3_IRQHandler
                0x000000000800103c                WWDG_IRQHandler
                0x000000000800103c                TIM2_IRQHandler
                0x000000000800103c                EXTI1_IRQHandler
                0x000000000800103c                COMP4_6_IRQHandler
                0x000000000800103c                USART2_IRQHandler
                0x000000000800103c                I2C2_ER_IRQHandler
                0x000000000800103c                DMA1_Channel2_IRQHandler
                0x000000000800103c                FLASH_IRQHandler
                0x000000000800103c                USART1_IRQHandler
                0x000000000800103c                I2C1_ER_IRQHandler
                0x000000000800103c                USBWakeUp_IRQHandler
                0x000000000800103c                EXTI2_TSC_IRQHandler
                0x000000000800103c                TIM1_BRK_TIM15_IRQHandler
 *fill*         0x000000000800103e        0x2 
 .text.__libc_init_array
                0x0000000008001040       0x4c /usr/bin/../lib/gcc/arm-none-eabi/4.9.3/../../../../arm-none-eabi/lib/armv7e-m/fpu/libc_nano.a(lib_a-init.o)
                0x0000000008001040                __libc_init_array
 *(.glue_7)
 .glue_7        0x0000000000000000        0x0 linker stubs
 *(.glue_7t)
 .glue_7t       0x0000000000000000        0x0 linker stubs
 *(.eh_frame)
 .eh_frame      0x000000000800108c        0x0 /usr/bin/../lib/gcc/arm-none-eabi/4.9.3/armv7e-m/fpu/crtbegin.o
 *(.init)
 .init          0x000000000800108c        0x4 /usr/bin/../lib/gcc/arm-none-eabi/4.9.3/armv7e-m/fpu/crti.o
                0x000000000800108c                _init
 .init          0x0000000008001090        0x8 /usr/bin/../lib/gcc/arm-none-eabi/4.9.3/armv7e-m/fpu/crtn.o
 *(.fini)
 .fini          0x0000000008001098        0x4 /usr/bin/../lib/gcc/arm-none-eabi/4.9.3/armv7e-m/fpu/crti.o
                0x0000000008001098                _fini
 .fini          0x000000000800109c        0x8 /usr/bin/../lib/gcc/arm-none-eabi/4.9.3/armv7e-m/fpu/crtn.o
                0x00000000080010a4                . = ALIGN (0x4)
                0x00000000080010a4                _etext = .

.vfp11_veneer   0x00000000080010a4        0x0
 .vfp11_veneer  0x0000000000000000        0x0 linker stubs

.v4_bx          0x00000000080010a4        0x0
 .v4_bx         0x0000000000000000        0x0 linker stubs

.iplt           0x00000000080010a4        0x0
 .iplt          0x0000000000000000        0x0 /usr/bin/../lib/gcc/arm-none-eabi/4.9.3/armv7e-m/fpu/crtbegin.o

.rel.dyn        0x00000000080010a4        0x0
 .rel.iplt      0x0000000000000000        0x0 /usr/bin/../lib/gcc/arm-none-eabi/4.9.3/armv7e-m/fpu/crtbegin.o

.rodata         0x00000000080010a4        0x0
                0x00000000080010a4                . = ALIGN (0x4)
 *(.rodata)
 *(.rodata*)
                0x00000000080010a4                . = ALIGN (0x4)

.ARM.extab
 *(.ARM.extab* .gnu.linkonce.armextab.*)

.ARM            0x00000000080010a4        0x0
                0x00000000080010a4                __exidx_start = .
 *(.ARM.exidx*)
                0x00000000080010a4                __exidx_end = .

.preinit_array  0x00000000080010a4        0x0
                0x00000000080010a4                PROVIDE (__preinit_array_start, .)
 *(.preinit_array*)
                0x00000000080010a4                PROVIDE (__preinit_array_end, .)

.init_array     0x00000000080010a4        0x4
                0x00000000080010a4                PROVIDE (__init_array_start, .)
 *(SORT(.init_array.*))
 *(.init_array*)
 .init_array    0x00000000080010a4        0x4 /usr/bin/../lib/gcc/arm-none-eabi/4.9.3/armv7e-m/fpu/crtbegin.o
                0x00000000080010a8                PROVIDE (__init_array_end, .)

.fini_array     0x00000000080010a8        0x4
                0x00000000080010a8                PROVIDE (__fini_array_start, .)
 *(SORT(.fini_array.*))
 *(.fini_array*)
 .fini_array    0x00000000080010a8        0x4 /usr/bin/../lib/gcc/arm-none-eabi/4.9.3/armv7e-m/fpu/crtbegin.o
                0x00000000080010ac                PROVIDE (__fini_array_end, .)
                0x00000000080010ac                _sidata = LOADADDR (.data)

.data           0x0000000020000000       0x98 load address 0x00000000080010ac
                0x0000000020000000                . = ALIGN (0x4)
                0x0000000020000000                _sdata = .
 *(.data)
 *(.data*)
 .data.aTxBuffer
                0x0000000020000000       0x92 build/main.o
                0x0000000020000000                aTxBuffer
 .data.ubNbDataToTransmit
                0x0000000020000092        0x1 build/main.o
                0x0000000020000092                ubNbDataToTransmit
 .data.ubNbDataToReceive
                0x0000000020000093        0x1 build/main.o
                0x0000000020000093                ubNbDataToReceive
 .data.SystemCoreClock
                0x0000000020000094        0x4 build/system_stm32f3xx.o
                0x0000000020000094                SystemCoreClock
                0x0000000020000098                . = ALIGN (0x4)
                0x0000000020000098                _edata = .

.jcr            0x0000000020000098        0x0 load address 0x0000000008001144
 .jcr           0x0000000020000098        0x0 /usr/bin/../lib/gcc/arm-none-eabi/4.9.3/armv7e-m/fpu/crtbegin.o

.igot.plt       0x0000000020000098        0x0 load address 0x0000000008001144
 .igot.plt      0x0000000000000000        0x0 /usr/bin/../lib/gcc/arm-none-eabi/4.9.3/armv7e-m/fpu/crtbegin.o
                0x0000000020000098                . = ALIGN (0x4)

.bss            0x0000000020000098       0xb4 load address 0x0000000008001144
                0x0000000020000098                _sbss = .
                0x0000000020000098                __bss_start__ = _sbss
 *(.bss)
 .bss           0x0000000020000098       0x1c /usr/bin/../lib/gcc/arm-none-eabi/4.9.3/armv7e-m/fpu/crtbegin.o
 *(.bss*)
 .bss.ubButtonPress
                0x00000000200000b4        0x1 build/main.o
                0x00000000200000b4                ubButtonPress
 .bss.ubTransmitIndex
                0x00000000200000b5        0x1 build/main.o
                0x00000000200000b5                ubTransmitIndex
 .bss.ubReceiveIndex
                0x00000000200000b6        0x1 build/main.o
                0x00000000200000b6                ubReceiveIndex
 *(COMMON)
 *fill*         0x00000000200000b7        0x1 
 COMMON         0x00000000200000b8       0x92 build/main.o
                0x00000000200000b8                aRxBuffer
                0x000000002000014c                . = ALIGN (0x4)
 *fill*         0x000000002000014a        0x2 
                0x000000002000014c                _ebss = .
                0x000000002000014c                __bss_end__ = _ebss

._user_heap_stack
                0x000000002000014c      0x604 load address 0x0000000008001144
                0x0000000020000150                . = ALIGN (0x8)
 *fill*         0x000000002000014c        0x4 
                0x0000000020000150                PROVIDE (end, .)
                0x0000000020000150                PROVIDE (_end, .)
                0x0000000020000350                . = (. + _Min_Heap_Size)
 *fill*         0x0000000020000150      0x200 
                0x0000000020000750                . = (. + _Min_Stack_Size)
 *fill*         0x0000000020000350      0x400 
                0x0000000020000750                . = ALIGN (0x8)

/DISCARD/
 libc.a(*)
 libm.a(*)
 libgcc.a(*)

.ARM.attributes
                0x0000000000000000       0x30
 *(.ARM.attributes)
 .ARM.attributes
                0x0000000000000000       0x22 /usr/bin/../lib/gcc/arm-none-eabi/4.9.3/armv7e-m/fpu/crti.o
 .ARM.attributes
                0x0000000000000022       0x34 /usr/bin/../lib/gcc/arm-none-eabi/4.9.3/armv7e-m/fpu/crtbegin.o
 .ARM.attributes
                0x0000000000000056       0x39 build/main.o
 .ARM.attributes
                0x000000000000008f       0x39 build/system_stm32f3xx.o
 .ARM.attributes
                0x00000000000000c8       0x39 build/stm32f3xx_it.o
 .ARM.attributes
                0x0000000000000101       0x39 build/stm32f3xx_ll_utils.o
 .ARM.attributes
                0x000000000000013a       0x21 build/startup_stm32f302x8.o
 .ARM.attributes
                0x000000000000015b       0x34 /usr/bin/../lib/gcc/arm-none-eabi/4.9.3/../../../../arm-none-eabi/lib/armv7e-m/fpu/libc_nano.a(lib_a-init.o)
 .ARM.attributes
                0x000000000000018f       0x22 /usr/bin/../lib/gcc/arm-none-eabi/4.9.3/armv7e-m/fpu/crtn.o
OUTPUT(build/STM32F3.elf elf32-littlearm)

.debug_info     0x0000000000000000     0x270b
 .debug_info    0x0000000000000000     0x1587 build/main.o
 .debug_info    0x0000000000001587      0x42c build/system_stm32f3xx.o
 .debug_info    0x00000000000019b3      0x42c build/stm32f3xx_it.o
 .debug_info    0x0000000000001ddf      0x8af build/stm32f3xx_ll_utils.o
 .debug_info    0x000000000000268e       0x7d build/startup_stm32f302x8.o

.debug_abbrev   0x0000000000000000      0x71e
 .debug_abbrev  0x0000000000000000      0x284 build/main.o
 .debug_abbrev  0x0000000000000284      0x103 build/system_stm32f3xx.o
 .debug_abbrev  0x0000000000000387      0x122 build/stm32f3xx_it.o
 .debug_abbrev  0x00000000000004a9      0x263 build/stm32f3xx_ll_utils.o
 .debug_abbrev  0x000000000000070c       0x12 build/startup_stm32f302x8.o

.debug_loc      0x0000000000000000     0x1ee0
 .debug_loc     0x0000000000000000     0x11b4 build/main.o
 .debug_loc     0x00000000000011b4       0xa0 build/system_stm32f3xx.o
 .debug_loc     0x0000000000001254      0x428 build/stm32f3xx_it.o
 .debug_loc     0x000000000000167c      0x864 build/stm32f3xx_ll_utils.o

.debug_aranges  0x0000000000000000      0x3c0
 .debug_aranges
                0x0000000000000000      0x1e8 build/main.o
 .debug_aranges
                0x00000000000001e8       0x28 build/system_stm32f3xx.o
 .debug_aranges
                0x0000000000000210       0x98 build/stm32f3xx_it.o
 .debug_aranges
                0x00000000000002a8       0xf0 build/stm32f3xx_ll_utils.o
 .debug_aranges
                0x0000000000000398       0x28 build/startup_stm32f302x8.o

.debug_ranges   0x0000000000000000      0x378
 .debug_ranges  0x0000000000000000      0x1d8 build/main.o
 .debug_ranges  0x00000000000001d8       0x18 build/system_stm32f3xx.o
 .debug_ranges  0x00000000000001f0       0x88 build/stm32f3xx_it.o
 .debug_ranges  0x0000000000000278       0xe0 build/stm32f3xx_ll_utils.o
 .debug_ranges  0x0000000000000358       0x20 build/startup_stm32f302x8.o

.debug_line     0x0000000000000000      0xffc
 .debug_line    0x0000000000000000      0x748 build/main.o
 .debug_line    0x0000000000000748      0x149 build/system_stm32f3xx.o
 .debug_line    0x0000000000000891      0x2ad build/stm32f3xx_it.o
 .debug_line    0x0000000000000b3e      0x44a build/stm32f3xx_ll_utils.o
 .debug_line    0x0000000000000f88       0x74 build/startup_stm32f302x8.o

.debug_str      0x0000000000000000     0x1117
 .debug_str     0x0000000000000000      0xc44 build/main.o
                                        0xd0d (size before relaxing)
 .debug_str     0x0000000000000c44       0xb6 build/system_stm32f3xx.o
                                        0x302 (size before relaxing)
 .debug_str     0x0000000000000cfa      0x148 build/stm32f3xx_it.o
                                        0x38e (size before relaxing)
 .debug_str     0x0000000000000e42      0x2d5 build/stm32f3xx_ll_utils.o
                                        0x670 (size before relaxing)

.comment        0x0000000000000000       0x70
 .comment       0x0000000000000000       0x70 build/main.o
                                         0x71 (size before relaxing)
 .comment       0x0000000000000000       0x71 build/system_stm32f3xx.o
 .comment       0x0000000000000000       0x71 build/stm32f3xx_it.o
 .comment       0x0000000000000000       0x71 build/stm32f3xx_ll_utils.o

.debug_frame    0x0000000000000000      0xf4c
 .debug_frame   0x0000000000000000      0x870 build/main.o
 .debug_frame   0x0000000000000870       0x5c build/system_stm32f3xx.o
 .debug_frame   0x00000000000008cc      0x234 build/stm32f3xx_it.o
 .debug_frame   0x0000000000000b00      0x420 build/stm32f3xx_ll_utils.o
 .debug_frame   0x0000000000000f20       0x2c /usr/bin/../lib/gcc/arm-none-eabi/4.9.3/../../../../arm-none-eabi/lib/armv7e-m/fpu/libc_nano.a(lib_a-init.o)

Cross Reference Table

Symbol                                            File
ADC1_IRQHandler                                   build/startup_stm32f302x8.o
AHBPrescTable                                     build/system_stm32f3xx.o
                                                  build/stm32f3xx_ll_utils.o
APBPrescTable                                     build/system_stm32f3xx.o
Activate_SPI                                      build/main.o
Buffercmp8                                        build/main.o
BusFault_Handler                                  build/stm32f3xx_it.o
CAN_RX1_IRQHandler                                build/startup_stm32f302x8.o
CAN_SCE_IRQHandler                                build/startup_stm32f302x8.o
COMP2_IRQHandler                                  build/startup_stm32f302x8.o
COMP4_6_IRQHandler                                build/startup_stm32f302x8.o
Configure_SPI                                     build/main.o
DMA1_Channel1_IRQHandler                          build/startup_stm32f302x8.o
DMA1_Channel2_IRQHandler                          build/startup_stm32f302x8.o
DMA1_Channel3_IRQHandler                          build/startup_stm32f302x8.o
DMA1_Channel4_IRQHandler                          build/startup_stm32f302x8.o
DMA1_Channel5_IRQHandler                          build/startup_stm32f302x8.o
DMA1_Channel6_IRQHandler                          build/startup_stm32f302x8.o
DMA1_Channel7_IRQHandler                          build/startup_stm32f302x8.o
DebugMon_Handler                                  build/stm32f3xx_it.o
Default_Handler                                   build/startup_stm32f302x8.o
EXTI0_IRQHandler                                  build/startup_stm32f302x8.o
EXTI15_10_IRQHandler                              build/stm32f3xx_it.o
EXTI1_IRQHandler                                  build/startup_stm32f302x8.o
EXTI2_TSC_IRQHandler                              build/startup_stm32f302x8.o
EXTI3_IRQHandler                                  build/startup_stm32f302x8.o
EXTI4_IRQHandler                                  build/startup_stm32f302x8.o
EXTI9_5_IRQHandler                                build/startup_stm32f302x8.o
FLASH_IRQHandler                                  build/startup_stm32f302x8.o
FPU_IRQHandler                                    build/startup_stm32f302x8.o
HardFault_Handler                                 build/stm32f3xx_it.o
I2C1_ER_IRQHandler                                build/startup_stm32f302x8.o
I2C1_EV_IRQHandler                                build/startup_stm32f302x8.o
I2C2_ER_IRQHandler                                build/startup_stm32f302x8.o
I2C2_EV_IRQHandler                                build/startup_stm32f302x8.o
I2C3_ER_IRQHandler                                build/startup_stm32f302x8.o
I2C3_EV_IRQHandler                                build/startup_stm32f302x8.o
LED_Blinking                                      build/main.o
LED_Init                                          build/main.o
LED_Off                                           build/main.o
LED_On                                            build/main.o
LL_Init1msTick                                    build/stm32f3xx_ll_utils.o
                                                  build/main.o
LL_PLL_ConfigSystemClock_HSE                      build/stm32f3xx_ll_utils.o
LL_PLL_ConfigSystemClock_HSI                      build/stm32f3xx_ll_utils.o
LL_SetSystemCoreClock                             build/stm32f3xx_ll_utils.o
                                                  build/main.o
LL_mDelay                                         build/stm32f3xx_ll_utils.o
                                                  build/main.o
MemManage_Handler                                 build/stm32f3xx_it.o
NMI_Handler                                       build/stm32f3xx_it.o
PVD_IRQHandler                                    build/startup_stm32f302x8.o
PendSV_Handler                                    build/stm32f3xx_it.o
RCC_IRQHandler                                    build/startup_stm32f302x8.o
RTC_Alarm_IRQHandler                              build/startup_stm32f302x8.o
RTC_WKUP_IRQHandler                               build/startup_stm32f302x8.o
Reset_Handler                                     build/startup_stm32f302x8.o
SPI2_IRQHandler                                   build/startup_stm32f302x8.o
SPI3_IRQHandler                                   build/stm32f3xx_it.o
SPI3_Rx_Callback                                  build/main.o
                                                  build/stm32f3xx_it.o
SPI3_TransferError_Callback                       build/main.o
                                                  build/stm32f3xx_it.o
SPI3_Tx_Callback                                  build/main.o
                                                  build/stm32f3xx_it.o
SVC_Handler                                       build/stm32f3xx_it.o
SysTick_Handler                                   build/stm32f3xx_it.o
SystemClock_Config                                build/main.o
SystemCoreClock                                   build/system_stm32f3xx.o
                                                  build/stm32f3xx_ll_utils.o
SystemCoreClockUpdate                             build/system_stm32f3xx.o
SystemInit                                        build/system_stm32f3xx.o
                                                  build/startup_stm32f302x8.o
TAMP_STAMP_IRQHandler                             build/startup_stm32f302x8.o
TIM1_BRK_TIM15_IRQHandler                         build/startup_stm32f302x8.o
TIM1_CC_IRQHandler                                build/startup_stm32f302x8.o
TIM1_TRG_COM_TIM17_IRQHandler                     build/startup_stm32f302x8.o
TIM1_UP_TIM16_IRQHandler                          build/startup_stm32f302x8.o
TIM2_IRQHandler                                   build/startup_stm32f302x8.o
TIM6_DAC_IRQHandler                               build/startup_stm32f302x8.o
USART1_IRQHandler                                 build/startup_stm32f302x8.o
USART2_IRQHandler                                 build/startup_stm32f302x8.o
USART3_IRQHandler                                 build/startup_stm32f302x8.o
USBWakeUp_IRQHandler                              build/startup_stm32f302x8.o
USBWakeUp_RMP_IRQHandler                          build/startup_stm32f302x8.o
USB_HP_CAN_TX_IRQHandler                          build/startup_stm32f302x8.o
USB_HP_IRQHandler                                 build/startup_stm32f302x8.o
USB_LP_CAN_RX0_IRQHandler                         build/startup_stm32f302x8.o
USB_LP_IRQHandler                                 build/startup_stm32f302x8.o
UsageFault_Handler                                build/stm32f3xx_it.o
UserButton_Callback                               build/main.o
                                                  build/stm32f3xx_it.o
UserButton_Init                                   build/main.o
WWDG_IRQHandler                                   build/startup_stm32f302x8.o
WaitAndCheckEndOfTransfer                         build/main.o
WaitForUserButtonPress                            build/main.o
_Jv_RegisterClasses                               /usr/bin/../lib/gcc/arm-none-eabi/4.9.3/armv7e-m/fpu/crtbegin.o
__bss_end__                                       /usr/bin/../lib/gcc/arm-none-eabi/4.9.3/../../../../arm-none-eabi/lib/armv7e-m/fpu/crt0.o
__bss_start__                                     /usr/bin/../lib/gcc/arm-none-eabi/4.9.3/../../../../arm-none-eabi/lib/armv7e-m/fpu/crt0.o
__call_exitprocs                                  /usr/bin/../lib/gcc/arm-none-eabi/4.9.3/../../../../arm-none-eabi/lib/armv7e-m/fpu/libc_nano.a(lib_a-exit.o)
__deregister_frame_info                           /usr/bin/../lib/gcc/arm-none-eabi/4.9.3/armv7e-m/fpu/crtbegin.o
__dso_handle                                      /usr/bin/../lib/gcc/arm-none-eabi/4.9.3/armv7e-m/fpu/crtbegin.o
__init_array_end                                  /usr/bin/../lib/gcc/arm-none-eabi/4.9.3/../../../../arm-none-eabi/lib/armv7e-m/fpu/libc_nano.a(lib_a-init.o)
__init_array_start                                /usr/bin/../lib/gcc/arm-none-eabi/4.9.3/../../../../arm-none-eabi/lib/armv7e-m/fpu/libc_nano.a(lib_a-init.o)
__libc_fini_array                                 /usr/bin/../lib/gcc/arm-none-eabi/4.9.3/../../../../arm-none-eabi/lib/armv7e-m/fpu/crt0.o
__libc_init_array                                 /usr/bin/../lib/gcc/arm-none-eabi/4.9.3/../../../../arm-none-eabi/lib/armv7e-m/fpu/libc_nano.a(lib_a-init.o)
                                                  build/startup_stm32f302x8.o
                                                  /usr/bin/../lib/gcc/arm-none-eabi/4.9.3/../../../../arm-none-eabi/lib/armv7e-m/fpu/crt0.o
__preinit_array_end                               /usr/bin/../lib/gcc/arm-none-eabi/4.9.3/../../../../arm-none-eabi/lib/armv7e-m/fpu/libc_nano.a(lib_a-init.o)
__preinit_array_start                             /usr/bin/../lib/gcc/arm-none-eabi/4.9.3/../../../../arm-none-eabi/lib/armv7e-m/fpu/libc_nano.a(lib_a-init.o)
__register_frame_info                             /usr/bin/../lib/gcc/arm-none-eabi/4.9.3/armv7e-m/fpu/crtbegin.o
__sf_fake_stderr                                  /usr/bin/../lib/gcc/arm-none-eabi/4.9.3/../../../../arm-none-eabi/lib/armv7e-m/fpu/libc_nano.a(lib_a-impure.o)
__sf_fake_stdin                                   /usr/bin/../lib/gcc/arm-none-eabi/4.9.3/../../../../arm-none-eabi/lib/armv7e-m/fpu/libc_nano.a(lib_a-impure.o)
__sf_fake_stdout                                  /usr/bin/../lib/gcc/arm-none-eabi/4.9.3/../../../../arm-none-eabi/lib/armv7e-m/fpu/libc_nano.a(lib_a-impure.o)
__stack                                           /usr/bin/../lib/gcc/arm-none-eabi/4.9.3/../../../../arm-none-eabi/lib/armv7e-m/fpu/crt0.o
_ebss                                             build/startup_stm32f302x8.o
_edata                                            build/startup_stm32f302x8.o
_estack                                           build/startup_stm32f302x8.o
_exit                                             /usr/bin/../lib/gcc/arm-none-eabi/4.9.3/../../../../arm-none-eabi/lib/armv7e-m/fpu/libnosys.a(_exit.o)
                                                  /usr/bin/../lib/gcc/arm-none-eabi/4.9.3/../../../../arm-none-eabi/lib/armv7e-m/fpu/libc_nano.a(lib_a-exit.o)
_fini                                             /usr/bin/../lib/gcc/arm-none-eabi/4.9.3/armv7e-m/fpu/crti.o
_global_impure_ptr                                /usr/bin/../lib/gcc/arm-none-eabi/4.9.3/../../../../arm-none-eabi/lib/armv7e-m/fpu/libc_nano.a(lib_a-impure.o)
                                                  /usr/bin/../lib/gcc/arm-none-eabi/4.9.3/../../../../arm-none-eabi/lib/armv7e-m/fpu/libc_nano.a(lib_a-exit.o)
_impure_ptr                                       /usr/bin/../lib/gcc/arm-none-eabi/4.9.3/../../../../arm-none-eabi/lib/armv7e-m/fpu/libc_nano.a(lib_a-impure.o)
_init                                             /usr/bin/../lib/gcc/arm-none-eabi/4.9.3/armv7e-m/fpu/crti.o
                                                  /usr/bin/../lib/gcc/arm-none-eabi/4.9.3/../../../../arm-none-eabi/lib/armv7e-m/fpu/libc_nano.a(lib_a-init.o)
_mainCRTStartup                                   /usr/bin/../lib/gcc/arm-none-eabi/4.9.3/../../../../arm-none-eabi/lib/armv7e-m/fpu/crt0.o
_sbss                                             build/startup_stm32f302x8.o
_sdata                                            build/startup_stm32f302x8.o
_sidata                                           build/startup_stm32f302x8.o
_start                                            /usr/bin/../lib/gcc/arm-none-eabi/4.9.3/../../../../arm-none-eabi/lib/armv7e-m/fpu/crt0.o
aRxBuffer                                         build/main.o
aTxBuffer                                         build/main.o
atexit                                            /usr/bin/../lib/gcc/arm-none-eabi/4.9.3/../../../../arm-none-eabi/lib/armv7e-m/fpu/crt0.o
exit                                              /usr/bin/../lib/gcc/arm-none-eabi/4.9.3/../../../../arm-none-eabi/lib/armv7e-m/fpu/libc_nano.a(lib_a-exit.o)
                                                  /usr/bin/../lib/gcc/arm-none-eabi/4.9.3/../../../../arm-none-eabi/lib/armv7e-m/fpu/crt0.o
g_pfnVectors                                      build/startup_stm32f302x8.o
hardware_init_hook                                /usr/bin/../lib/gcc/arm-none-eabi/4.9.3/../../../../arm-none-eabi/lib/armv7e-m/fpu/crt0.o
main                                              build/main.o
                                                  build/startup_stm32f302x8.o
                                                  /usr/bin/../lib/gcc/arm-none-eabi/4.9.3/../../../../arm-none-eabi/lib/armv7e-m/fpu/crt0.o
memset                                            /usr/bin/../lib/gcc/arm-none-eabi/4.9.3/../../../../arm-none-eabi/lib/armv7e-m/fpu/libc_nano.a(lib_a-memset.o)
                                                  /usr/bin/../lib/gcc/arm-none-eabi/4.9.3/../../../../arm-none-eabi/lib/armv7e-m/fpu/crt0.o
software_init_hook                                /usr/bin/../lib/gcc/arm-none-eabi/4.9.3/../../../../arm-none-eabi/lib/armv7e-m/fpu/crt0.o
ubButtonPress                                     build/main.o
ubNbDataToReceive                                 build/main.o
ubNbDataToTransmit                                build/main.o
ubReceiveIndex                                    build/main.o
ubTransmitIndex                                   build/main.o
