Archive member included because of file (symbol)

/usr/bin/../lib/gcc/arm-none-eabi/4.9.3/../../../../arm-none-eabi/lib/armv7e-m/fpu/libc_nano.a(lib_a-exit.o)
                              /usr/bin/../lib/gcc/arm-none-eabi/4.9.3/../../../../arm-none-eabi/lib/armv7e-m/fpu/crt0.o (exit)
/usr/bin/../lib/gcc/arm-none-eabi/4.9.3/../../../../arm-none-eabi/lib/armv7e-m/fpu/libc_nano.a(lib_a-impure.o)
                              /usr/bin/../lib/gcc/arm-none-eabi/4.9.3/../../../../arm-none-eabi/lib/armv7e-m/fpu/libc_nano.a(lib_a-exit.o) (_global_impure_ptr)
/usr/bin/../lib/gcc/arm-none-eabi/4.9.3/../../../../arm-none-eabi/lib/armv7e-m/fpu/libc_nano.a(lib_a-init.o)
                              /usr/bin/../lib/gcc/arm-none-eabi/4.9.3/../../../../arm-none-eabi/lib/armv7e-m/fpu/crt0.o (__libc_init_array)
/usr/bin/../lib/gcc/arm-none-eabi/4.9.3/../../../../arm-none-eabi/lib/armv7e-m/fpu/libc_nano.a(lib_a-memcpy.o)
                              build/SEGGER_RTT.o (memcpy)
/usr/bin/../lib/gcc/arm-none-eabi/4.9.3/../../../../arm-none-eabi/lib/armv7e-m/fpu/libc_nano.a(lib_a-memset.o)
                              /usr/bin/../lib/gcc/arm-none-eabi/4.9.3/../../../../arm-none-eabi/lib/armv7e-m/fpu/crt0.o (memset)
/usr/bin/../lib/gcc/arm-none-eabi/4.9.3/../../../../arm-none-eabi/lib/armv7e-m/fpu/libc_nano.a(lib_a-sprintf.o)
                              build/main.o (sprintf)
/usr/bin/../lib/gcc/arm-none-eabi/4.9.3/../../../../arm-none-eabi/lib/armv7e-m/fpu/libc_nano.a(lib_a-strlen.o)
                              build/SEGGER_RTT.o (strlen)
/usr/bin/../lib/gcc/arm-none-eabi/4.9.3/../../../../arm-none-eabi/lib/armv7e-m/fpu/libc_nano.a(lib_a-nano-svfprintf.o)
                              /usr/bin/../lib/gcc/arm-none-eabi/4.9.3/../../../../arm-none-eabi/lib/armv7e-m/fpu/libc_nano.a(lib_a-sprintf.o) (_svfprintf_r)
/usr/bin/../lib/gcc/arm-none-eabi/4.9.3/../../../../arm-none-eabi/lib/armv7e-m/fpu/libc_nano.a(lib_a-nano-vfprintf_i.o)
                              /usr/bin/../lib/gcc/arm-none-eabi/4.9.3/../../../../arm-none-eabi/lib/armv7e-m/fpu/libc_nano.a(lib_a-nano-svfprintf.o) (_printf_i)
/usr/bin/../lib/gcc/arm-none-eabi/4.9.3/../../../../arm-none-eabi/lib/armv7e-m/fpu/libc_nano.a(lib_a-memchr.o)
                              /usr/bin/../lib/gcc/arm-none-eabi/4.9.3/../../../../arm-none-eabi/lib/armv7e-m/fpu/libc_nano.a(lib_a-nano-svfprintf.o) (memchr)
/usr/bin/../lib/gcc/arm-none-eabi/4.9.3/../../../../arm-none-eabi/lib/armv7e-m/fpu/libc_nano.a(lib_a-memmove.o)
                              /usr/bin/../lib/gcc/arm-none-eabi/4.9.3/../../../../arm-none-eabi/lib/armv7e-m/fpu/libc_nano.a(lib_a-nano-svfprintf.o) (memmove)
/usr/bin/../lib/gcc/arm-none-eabi/4.9.3/../../../../arm-none-eabi/lib/armv7e-m/fpu/libc_nano.a(lib_a-nano-freer.o)
                              /usr/bin/../lib/gcc/arm-none-eabi/4.9.3/../../../../arm-none-eabi/lib/armv7e-m/fpu/libc_nano.a(lib_a-nano-svfprintf.o) (_free_r)
/usr/bin/../lib/gcc/arm-none-eabi/4.9.3/../../../../arm-none-eabi/lib/armv7e-m/fpu/libc_nano.a(lib_a-nano-mallocr.o)
                              /usr/bin/../lib/gcc/arm-none-eabi/4.9.3/../../../../arm-none-eabi/lib/armv7e-m/fpu/libc_nano.a(lib_a-nano-svfprintf.o) (_malloc_r)
/usr/bin/../lib/gcc/arm-none-eabi/4.9.3/../../../../arm-none-eabi/lib/armv7e-m/fpu/libc_nano.a(lib_a-nano-reallocr.o)
                              /usr/bin/../lib/gcc/arm-none-eabi/4.9.3/../../../../arm-none-eabi/lib/armv7e-m/fpu/libc_nano.a(lib_a-nano-svfprintf.o) (_realloc_r)
/usr/bin/../lib/gcc/arm-none-eabi/4.9.3/../../../../arm-none-eabi/lib/armv7e-m/fpu/libc_nano.a(lib_a-sbrkr.o)
                              /usr/bin/../lib/gcc/arm-none-eabi/4.9.3/../../../../arm-none-eabi/lib/armv7e-m/fpu/libc_nano.a(lib_a-nano-mallocr.o) (_sbrk_r)
/usr/bin/../lib/gcc/arm-none-eabi/4.9.3/../../../../arm-none-eabi/lib/armv7e-m/fpu/libc_nano.a(lib_a-nano-msizer.o)
                              /usr/bin/../lib/gcc/arm-none-eabi/4.9.3/../../../../arm-none-eabi/lib/armv7e-m/fpu/libc_nano.a(lib_a-nano-reallocr.o) (_malloc_usable_size_r)
/usr/bin/../lib/gcc/arm-none-eabi/4.9.3/../../../../arm-none-eabi/lib/armv7e-m/fpu/libc_nano.a(lib_a-reent.o)
                              /usr/bin/../lib/gcc/arm-none-eabi/4.9.3/../../../../arm-none-eabi/lib/armv7e-m/fpu/libc_nano.a(lib_a-sbrkr.o) (errno)
/usr/bin/../lib/gcc/arm-none-eabi/4.9.3/../../../../arm-none-eabi/lib/armv7e-m/fpu/libnosys.a(sbrk.o)
                              /usr/bin/../lib/gcc/arm-none-eabi/4.9.3/../../../../arm-none-eabi/lib/armv7e-m/fpu/libc_nano.a(lib_a-sbrkr.o) (_sbrk)
/usr/bin/../lib/gcc/arm-none-eabi/4.9.3/../../../../arm-none-eabi/lib/armv7e-m/fpu/libnosys.a(_exit.o)
                              /usr/bin/../lib/gcc/arm-none-eabi/4.9.3/../../../../arm-none-eabi/lib/armv7e-m/fpu/libc_nano.a(lib_a-exit.o) (_exit)
/usr/bin/../lib/gcc/arm-none-eabi/4.9.3/armv7e-m/fpu/libgcc.a(_arm_addsubdf3.o)
                              build/main.o (__aeabi_dadd)
[...]
Memory Configuration

Name             Origin             Length             Attributes
RAM              0x0000000020000000 0x0000000000004000 xrw
FLASH            0x0000000008000000 0x0000000000010000 xr
*default*        0x0000000000000000 0xffffffffffffffff

Linker script and memory map

LOAD /usr/bin/../lib/gcc/arm-none-eabi/4.9.3/armv7e-m/fpu/crti.o
LOAD /usr/bin/../lib/gcc/arm-none-eabi/4.9.3/armv7e-m/fpu/crtbegin.o
LOAD /usr/bin/../lib/gcc/arm-none-eabi/4.9.3/../../../../arm-none-eabi/lib/armv7e-m/fpu/crt0.o
LOAD build/stm32f3xx_hal_msp.o
LOAD build/stm32f3xx_hal_timebase_TIM.o
LOAD build/main.o
LOAD build/lcd_spi.o
LOAD build/system_stm32f3xx.o
LOAD build/stm32f3xx_it.o
LOAD build/ILI9341_GFX.o
LOAD build/ILI9341_STM32_Driver.o
LOAD build/stm32f3xx_hal_tim_ex.o
LOAD build/stm32f3xx_hal.o
LOAD build/stm32f3xx_hal_cortex.o
LOAD build/stm32f3xx_hal_flash.o
LOAD build/stm32f3xx_hal_rcc.o
LOAD build/stm32f3xx_hal_i2c_ex.o
LOAD build/stm32f3xx_hal_pwr_ex.o
LOAD build/stm32f3xx_hal_gpio.o
LOAD build/stm32f3xx_hal_adc_ex.o
LOAD build/stm32f3xx_hal_uart_ex.o
LOAD build/stm32f3xx_hal_pwr.o
LOAD build/stm32f3xx_hal_dma.o
LOAD build/stm32f3xx_hal_i2c.o
LOAD build/stm32f3xx_hal_adc.o
LOAD build/stm32f3xx_hal_uart.o
LOAD build/stm32f3xx_hal_tim.o
LOAD build/stm32f3xx_hal_rcc_ex.o
LOAD build/stm32f3xx_hal_flash_ex.o
LOAD build/stm32f3xx_hal_spi.o
LOAD build/SEGGER_RTT.o
LOAD build/SEGGER_SYSVIEW.o
LOAD build/SEGGER_SYSVIEW_Config_NoOS.o
LOAD build/startup_stm32f302x8.o
LOAD /usr/bin/../lib/gcc/arm-none-eabi/4.9.3/../../../../arm-none-eabi/lib/armv7e-m/fpu/libc_nano.a
LOAD /usr/bin/../lib/gcc/arm-none-eabi/4.9.3/../../../../arm-none-eabi/lib/armv7e-m/fpu/libm.a
LOAD /usr/bin/../lib/gcc/arm-none-eabi/4.9.3/../../../../arm-none-eabi/lib/armv7e-m/fpu/libnosys.a
START GROUP
LOAD /usr/bin/../lib/gcc/arm-none-eabi/4.9.3/armv7e-m/fpu/libgcc.a
LOAD /usr/bin/../lib/gcc/arm-none-eabi/4.9.3/../../../../arm-none-eabi/lib/armv7e-m/fpu/libc_nano.a
END GROUP
START GROUP
LOAD /usr/bin/../lib/gcc/arm-none-eabi/4.9.3/armv7e-m/fpu/libgcc.a
LOAD /usr/bin/../lib/gcc/arm-none-eabi/4.9.3/../../../../arm-none-eabi/lib/armv7e-m/fpu/libc_nano.a
END GROUP
LOAD /usr/bin/../lib/gcc/arm-none-eabi/4.9.3/armv7e-m/fpu/crtend.o
LOAD /usr/bin/../lib/gcc/arm-none-eabi/4.9.3/armv7e-m/fpu/crtn.o
                0x0000000020004000                _estack = 0x20004000
                0x0000000000000200                _Min_Heap_Size = 0x200
                0x0000000000000400                _Min_Stack_Size = 0x400

.isr_vector     0x0000000008000000      0x188
                0x0000000008000000                . = ALIGN (0x4)
 *(.isr_vector)
 .isr_vector    0x0000000008000000      0x188 build/startup_stm32f302x8.o
                0x0000000008000000                g_pfnVectors
                0x0000000008000188                . = ALIGN (0x4)

.text           0x0000000008000188     0x58f0
                0x0000000008000188                . = ALIGN (0x4)
 *(.text)
 .text          0x0000000008000188       0x5c /usr/bin/../lib/gcc/arm-none-eabi/4.9.3/armv7e-m/fpu/crtbegin.o
 .text          0x00000000080001e4      0x370 /usr/bin/../lib/gcc/arm-none-eabi/4.9.3/armv7e-m/fpu/libgcc.a(_arm_addsubdf3.o)
                0x00000000080001e4                __aeabi_drsub
                0x00000000080001ec                __aeabi_dsub
                0x00000000080001ec                __subdf3
                0x00000000080001f0                __adddf3
                0x00000000080001f0                __aeabi_dadd
                0x0000000008000468                __aeabi_ui2d
                0x0000000008000468                __floatunsidf
                0x0000000008000488                __floatsidf
                0x0000000008000488                __aeabi_i2d
                0x00000000080004ac                __extendsfdf2
                0x00000000080004ac                __aeabi_f2d
                0x00000000080004e8                __aeabi_ul2d
                0x00000000080004e8                __floatundidf
                0x00000000080004f8                __floatdidf
                0x00000000080004f8                __aeabi_l2d
 .text          0x0000000008000554      0x424 /usr/bin/../lib/gcc/arm-none-eabi/4.9.3/armv7e-m/fpu/libgcc.a(_arm_muldivdf3.o)
                0x0000000008000554                __aeabi_dmul
                0x0000000008000554                __muldf3
                0x00000000080007a8                __aeabi_ddiv
                0x00000000080007a8                __divdf3
 *(.text*)
 .text.HAL_MspInit
                0x0000000008000978       0x84 build/stm32f3xx_hal_msp.o
                0x0000000008000978                HAL_MspInit
 .text.HAL_UART_MspInit
                0x00000000080009fc       0xa8 build/stm32f3xx_hal_msp.o
                0x00000000080009fc                HAL_UART_MspInit
 .text.HAL_InitTick
                0x0000000008000aa4       0xac build/stm32f3xx_hal_timebase_TIM.o
                0x0000000008000aa4                HAL_InitTick
 .text.main     0x0000000008000b50      0x820 build/main.o
                0x0000000008000b50                main
 .text.SystemClock_Config
                0x0000000008001370       0x90 build/main.o
                0x0000000008001370                SystemClock_Config
 .text.MX_USART1_UART_Init
                0x0000000008001400       0x5c build/main.o
 .text.MX_GPIO_Init
                0x000000000800145c      0x130 build/main.o
 .text.HAL_TIM_PeriodElapsedCallback
                0x000000000800158c       0x14 build/main.o
                0x000000000800158c                HAL_TIM_PeriodElapsedCallback
 .text.Error_Handler
                0x00000000080015a0        0x8 build/main.o
                0x00000000080015a0                Error_Handler
 .text.LCD_SPI_Init
                0x00000000080015a8       0x78 build/lcd_spi.o
                0x00000000080015a8                LCD_SPI_Init
 .text.HAL_SPI_MspInit
                0x0000000008001620       0x60 build/lcd_spi.o
                0x0000000008001620                HAL_SPI_MspInit
 .text.SystemInit
                0x0000000008001680       0x94 build/system_stm32f3xx.o
                0x0000000008001680                SystemInit
 .text.SysTick_Handler
                0x0000000008001714       0x10 build/stm32f3xx_it.o
                0x0000000008001714                SysTick_Handler
 .text.TIM1_UP_TIM16_IRQHandler
                0x0000000008001724       0x10 build/stm32f3xx_it.o
                0x0000000008001724                TIM1_UP_TIM16_IRQHandler
 .text.ILI9341_Draw_Hollow_Rectangle_Coord
                0x0000000008001734      0x104 build/ILI9341_GFX.o
                0x0000000008001734                ILI9341_Draw_Hollow_Rectangle_Coord
 .text.ILI9341_Draw_Filled_Rectangle_Coord
                0x0000000008001838       0xbc build/ILI9341_GFX.o
                0x0000000008001838                ILI9341_Draw_Filled_Rectangle_Coord
 .text.ILI9341_Draw_Char
                0x00000000080018f4      0x138 build/ILI9341_GFX.o
                0x00000000080018f4                ILI9341_Draw_Char
 .text.ILI9341_Draw_Text
                0x0000000008001a2c       0x5c build/ILI9341_GFX.o
                0x0000000008001a2c                ILI9341_Draw_Text
 .text.ILI9341_SPI_Init
                0x0000000008001a88       0x18 build/ILI9341_STM32_Driver.o
                0x0000000008001a88                ILI9341_SPI_Init
 .text.ILI9341_SPI_Send
                0x0000000008001aa0       0x24 build/ILI9341_STM32_Driver.o
                0x0000000008001aa0                ILI9341_SPI_Send
 .text.ILI9341_Write_Command
                0x0000000008001ac4       0x40 build/ILI9341_STM32_Driver.o
                0x0000000008001ac4                ILI9341_Write_Command
 .text.ILI9341_Write_Data
                0x0000000008001b04       0x40 build/ILI9341_STM32_Driver.o
                0x0000000008001b04                ILI9341_Write_Data
 .text.ILI9341_Set_Address
                0x0000000008001b44       0x98 build/ILI9341_STM32_Driver.o
                0x0000000008001b44                ILI9341_Set_Address
 .text.ILI9341_Reset
                0x0000000008001bdc       0x3c build/ILI9341_STM32_Driver.o
                0x0000000008001bdc                ILI9341_Reset
 .text.ILI9341_Set_Rotation
                0x0000000008001c18       0xa0 build/ILI9341_STM32_Driver.o
                0x0000000008001c18                ILI9341_Set_Rotation
 .text.ILI9341_Enable
                0x0000000008001cb8       0x14 build/ILI9341_STM32_Driver.o
                0x0000000008001cb8                ILI9341_Enable
 .text.ILI9341_Init
                0x0000000008001ccc      0x218 build/ILI9341_STM32_Driver.o
                0x0000000008001ccc                ILI9341_Init
 .text.ILI9341_Draw_Colour_Burst
                0x0000000008001ee4      0x130 build/ILI9341_STM32_Driver.o
                0x0000000008001ee4                ILI9341_Draw_Colour_Burst
 .text.ILI9341_Fill_Screen
                0x0000000008002014       0x4c build/ILI9341_STM32_Driver.o
                0x0000000008002014                ILI9341_Fill_Screen
 .text.ILI9341_Draw_Pixel
                0x0000000008002060      0x1ac build/ILI9341_STM32_Driver.o
                0x0000000008002060                ILI9341_Draw_Pixel
 .text.ILI9341_Draw_Rectangle
                0x000000000800220c       0xbc build/ILI9341_STM32_Driver.o
                0x000000000800220c                ILI9341_Draw_Rectangle
 .text.ILI9341_Draw_Horizontal_Line
                0x00000000080022c8       0x88 build/ILI9341_STM32_Driver.o
                0x00000000080022c8                ILI9341_Draw_Horizontal_Line
 .text.ILI9341_Draw_Vertical_Line
                0x0000000008002350       0x88 build/ILI9341_STM32_Driver.o
                0x0000000008002350                ILI9341_Draw_Vertical_Line
 .text.HAL_TIMEx_CommutationCallback
                0x00000000080023d8       0x14 build/stm32f3xx_hal_tim_ex.o
                0x00000000080023d8                HAL_TIMEx_CommutationCallback
 .text.HAL_TIMEx_BreakCallback
                0x00000000080023ec       0x14 build/stm32f3xx_hal_tim_ex.o
                0x00000000080023ec                HAL_TIMEx_BreakCallback
 .text.HAL_TIMEx_Break2Callback
                0x0000000008002400       0x14 build/stm32f3xx_hal_tim_ex.o
                0x0000000008002400                HAL_TIMEx_Break2Callback
 .text.HAL_Init
                0x0000000008002414       0x2c build/stm32f3xx_hal.o
                0x0000000008002414                HAL_Init
 .text.HAL_IncTick
                0x0000000008002440       0x1c build/stm32f3xx_hal.o
                0x0000000008002440                HAL_IncTick
 .text.HAL_GetTick
                0x000000000800245c       0x18 build/stm32f3xx_hal.o
                0x000000000800245c                HAL_GetTick
 .text.HAL_Delay
                0x0000000008002474       0x38 build/stm32f3xx_hal.o
                0x0000000008002474                HAL_Delay
 .text.NVIC_SetPriorityGrouping
                0x00000000080024ac       0x48 build/stm32f3xx_hal_cortex.o
 .text.NVIC_GetPriorityGrouping
                0x00000000080024f4       0x1c build/stm32f3xx_hal_cortex.o
 .text.NVIC_EnableIRQ
                0x0000000008002510       0x30 build/stm32f3xx_hal_cortex.o
 .text.NVIC_SetPriority
                0x0000000008002540       0x54 build/stm32f3xx_hal_cortex.o
 .text.NVIC_EncodePriority
                0x0000000008002594       0x64 build/stm32f3xx_hal_cortex.o
 .text.SysTick_Config
                0x00000000080025f8       0x44 build/stm32f3xx_hal_cortex.o
 .text.HAL_NVIC_SetPriorityGrouping
                0x000000000800263c       0x14 build/stm32f3xx_hal_cortex.o
                0x000000000800263c                HAL_NVIC_SetPriorityGrouping
 .text.HAL_NVIC_SetPriority
                0x0000000008002650       0x38 build/stm32f3xx_hal_cortex.o
                0x0000000008002650                HAL_NVIC_SetPriority
 .text.HAL_NVIC_EnableIRQ
                0x0000000008002688       0x1c build/stm32f3xx_hal_cortex.o
                0x0000000008002688                HAL_NVIC_EnableIRQ
 .text.HAL_SYSTICK_Config
                0x00000000080026a4       0x18 build/stm32f3xx_hal_cortex.o
                0x00000000080026a4                HAL_SYSTICK_Config
 .text.HAL_SYSTICK_CLKSourceConfig
                0x00000000080026bc       0x38 build/stm32f3xx_hal_cortex.o
                0x00000000080026bc                HAL_SYSTICK_CLKSourceConfig
 .text.HAL_SYSTICK_IRQHandler
                0x00000000080026f4        0xc build/stm32f3xx_hal_cortex.o
                0x00000000080026f4                HAL_SYSTICK_IRQHandler
 .text.HAL_SYSTICK_Callback
                0x0000000008002700        0xc build/stm32f3xx_hal_cortex.o
                0x0000000008002700                HAL_SYSTICK_Callback
 .text.HAL_RCC_OscConfig
                0x000000000800270c     0x1198 build/stm32f3xx_hal_rcc.o
                0x000000000800270c                HAL_RCC_OscConfig
 .text.HAL_RCC_ClockConfig
                0x00000000080038a4      0x404 build/stm32f3xx_hal_rcc.o
                0x00000000080038a4                HAL_RCC_ClockConfig
 .text.HAL_RCC_GetSysClockFreq
                0x0000000008003ca8       0xd4 build/stm32f3xx_hal_rcc.o
                0x0000000008003ca8                HAL_RCC_GetSysClockFreq
 .text.HAL_RCC_GetHCLKFreq
                0x0000000008003d7c       0x18 build/stm32f3xx_hal_rcc.o
                0x0000000008003d7c                HAL_RCC_GetHCLKFreq
 .text.HAL_RCC_GetPCLK1Freq
                0x0000000008003d94       0x44 build/stm32f3xx_hal_rcc.o
                0x0000000008003d94                HAL_RCC_GetPCLK1Freq
 .text.HAL_RCC_GetPCLK2Freq
                0x0000000008003dd8       0x44 build/stm32f3xx_hal_rcc.o
                0x0000000008003dd8                HAL_RCC_GetPCLK2Freq
 .text.HAL_RCC_GetClockConfig
                0x0000000008003e1c       0x60 build/stm32f3xx_hal_rcc.o
                0x0000000008003e1c                HAL_RCC_GetClockConfig
 .text.HAL_GPIO_Init
                0x0000000008003e7c      0x2e0 build/stm32f3xx_hal_gpio.o
                0x0000000008003e7c                HAL_GPIO_Init
 .text.HAL_GPIO_WritePin
                0x000000000800415c       0x30 build/stm32f3xx_hal_gpio.o
                0x000000000800415c                HAL_GPIO_WritePin
 .text.HAL_UART_Init
                0x000000000800418c       0xa4 build/stm32f3xx_hal_uart.o
                0x000000000800418c                HAL_UART_Init
 .text.UART_SetConfig
                0x0000000008004230      0x2c8 build/stm32f3xx_hal_uart.o
                0x0000000008004230                UART_SetConfig
 .text.UART_AdvFeatureConfig
                0x00000000080044f8      0x144 build/stm32f3xx_hal_uart.o
                0x00000000080044f8                UART_AdvFeatureConfig
 .text.UART_CheckIdleState
                0x000000000800463c       0x94 build/stm32f3xx_hal_uart.o
                0x000000000800463c                UART_CheckIdleState
 .text.UART_WaitOnFlagUntilTimeout
                0x00000000080046d0       0x94 build/stm32f3xx_hal_uart.o
                0x00000000080046d0                UART_WaitOnFlagUntilTimeout
 .text.HAL_TIM_Base_Init
                0x0000000008004764       0x58 build/stm32f3xx_hal_tim.o
                0x0000000008004764                HAL_TIM_Base_Init
 .text.HAL_TIM_Base_MspInit
                0x00000000080047bc       0x14 build/stm32f3xx_hal_tim.o
                0x00000000080047bc                HAL_TIM_Base_MspInit
 .text.HAL_TIM_Base_Start_IT
                0x00000000080047d0       0x38 build/stm32f3xx_hal_tim.o
                0x00000000080047d0                HAL_TIM_Base_Start_IT
 .text.HAL_TIM_IRQHandler
                0x0000000008004808      0x23c build/stm32f3xx_hal_tim.o
                0x0000000008004808                HAL_TIM_IRQHandler
 .text.HAL_TIM_OC_DelayElapsedCallback
                0x0000000008004a44       0x14 build/stm32f3xx_hal_tim.o
                0x0000000008004a44                HAL_TIM_OC_DelayElapsedCallback
 .text.HAL_TIM_IC_CaptureCallback
                0x0000000008004a58       0x14 build/stm32f3xx_hal_tim.o
                0x0000000008004a58                HAL_TIM_IC_CaptureCallback
 .text.HAL_TIM_PWM_PulseFinishedCallback
                0x0000000008004a6c       0x14 build/stm32f3xx_hal_tim.o
                0x0000000008004a6c                HAL_TIM_PWM_PulseFinishedCallback
 .text.HAL_TIM_TriggerCallback
                0x0000000008004a80       0x14 build/stm32f3xx_hal_tim.o
                0x0000000008004a80                HAL_TIM_TriggerCallback
 .text.TIM_Base_SetConfig
                0x0000000008004a94       0xdc build/stm32f3xx_hal_tim.o
                0x0000000008004a94                TIM_Base_SetConfig
 .text.HAL_SPI_Init
                0x0000000008004b70      0x120 build/stm32f3xx_hal_spi.o
                0x0000000008004b70                HAL_SPI_Init
 .text.HAL_SPI_Transmit
                0x0000000008004c90      0x2ac build/stm32f3xx_hal_spi.o
                0x0000000008004c90                HAL_SPI_Transmit
 .text.SPI_WaitFlagStateUntilTimeout
                0x0000000008004f3c       0xd0 build/stm32f3xx_hal_spi.o
 .text.SPI_WaitFifoStateUntilTimeout
                0x000000000800500c       0xe0 build/stm32f3xx_hal_spi.o
 .text.SPI_EndRxTxTransaction
                0x00000000080050ec       0x8c build/stm32f3xx_hal_spi.o
 .text.Reset_Handler
                0x0000000008005178       0x50 build/startup_stm32f302x8.o
                0x0000000008005178                Reset_Handler
 .text.Default_Handler
                0x00000000080051c8        0x2 build/startup_stm32f302x8.o
                0x00000000080051c8                RTC_Alarm_IRQHandler
                0x00000000080051c8                DebugMon_Handler
                0x00000000080051c8                TIM1_CC_IRQHandler
                0x00000000080051c8                HardFault_Handler
                0x00000000080051c8                USB_HP_IRQHandler
                0x00000000080051c8                PVD_IRQHandler
                0x00000000080051c8                TAMP_STAMP_IRQHandler
                0x00000000080051c8                PendSV_Handler
                0x00000000080051c8                NMI_Handler
                0x00000000080051c8                EXTI3_IRQHandler
                0x00000000080051c8                I2C3_ER_IRQHandler
                0x00000000080051c8                USB_HP_CAN_TX_IRQHandler
                0x00000000080051c8                EXTI0_IRQHandler
                0x00000000080051c8                I2C2_EV_IRQHandler
                0x00000000080051c8                FPU_IRQHandler
                0x00000000080051c8                UsageFault_Handler
                0x00000000080051c8                CAN_SCE_IRQHandler
                0x00000000080051c8                TIM6_DAC_IRQHandler
                0x00000000080051c8                DMA1_Channel4_IRQHandler
                0x00000000080051c8                ADC1_IRQHandler
                0x00000000080051c8                USART3_IRQHandler
                0x00000000080051c8                DMA1_Channel7_IRQHandler
                0x00000000080051c8                CAN_RX1_IRQHandler
                0x00000000080051c8                I2C1_EV_IRQHandler
                0x00000000080051c8                DMA1_Channel6_IRQHandler
                0x00000000080051c8                RCC_IRQHandler
                0x00000000080051c8                DMA1_Channel1_IRQHandler
                0x00000000080051c8                Default_Handler
                0x00000000080051c8                USBWakeUp_RMP_IRQHandler
                0x00000000080051c8                EXTI15_10_IRQHandler
                0x00000000080051c8                COMP2_IRQHandler
                0x00000000080051c8                I2C3_EV_IRQHandler
                0x00000000080051c8                EXTI9_5_IRQHandler
                0x00000000080051c8                RTC_WKUP_IRQHandler
                0x00000000080051c8                SPI2_IRQHandler
                0x00000000080051c8                USB_LP_CAN_RX0_IRQHandler
                0x00000000080051c8                MemManage_Handler
                0x00000000080051c8                SVC_Handler
                0x00000000080051c8                DMA1_Channel5_IRQHandler
                0x00000000080051c8                USB_LP_IRQHandler
                0x00000000080051c8                EXTI4_IRQHandler
                0x00000000080051c8                TIM1_TRG_COM_TIM17_IRQHandler
                0x00000000080051c8                DMA1_Channel3_IRQHandler
                0x00000000080051c8                WWDG_IRQHandler
                0x00000000080051c8                TIM2_IRQHandler
                0x00000000080051c8                EXTI1_IRQHandler
                0x00000000080051c8                COMP4_6_IRQHandler
                0x00000000080051c8                USART2_IRQHandler
                0x00000000080051c8                I2C2_ER_IRQHandler
                0x00000000080051c8                DMA1_Channel2_IRQHandler
                0x00000000080051c8                FLASH_IRQHandler
                0x00000000080051c8                BusFault_Handler
                0x00000000080051c8                USART1_IRQHandler
                0x00000000080051c8                SPI3_IRQHandler
                0x00000000080051c8                I2C1_ER_IRQHandler
                0x00000000080051c8                USBWakeUp_IRQHandler
                0x00000000080051c8                EXTI2_TSC_IRQHandler
                0x00000000080051c8                TIM1_BRK_TIM15_IRQHandler
 *fill*         0x00000000080051ca        0x2 
 .text.__libc_init_array
                0x00000000080051cc       0x4c /usr/bin/../lib/gcc/arm-none-eabi/4.9.3/../../../../arm-none-eabi/lib/armv7e-m/fpu/libc_nano.a(lib_a-init.o)
                0x00000000080051cc                __libc_init_array
 .text.memcpy   0x0000000008005218       0x16 /usr/bin/../lib/gcc/arm-none-eabi/4.9.3/../../../../arm-none-eabi/lib/armv7e-m/fpu/libc_nano.a(lib_a-memcpy.o)
                0x0000000008005218                memcpy
 *fill*         0x000000000800522e        0x2 
 .text.sprintf  0x0000000008005230       0x48 /usr/bin/../lib/gcc/arm-none-eabi/4.9.3/../../../../arm-none-eabi/lib/armv7e-m/fpu/libc_nano.a(lib_a-sprintf.o)
                0x0000000008005230                sprintf
                0x0000000008005230                siprintf
 .text.__ssputs_r
                0x0000000008005278       0xb2 /usr/bin/../lib/gcc/arm-none-eabi/4.9.3/../../../../arm-none-eabi/lib/armv7e-m/fpu/libc_nano.a(lib_a-nano-svfprintf.o)
                0x0000000008005278                __ssputs_r
 *fill*         0x000000000800532a        0x2 
 .text._svfprintf_r
                0x000000000800532c      0x1e4 /usr/bin/../lib/gcc/arm-none-eabi/4.9.3/../../../../arm-none-eabi/lib/armv7e-m/fpu/libc_nano.a(lib_a-nano-svfprintf.o)
                0x000000000800532c                _svfprintf_r
                0x000000000800532c                _svfiprintf_r
 .text._printf_common
                0x0000000008005510       0xea /usr/bin/../lib/gcc/arm-none-eabi/4.9.3/../../../../arm-none-eabi/lib/armv7e-m/fpu/libc_nano.a(lib_a-nano-vfprintf_i.o)
                0x0000000008005510                _printf_common
 *fill*         0x00000000080055fa        0x2 
 .text._printf_i
                0x00000000080055fc      0x240 /usr/bin/../lib/gcc/arm-none-eabi/4.9.3/../../../../arm-none-eabi/lib/armv7e-m/fpu/libc_nano.a(lib_a-nano-vfprintf_i.o)
                0x00000000080055fc                _printf_i
 .text.memchr   0x000000000800583c       0x1e /usr/bin/../lib/gcc/arm-none-eabi/4.9.3/../../../../arm-none-eabi/lib/armv7e-m/fpu/libc_nano.a(lib_a-memchr.o)
                0x000000000800583c                memchr
 .text.memmove  0x000000000800585a       0x36 /usr/bin/../lib/gcc/arm-none-eabi/4.9.3/../../../../arm-none-eabi/lib/armv7e-m/fpu/libc_nano.a(lib_a-memmove.o)
                0x000000000800585a                memmove
 .text._free_r  0x0000000008005890       0x88 /usr/bin/../lib/gcc/arm-none-eabi/4.9.3/../../../../arm-none-eabi/lib/armv7e-m/fpu/libc_nano.a(lib_a-nano-freer.o)
                0x0000000008005890                _free_r
 .text._malloc_r
                0x0000000008005918       0xac /usr/bin/../lib/gcc/arm-none-eabi/4.9.3/../../../../arm-none-eabi/lib/armv7e-m/fpu/libc_nano.a(lib_a-nano-mallocr.o)
                0x0000000008005918                _malloc_r
 .text._realloc_r
                0x00000000080059c4       0x4c /usr/bin/../lib/gcc/arm-none-eabi/4.9.3/../../../../arm-none-eabi/lib/armv7e-m/fpu/libc_nano.a(lib_a-nano-reallocr.o)
                0x00000000080059c4                _realloc_r
 .text._sbrk_r  0x0000000008005a10       0x20 /usr/bin/../lib/gcc/arm-none-eabi/4.9.3/../../../../arm-none-eabi/lib/armv7e-m/fpu/libc_nano.a(lib_a-sbrkr.o)
                0x0000000008005a10                _sbrk_r
 .text._malloc_usable_size_r
                0x0000000008005a30       0x14 /usr/bin/../lib/gcc/arm-none-eabi/4.9.3/../../../../arm-none-eabi/lib/armv7e-m/fpu/libc_nano.a(lib_a-nano-msizer.o)
                0x0000000008005a30                _malloc_usable_size_r
 .text._sbrk    0x0000000008005a44       0x1c /usr/bin/../lib/gcc/arm-none-eabi/4.9.3/../../../../arm-none-eabi/lib/armv7e-m/fpu/libnosys.a(sbrk.o)
                0x0000000008005a44                _sbrk
 *(.glue_7)
 .glue_7        0x0000000000000000        0x0 linker stubs
 *(.glue_7t)
 .glue_7t       0x0000000000000000        0x0 linker stubs
 *(.eh_frame)
 .eh_frame      0x0000000008005a60        0x0 /usr/bin/../lib/gcc/arm-none-eabi/4.9.3/armv7e-m/fpu/crtbegin.o
 *(.init)
 .init          0x0000000008005a60        0x4 /usr/bin/../lib/gcc/arm-none-eabi/4.9.3/armv7e-m/fpu/crti.o
                0x0000000008005a60                _init
 .init          0x0000000008005a64        0x8 /usr/bin/../lib/gcc/arm-none-eabi/4.9.3/armv7e-m/fpu/crtn.o
 *(.fini)
 .fini          0x0000000008005a6c        0x4 /usr/bin/../lib/gcc/arm-none-eabi/4.9.3/armv7e-m/fpu/crti.o
                0x0000000008005a6c                _fini
 .fini          0x0000000008005a70        0x8 /usr/bin/../lib/gcc/arm-none-eabi/4.9.3/armv7e-m/fpu/crtn.o
                0x0000000008005a78                . = ALIGN (0x4)
                0x0000000008005a78                _etext = .

.vfp11_veneer   0x0000000008005a78        0x0
 .vfp11_veneer  0x0000000000000000        0x0 linker stubs

.v4_bx          0x0000000008005a78        0x0
 .v4_bx         0x0000000000000000        0x0 linker stubs

.iplt           0x0000000008005a78        0x0
 .iplt          0x0000000000000000        0x0 /usr/bin/../lib/gcc/arm-none-eabi/4.9.3/armv7e-m/fpu/crtbegin.o

.rodata         0x0000000008005a78      0x440
                0x0000000008005a78                . = ALIGN (0x4)
 *(.rodata)
 .rodata        0x0000000008005a78      0x18e build/main.o
 *(.rodata*)
 *fill*         0x0000000008005c06        0x2 
 .rodata.AHBPrescTable
                0x0000000008005c08       0x10 build/system_stm32f3xx.o
                0x0000000008005c08                AHBPrescTable
 .rodata.APBPrescTable
                0x0000000008005c18        0x8 build/system_stm32f3xx.o
                0x0000000008005c18                APBPrescTable
 .rodata.font   0x0000000008005c20      0x240 build/ILI9341_GFX.o
 .rodata.aPLLMULFactorTable
                0x0000000008005e60       0x10 build/stm32f3xx_hal_rcc.o
                0x0000000008005e60                aPLLMULFactorTable
 .rodata.aPredivFactorTable
                0x0000000008005e70       0x10 build/stm32f3xx_hal_rcc.o
                0x0000000008005e70                aPredivFactorTable
 .rodata.str1.1
                0x0000000008005e80        0x2 /usr/bin/../lib/gcc/arm-none-eabi/4.9.3/../../../../arm-none-eabi/lib/armv7e-m/fpu/libc_nano.a(lib_a-impure.o)
 .rodata.str1.1
                0x0000000008005e82       0x11 /usr/bin/../lib/gcc/arm-none-eabi/4.9.3/../../../../arm-none-eabi/lib/armv7e-m/fpu/libc_nano.a(lib_a-nano-svfprintf.o)
 .rodata.str1.1
                0x0000000008005e93       0x22 /usr/bin/../lib/gcc/arm-none-eabi/4.9.3/../../../../arm-none-eabi/lib/armv7e-m/fpu/libc_nano.a(lib_a-nano-vfprintf_i.o)
                0x0000000008005eb8                . = ALIGN (0x4)
 *fill*         0x0000000008005eb5        0x3 

.rel.dyn        0x0000000008005eb8        0x0
 .rel.iplt      0x0000000000000000        0x0 /usr/bin/../lib/gcc/arm-none-eabi/4.9.3/armv7e-m/fpu/crtbegin.o

.ARM.extab
 *(.ARM.extab* .gnu.linkonce.armextab.*)

.ARM            0x0000000008005eb8        0x0
                0x0000000008005eb8                __exidx_start = .
 *(.ARM.exidx*)
                0x0000000008005eb8                __exidx_end = .

.preinit_array  0x0000000008005eb8        0x0
                0x0000000008005eb8                PROVIDE (__preinit_array_start, .)
 *(.preinit_array*)
                0x0000000008005eb8                PROVIDE (__preinit_array_end, .)

.init_array     0x0000000008005eb8        0x4
                0x0000000008005eb8                PROVIDE (__init_array_start, .)
 *(SORT(.init_array.*))
 *(.init_array*)
 .init_array    0x0000000008005eb8        0x4 /usr/bin/../lib/gcc/arm-none-eabi/4.9.3/armv7e-m/fpu/crtbegin.o
                0x0000000008005ebc                PROVIDE (__init_array_end, .)

.fini_array     0x0000000008005ebc        0x4
                0x0000000008005ebc                PROVIDE (__fini_array_start, .)
 *(SORT(.fini_array.*))
 *(.fini_array*)
 .fini_array    0x0000000008005ebc        0x4 /usr/bin/../lib/gcc/arm-none-eabi/4.9.3/armv7e-m/fpu/crtbegin.o
                0x0000000008005ec0                PROVIDE (__fini_array_end, .)
                0x0000000008005ec0                _sidata = LOADADDR (.data)

.data           0x0000000020000000       0x6c load address 0x0000000008005ec0
                0x0000000020000000                . = ALIGN (0x4)
                0x0000000020000000                _sdata = .
 *(.data)
 *(.data*)
 .data.SystemCoreClock
                0x0000000020000000        0x4 build/system_stm32f3xx.o
                0x0000000020000000                SystemCoreClock
 .data.LCD_HEIGHT
                0x0000000020000004        0x2 build/ILI9341_STM32_Driver.o
                0x0000000020000004                LCD_HEIGHT
 .data.LCD_WIDTH
                0x0000000020000006        0x2 build/ILI9341_STM32_Driver.o
                0x0000000020000006                LCD_WIDTH
 .data.impure_data
                0x0000000020000008       0x60 /usr/bin/../lib/gcc/arm-none-eabi/4.9.3/../../../../arm-none-eabi/lib/armv7e-m/fpu/libc_nano.a(lib_a-impure.o)
 .data._impure_ptr
                0x0000000020000068        0x4 /usr/bin/../lib/gcc/arm-none-eabi/4.9.3/../../../../arm-none-eabi/lib/armv7e-m/fpu/libc_nano.a(lib_a-impure.o)
                0x0000000020000068                _impure_ptr
                0x000000002000006c                . = ALIGN (0x4)
                0x000000002000006c                _edata = .

.jcr            0x000000002000006c        0x0 load address 0x0000000008005f2c
 .jcr           0x000000002000006c        0x0 /usr/bin/../lib/gcc/arm-none-eabi/4.9.3/armv7e-m/fpu/crtbegin.o

.igot.plt       0x000000002000006c        0x0 load address 0x0000000008005f2c
 .igot.plt      0x0000000000000000        0x0 /usr/bin/../lib/gcc/arm-none-eabi/4.9.3/armv7e-m/fpu/crtbegin.o
                0x000000002000006c                . = ALIGN (0x4)

.bss            0x000000002000006c      0x148 load address 0x0000000008005f2c
                0x000000002000006c                _sbss = .
                0x000000002000006c                __bss_start__ = _sbss
 *(.bss)
 .bss           0x000000002000006c       0x1c /usr/bin/../lib/gcc/arm-none-eabi/4.9.3/armv7e-m/fpu/crtbegin.o
 *(.bss*)
 .bss.x.8094    0x0000000020000088        0x2 build/main.o
 .bss.y.8095    0x000000002000008a        0x2 build/main.o
 .bss.__malloc_sbrk_start
                0x000000002000008c        0x4 /usr/bin/../lib/gcc/arm-none-eabi/4.9.3/../../../../arm-none-eabi/lib/armv7e-m/fpu/libc_nano.a(lib_a-nano-mallocr.o)
                0x000000002000008c                __malloc_sbrk_start
 .bss.__malloc_free_list
                0x0000000020000090        0x4 /usr/bin/../lib/gcc/arm-none-eabi/4.9.3/../../../../arm-none-eabi/lib/armv7e-m/fpu/libc_nano.a(lib_a-nano-mallocr.o)
                0x0000000020000090                __malloc_free_list
 .bss.heap_end.4079
                0x0000000020000094        0x4 /usr/bin/../lib/gcc/arm-none-eabi/4.9.3/../../../../arm-none-eabi/lib/armv7e-m/fpu/libnosys.a(sbrk.o)
 *(COMMON)
 COMMON         0x0000000020000098       0x40 build/stm32f3xx_hal_timebase_TIM.o
                0x0000000020000098                htim1
 COMMON         0x00000000200000d8       0x70 build/main.o
                0x00000000200000d8                huart1
 COMMON         0x0000000020000148       0x64 build/lcd_spi.o
                0x0000000020000148                hspi3
 COMMON         0x00000000200001ac        0x4 build/stm32f3xx_hal.o
                0x00000000200001ac                uwTick
 COMMON         0x00000000200001b0        0x4 /usr/bin/../lib/gcc/arm-none-eabi/4.9.3/../../../../arm-none-eabi/lib/armv7e-m/fpu/libc_nano.a(lib_a-reent.o)
                0x00000000200001b0                errno
                0x00000000200001b4                . = ALIGN (0x4)
                0x00000000200001b4                _ebss = .
                0x00000000200001b4                __bss_end__ = _ebss

._user_heap_stack
                0x00000000200001b4      0x604 load address 0x0000000008005f2c
                0x00000000200001b8                . = ALIGN (0x8)
 *fill*         0x00000000200001b4        0x4 
                0x00000000200001b8                PROVIDE (end, .)
                0x00000000200001b8                PROVIDE (_end, .)
                0x00000000200003b8                . = (. + _Min_Heap_Size)
 *fill*         0x00000000200001b8      0x200 
                0x00000000200007b8                . = (. + _Min_Stack_Size)
 *fill*         0x00000000200003b8      0x400 
                0x00000000200007b8                . = ALIGN (0x8)

/DISCARD/
 libc.a(*)
 libm.a(*)
 libgcc.a(*)

.ARM.attributes
                0x0000000000000000       0x30
 *(.ARM.attributes)
 .ARM.attributes
                0x0000000000000000       0x22 /usr/bin/../lib/gcc/arm-none-eabi/4.9.3/armv7e-m/fpu/crti.o
 .ARM.attributes
                0x0000000000000022       0x34 /usr/bin/../lib/gcc/arm-none-eabi/4.9.3/armv7e-m/fpu/crtbegin.o
 .ARM.attributes
                0x0000000000000056       0x39 build/stm32f3xx_hal_msp.o
 .ARM.attributes
                0x000000000000008f       0x39 build/stm32f3xx_hal_timebase_TIM.o
 .ARM.attributes
                0x00000000000000c8       0x39 build/main.o
 .ARM.attributes
                0x0000000000000101       0x39 build/lcd_spi.o
 .ARM.attributes
                0x000000000000013a       0x39 build/system_stm32f3xx.o
 .ARM.attributes
                0x0000000000000173       0x39 build/stm32f3xx_it.o
 .ARM.attributes
                0x00000000000001ac       0x39 build/ILI9341_GFX.o
 .ARM.attributes
                0x00000000000001e5       0x39 build/ILI9341_STM32_Driver.o
 .ARM.attributes
                0x000000000000021e       0x39 build/stm32f3xx_hal_tim_ex.o
 .ARM.attributes
                0x0000000000000257       0x39 build/stm32f3xx_hal.o
 .ARM.attributes
                0x0000000000000290       0x39 build/stm32f3xx_hal_cortex.o
 .ARM.attributes
                0x00000000000002c9       0x39 build/stm32f3xx_hal_rcc.o
 .ARM.attributes
                0x0000000000000302       0x39 build/stm32f3xx_hal_gpio.o
 .ARM.attributes
                0x000000000000033b       0x39 build/stm32f3xx_hal_uart.o
 .ARM.attributes
                0x0000000000000374       0x39 build/stm32f3xx_hal_tim.o
 .ARM.attributes
                0x00000000000003ad       0x39 build/stm32f3xx_hal_spi.o
 .ARM.attributes
                0x00000000000003e6       0x21 build/startup_stm32f302x8.o
 .ARM.attributes
                0x0000000000000407       0x34 /usr/bin/../lib/gcc/arm-none-eabi/4.9.3/../../../../arm-none-eabi/lib/armv7e-m/fpu/libc_nano.a(lib_a-impure.o)
 .ARM.attributes
                0x000000000000043b       0x34 /usr/bin/../lib/gcc/arm-none-eabi/4.9.3/../../../../arm-none-eabi/lib/armv7e-m/fpu/libc_nano.a(lib_a-init.o)
 .ARM.attributes
                0x000000000000046f       0x34 /usr/bin/../lib/gcc/arm-none-eabi/4.9.3/../../../../arm-none-eabi/lib/armv7e-m/fpu/libc_nano.a(lib_a-memcpy.o)
 .ARM.attributes
                0x00000000000004a3       0x34 /usr/bin/../lib/gcc/arm-none-eabi/4.9.3/../../../../arm-none-eabi/lib/armv7e-m/fpu/libc_nano.a(lib_a-sprintf.o)
 .ARM.attributes
                0x00000000000004d7       0x34 /usr/bin/../lib/gcc/arm-none-eabi/4.9.3/../../../../arm-none-eabi/lib/armv7e-m/fpu/libc_nano.a(lib_a-nano-svfprintf.o)
 .ARM.attributes
                0x000000000000050b       0x34 /usr/bin/../lib/gcc/arm-none-eabi/4.9.3/../../../../arm-none-eabi/lib/armv7e-m/fpu/libc_nano.a(lib_a-nano-vfprintf_i.o)
 .ARM.attributes
                0x000000000000053f       0x34 /usr/bin/../lib/gcc/arm-none-eabi/4.9.3/../../../../arm-none-eabi/lib/armv7e-m/fpu/libc_nano.a(lib_a-memchr.o)
 .ARM.attributes
                0x0000000000000573       0x34 /usr/bin/../lib/gcc/arm-none-eabi/4.9.3/../../../../arm-none-eabi/lib/armv7e-m/fpu/libc_nano.a(lib_a-memmove.o)
 .ARM.attributes
                0x00000000000005a7       0x34 /usr/bin/../lib/gcc/arm-none-eabi/4.9.3/../../../../arm-none-eabi/lib/armv7e-m/fpu/libc_nano.a(lib_a-nano-freer.o)
 .ARM.attributes
                0x00000000000005db       0x34 /usr/bin/../lib/gcc/arm-none-eabi/4.9.3/../../../../arm-none-eabi/lib/armv7e-m/fpu/libc_nano.a(lib_a-nano-mallocr.o)
 .ARM.attributes
                0x000000000000060f       0x34 /usr/bin/../lib/gcc/arm-none-eabi/4.9.3/../../../../arm-none-eabi/lib/armv7e-m/fpu/libc_nano.a(lib_a-nano-reallocr.o)
 .ARM.attributes
                0x0000000000000643       0x34 /usr/bin/../lib/gcc/arm-none-eabi/4.9.3/../../../../arm-none-eabi/lib/armv7e-m/fpu/libc_nano.a(lib_a-sbrkr.o)
 .ARM.attributes
                0x0000000000000677       0x34 /usr/bin/../lib/gcc/arm-none-eabi/4.9.3/../../../../arm-none-eabi/lib/armv7e-m/fpu/libc_nano.a(lib_a-nano-msizer.o)
 .ARM.attributes
                0x00000000000006ab       0x34 /usr/bin/../lib/gcc/arm-none-eabi/4.9.3/../../../../arm-none-eabi/lib/armv7e-m/fpu/libc_nano.a(lib_a-reent.o)
 .ARM.attributes
                0x00000000000006df       0x34 /usr/bin/../lib/gcc/arm-none-eabi/4.9.3/../../../../arm-none-eabi/lib/armv7e-m/fpu/libnosys.a(sbrk.o)
 .ARM.attributes
                0x0000000000000713       0x22 /usr/bin/../lib/gcc/arm-none-eabi/4.9.3/armv7e-m/fpu/libgcc.a(_arm_addsubdf3.o)
 .ARM.attributes
                0x0000000000000735       0x22 /usr/bin/../lib/gcc/arm-none-eabi/4.9.3/armv7e-m/fpu/libgcc.a(_arm_muldivdf3.o)
 .ARM.attributes
                0x0000000000000757       0x22 /usr/bin/../lib/gcc/arm-none-eabi/4.9.3/armv7e-m/fpu/crtn.o
OUTPUT(build/STM32F3.elf elf32-littlearm)

.debug_info     0x0000000000000000     0xe6d2
 .debug_info    0x0000000000000000      0xaa8 build/stm32f3xx_hal_msp.o
 .debug_info    0x0000000000000aa8      0x972 build/stm32f3xx_hal_timebase_TIM.o
 .debug_info    0x000000000000141a     0x10a8 build/main.o
 .debug_info    0x00000000000024c2      0x8ab build/lcd_spi.o
 .debug_info    0x0000000000002d6d      0x433 build/system_stm32f3xx.o
 .debug_info    0x00000000000031a0      0x606 build/stm32f3xx_it.o
 .debug_info    0x00000000000037a6      0xcb0 build/ILI9341_GFX.o
 .debug_info    0x0000000000004456      0xb30 build/ILI9341_STM32_Driver.o
 .debug_info    0x0000000000004f86     0x13a5 build/stm32f3xx_hal_tim_ex.o
 .debug_info    0x000000000000632b      0x6fc build/stm32f3xx_hal.o
 .debug_info    0x0000000000006a27      0xbab build/stm32f3xx_hal_cortex.o
 .debug_info    0x00000000000075d2     0x1814 build/stm32f3xx_hal_rcc.o
 .debug_info    0x0000000000008de6      0x6da build/stm32f3xx_hal_gpio.o
 .debug_info    0x00000000000094c0     0x15a6 build/stm32f3xx_hal_uart.o
 .debug_info    0x000000000000aa66     0x252d build/stm32f3xx_hal_tim.o
 .debug_info    0x000000000000cf93     0x16cb build/stm32f3xx_hal_spi.o
 .debug_info    0x000000000000e65e       0x74 build/startup_stm32f302x8.o

.debug_abbrev   0x0000000000000000     0x1c3a
 .debug_abbrev  0x0000000000000000      0x157 build/stm32f3xx_hal_msp.o
 .debug_abbrev  0x0000000000000157      0x175 build/stm32f3xx_hal_timebase_TIM.o
 .debug_abbrev  0x00000000000002cc      0x20f build/main.o
 .debug_abbrev  0x00000000000004db      0x175 build/lcd_spi.o
 .debug_abbrev  0x0000000000000650      0x103 build/system_stm32f3xx.o
 .debug_abbrev  0x0000000000000753      0x132 build/stm32f3xx_it.o
 .debug_abbrev  0x0000000000000885      0x1ec build/ILI9341_GFX.o
 .debug_abbrev  0x0000000000000a71      0x1ff build/ILI9341_STM32_Driver.o
 .debug_abbrev  0x0000000000000c70      0x1fd build/stm32f3xx_hal_tim_ex.o
 .debug_abbrev  0x0000000000000e6d      0x18f build/stm32f3xx_hal.o
 .debug_abbrev  0x0000000000000ffc      0x249 build/stm32f3xx_hal_cortex.o
 .debug_abbrev  0x0000000000001245      0x276 build/stm32f3xx_hal_rcc.o
 .debug_abbrev  0x00000000000014bb      0x1ac build/stm32f3xx_hal_gpio.o
 .debug_abbrev  0x0000000000001667      0x1bc build/stm32f3xx_hal_uart.o
 .debug_abbrev  0x0000000000001823      0x206 build/stm32f3xx_hal_tim.o
 .debug_abbrev  0x0000000000001a29      0x1ff build/stm32f3xx_hal_spi.o
 .debug_abbrev  0x0000000000001c28       0x12 build/startup_stm32f302x8.o

.debug_loc      0x0000000000000000     0x79e8
 .debug_loc     0x0000000000000000       0xf0 build/stm32f3xx_hal_msp.o
 .debug_loc     0x00000000000000f0       0xd8 build/stm32f3xx_hal_timebase_TIM.o
 .debug_loc     0x00000000000001c8      0x190 build/main.o
 .debug_loc     0x0000000000000358       0xcc build/lcd_spi.o
 .debug_loc     0x0000000000000424       0xa0 build/system_stm32f3xx.o
 .debug_loc     0x00000000000004c4       0x58 build/stm32f3xx_it.o
 .debug_loc     0x000000000000051c      0x232 build/ILI9341_GFX.o
 .debug_loc     0x000000000000074e      0x472 build/ILI9341_STM32_Driver.o
 .debug_loc     0x0000000000000bc0      0xe80 build/stm32f3xx_hal_tim_ex.o
 .debug_loc     0x0000000000001a40      0x5c0 build/stm32f3xx_hal.o
 .debug_loc     0x0000000000002000      0x8f8 build/stm32f3xx_hal_cortex.o
 .debug_loc     0x00000000000028f8      0x458 build/stm32f3xx_hal_rcc.o
 .debug_loc     0x0000000000002d50      0x2d4 build/stm32f3xx_hal_gpio.o
 .debug_loc     0x0000000000003024     0x139c build/stm32f3xx_hal_uart.o
 .debug_loc     0x00000000000043c0     0x23e8 build/stm32f3xx_hal_tim.o
 .debug_loc     0x00000000000067a8     0x1240 build/stm32f3xx_hal_spi.o

.debug_aranges  0x0000000000000000      0xd98
 .debug_aranges
                0x0000000000000000       0x30 build/stm32f3xx_hal_msp.o
 .debug_aranges
                0x0000000000000030       0x30 build/stm32f3xx_hal_timebase_TIM.o
 .debug_aranges
                0x0000000000000060       0x48 build/main.o
 .debug_aranges
                0x00000000000000a8       0x30 build/lcd_spi.o
 .debug_aranges
                0x00000000000000d8       0x28 build/system_stm32f3xx.o
 .debug_aranges
                0x0000000000000100       0x28 build/stm32f3xx_it.o
 .debug_aranges
                0x0000000000000128       0x50 build/ILI9341_GFX.o
 .debug_aranges
                0x0000000000000178       0x98 build/ILI9341_STM32_Driver.o
 .debug_aranges
                0x0000000000000210      0x178 build/stm32f3xx_hal_tim_ex.o
 .debug_aranges
                0x0000000000000388       0xc8 build/stm32f3xx_hal.o
 .debug_aranges
                0x0000000000000450      0x100 build/stm32f3xx_hal_cortex.o
 .debug_aranges
                0x0000000000000550       0x88 build/stm32f3xx_hal_rcc.o
 .debug_aranges
                0x00000000000005d8       0x58 build/stm32f3xx_hal_gpio.o
 .debug_aranges
                0x0000000000000630      0x1f0 build/stm32f3xx_hal_uart.o
 .debug_aranges
                0x0000000000000820      0x378 build/stm32f3xx_hal_tim.o
 .debug_aranges
                0x0000000000000b98      0x1d8 build/stm32f3xx_hal_spi.o
 .debug_aranges
                0x0000000000000d70       0x28 build/startup_stm32f302x8.o

.debug_ranges   0x0000000000000000      0xc90
 .debug_ranges  0x0000000000000000       0x20 build/stm32f3xx_hal_msp.o
 .debug_ranges  0x0000000000000020       0x20 build/stm32f3xx_hal_timebase_TIM.o
 .debug_ranges  0x0000000000000040       0x38 build/main.o
 .debug_ranges  0x0000000000000078       0x20 build/lcd_spi.o
 .debug_ranges  0x0000000000000098       0x18 build/system_stm32f3xx.o
 .debug_ranges  0x00000000000000b0       0x18 build/stm32f3xx_it.o
 .debug_ranges  0x00000000000000c8       0x40 build/ILI9341_GFX.o
 .debug_ranges  0x0000000000000108       0x88 build/ILI9341_STM32_Driver.o
 .debug_ranges  0x0000000000000190      0x168 build/stm32f3xx_hal_tim_ex.o
 .debug_ranges  0x00000000000002f8       0xb8 build/stm32f3xx_hal.o
 .debug_ranges  0x00000000000003b0       0xf0 build/stm32f3xx_hal_cortex.o
 .debug_ranges  0x00000000000004a0       0x78 build/stm32f3xx_hal_rcc.o
 .debug_ranges  0x0000000000000518       0x48 build/stm32f3xx_hal_gpio.o
 .debug_ranges  0x0000000000000560      0x1e0 build/stm32f3xx_hal_uart.o
 .debug_ranges  0x0000000000000740      0x368 build/stm32f3xx_hal_tim.o
 .debug_ranges  0x0000000000000aa8      0x1c8 build/stm32f3xx_hal_spi.o
 .debug_ranges  0x0000000000000c70       0x20 build/startup_stm32f302x8.o

.debug_line     0x0000000000000000     0x5e82
 .debug_line    0x0000000000000000      0x1dc build/stm32f3xx_hal_msp.o
 .debug_line    0x00000000000001dc      0x1db build/stm32f3xx_hal_timebase_TIM.o
 .debug_line    0x00000000000003b7      0x3af build/main.o
 .debug_line    0x0000000000000766      0x1cc build/lcd_spi.o
 .debug_line    0x0000000000000932      0x149 build/system_stm32f3xx.o
 .debug_line    0x0000000000000a7b      0x191 build/stm32f3xx_it.o
 .debug_line    0x0000000000000c0c      0x3dc build/ILI9341_GFX.o
 .debug_line    0x0000000000000fe8      0x3ce build/ILI9341_STM32_Driver.o
 .debug_line    0x00000000000013b6      0x8f8 build/stm32f3xx_hal_tim_ex.o
 .debug_line    0x0000000000001cae      0x31b build/stm32f3xx_hal.o
 .debug_line    0x0000000000001fc9      0x3e0 build/stm32f3xx_hal_cortex.o
 .debug_line    0x00000000000023a9      0xc63 build/stm32f3xx_hal_rcc.o
 .debug_line    0x000000000000300c      0x30c build/stm32f3xx_hal_gpio.o
 .debug_line    0x0000000000003318      0xb6a build/stm32f3xx_hal_uart.o
 .debug_line    0x0000000000003e82     0x139c build/stm32f3xx_hal_tim.o
 .debug_line    0x000000000000521e      0xbf0 build/stm32f3xx_hal_spi.o
 .debug_line    0x0000000000005e0e       0x74 build/startup_stm32f302x8.o

.debug_str      0x0000000000000000     0x3c7a
 .debug_str     0x0000000000000000      0xa0d build/stm32f3xx_hal_msp.o
                                        0xa9d (size before relaxing)
 .debug_str     0x0000000000000a0d      0x308 build/stm32f3xx_hal_timebase_TIM.o
                                        0xa5a (size before relaxing)
 .debug_str     0x0000000000000d15      0x1d3 build/main.o
                                        0xe89 (size before relaxing)
 .debug_str     0x0000000000000ee8      0x1db build/lcd_spi.o
                                        0x6e5 (size before relaxing)
 .debug_str     0x00000000000010c3       0xe1 build/system_stm32f3xx.o
                                        0x307 (size before relaxing)
 .debug_str     0x00000000000011a4       0x3c build/stm32f3xx_it.o
                                        0x5c5 (size before relaxing)
 .debug_str     0x00000000000011e0      0x199 build/ILI9341_GFX.o
                                        0x7be (size before relaxing)
 .debug_str     0x0000000000001379      0x225 build/ILI9341_STM32_Driver.o
                                        0x850 (size before relaxing)
 .debug_str     0x000000000000159e      0x78e build/stm32f3xx_hal_tim_ex.o
                                        0xd80 (size before relaxing)
 .debug_str     0x0000000000001d2c      0x202 build/stm32f3xx_hal.o
                                        0x7fc (size before relaxing)
 .debug_str     0x0000000000001f2e      0x2c1 build/stm32f3xx_hal_cortex.o
                                        0x969 (size before relaxing)
 .debug_str     0x00000000000021ef      0x205 build/stm32f3xx_hal_rcc.o
                                        0x669 (size before relaxing)
 .debug_str     0x00000000000023f4      0x161 build/stm32f3xx_hal_gpio.o
                                        0x47c (size before relaxing)
 .debug_str     0x0000000000002555      0x683 build/stm32f3xx_hal_uart.o
                                        0xde1 (size before relaxing)
 .debug_str     0x0000000000002bd8      0xb96 build/stm32f3xx_hal_tim.o
                                       0x1381 (size before relaxing)
 .debug_str     0x000000000000376e      0x50c build/stm32f3xx_hal_spi.o
                                        0xb7e (size before relaxing)

.comment        0x0000000000000000       0x70
 .comment       0x0000000000000000       0x70 build/stm32f3xx_hal_msp.o
                                         0x71 (size before relaxing)
 .comment       0x0000000000000000       0x71 build/stm32f3xx_hal_timebase_TIM.o
 .comment       0x0000000000000000       0x71 build/main.o
 .comment       0x0000000000000000       0x71 build/lcd_spi.o
 .comment       0x0000000000000000       0x71 build/system_stm32f3xx.o
 .comment       0x0000000000000000       0x71 build/stm32f3xx_it.o
 .comment       0x0000000000000000       0x71 build/ILI9341_GFX.o
 .comment       0x0000000000000000       0x71 build/ILI9341_STM32_Driver.o
 .comment       0x0000000000000000       0x71 build/stm32f3xx_hal_tim_ex.o
 .comment       0x0000000000000000       0x71 build/stm32f3xx_hal.o
 .comment       0x0000000000000000       0x71 build/stm32f3xx_hal_cortex.o
 .comment       0x0000000000000000       0x71 build/stm32f3xx_hal_rcc.o
 .comment       0x0000000000000000       0x71 build/stm32f3xx_hal_gpio.o
 .comment       0x0000000000000000       0x71 build/stm32f3xx_hal_uart.o
 .comment       0x0000000000000000       0x71 build/stm32f3xx_hal_tim.o
 .comment       0x0000000000000000       0x71 build/stm32f3xx_hal_spi.o

.debug_frame    0x0000000000000000     0x3f48
 .debug_frame   0x0000000000000000       0x88 build/stm32f3xx_hal_msp.o
 .debug_frame   0x0000000000000088       0x80 build/stm32f3xx_hal_timebase_TIM.o
 .debug_frame   0x0000000000000108       0xe4 build/main.o
 .debug_frame   0x00000000000001ec       0x7c build/lcd_spi.o
 .debug_frame   0x0000000000000268       0x5c build/system_stm32f3xx.o
 .debug_frame   0x00000000000002c4       0x48 build/stm32f3xx_it.o
 .debug_frame   0x000000000000030c      0x140 build/ILI9341_GFX.o
 .debug_frame   0x000000000000044c      0x278 build/ILI9341_STM32_Driver.o
 .debug_frame   0x00000000000006c4      0x6fc build/stm32f3xx_hal_tim_ex.o
 .debug_frame   0x0000000000000dc0      0x320 build/stm32f3xx_hal.o
 .debug_frame   0x00000000000010e0      0x460 build/stm32f3xx_hal_cortex.o
 .debug_frame   0x0000000000001540      0x228 build/stm32f3xx_hal_rcc.o
 .debug_frame   0x0000000000001768      0x154 build/stm32f3xx_hal_gpio.o
 .debug_frame   0x00000000000018bc      0x954 build/stm32f3xx_hal_uart.o
 .debug_frame   0x0000000000002210     0x1104 build/stm32f3xx_hal_tim.o
 .debug_frame   0x0000000000003314      0x8e0 build/stm32f3xx_hal_spi.o
 .debug_frame   0x0000000000003bf4       0x2c /usr/bin/../lib/gcc/arm-none-eabi/4.9.3/../../../../arm-none-eabi/lib/armv7e-m/fpu/libc_nano.a(lib_a-init.o)
 .debug_frame   0x0000000000003c20       0x28 /usr/bin/../lib/gcc/arm-none-eabi/4.9.3/../../../../arm-none-eabi/lib/armv7e-m/fpu/libc_nano.a(lib_a-memcpy.o)
 .debug_frame   0x0000000000003c48       0x70 /usr/bin/../lib/gcc/arm-none-eabi/4.9.3/../../../../arm-none-eabi/lib/armv7e-m/fpu/libc_nano.a(lib_a-sprintf.o)
 .debug_frame   0x0000000000003cb8       0x8c /usr/bin/../lib/gcc/arm-none-eabi/4.9.3/../../../../arm-none-eabi/lib/armv7e-m/fpu/libc_nano.a(lib_a-nano-svfprintf.o)
 .debug_frame   0x0000000000003d44       0x58 /usr/bin/../lib/gcc/arm-none-eabi/4.9.3/../../../../arm-none-eabi/lib/armv7e-m/fpu/libc_nano.a(lib_a-nano-vfprintf_i.o)
 .debug_frame   0x0000000000003d9c       0x28 /usr/bin/../lib/gcc/arm-none-eabi/4.9.3/../../../../arm-none-eabi/lib/armv7e-m/fpu/libc_nano.a(lib_a-memchr.o)
 .debug_frame   0x0000000000003dc4       0x28 /usr/bin/../lib/gcc/arm-none-eabi/4.9.3/../../../../arm-none-eabi/lib/armv7e-m/fpu/libc_nano.a(lib_a-memmove.o)
 .debug_frame   0x0000000000003dec       0x2c /usr/bin/../lib/gcc/arm-none-eabi/4.9.3/../../../../arm-none-eabi/lib/armv7e-m/fpu/libc_nano.a(lib_a-nano-freer.o)
 .debug_frame   0x0000000000003e18       0x2c /usr/bin/../lib/gcc/arm-none-eabi/4.9.3/../../../../arm-none-eabi/lib/armv7e-m/fpu/libc_nano.a(lib_a-nano-mallocr.o)
 .debug_frame   0x0000000000003e44       0x3c /usr/bin/../lib/gcc/arm-none-eabi/4.9.3/../../../../arm-none-eabi/lib/armv7e-m/fpu/libc_nano.a(lib_a-nano-reallocr.o)
 .debug_frame   0x0000000000003e80       0x2c /usr/bin/../lib/gcc/arm-none-eabi/4.9.3/../../../../arm-none-eabi/lib/armv7e-m/fpu/libc_nano.a(lib_a-sbrkr.o)
 .debug_frame   0x0000000000003eac       0x20 /usr/bin/../lib/gcc/arm-none-eabi/4.9.3/../../../../arm-none-eabi/lib/armv7e-m/fpu/libc_nano.a(lib_a-nano-msizer.o)
 .debug_frame   0x0000000000003ecc       0x5c /usr/bin/../lib/gcc/arm-none-eabi/4.9.3/../../../../arm-none-eabi/lib/armv7e-m/fpu/libc_nano.a(lib_a-reent.o)
 .debug_frame   0x0000000000003f28       0x20 /usr/bin/../lib/gcc/arm-none-eabi/4.9.3/../../../../arm-none-eabi/lib/armv7e-m/fpu/libnosys.a(sbrk.o)

Cross Reference Table

Symbol                                            File
ADC1_IRQHandler                                   build/startup_stm32f302x8.o
AHBPrescTable                                     build/system_stm32f3xx.o
                                                  build/stm32f3xx_hal_rcc.o
APBPrescTable                                     build/system_stm32f3xx.o
                                                  build/stm32f3xx_hal_rcc.o
BusFault_Handler                                  build/startup_stm32f302x8.o
CAN_RX1_IRQHandler                                build/startup_stm32f302x8.o
CAN_SCE_IRQHandler                                build/startup_stm32f302x8.o
COMP2_IRQHandler                                  build/startup_stm32f302x8.o
COMP4_6_IRQHandler                                build/startup_stm32f302x8.o
DMA1_Channel1_IRQHandler                          build/startup_stm32f302x8.o
DMA1_Channel2_IRQHandler                          build/startup_stm32f302x8.o
DMA1_Channel3_IRQHandler                          build/startup_stm32f302x8.o
DMA1_Channel4_IRQHandler                          build/startup_stm32f302x8.o
DMA1_Channel5_IRQHandler                          build/startup_stm32f302x8.o
DMA1_Channel6_IRQHandler                          build/startup_stm32f302x8.o
DMA1_Channel7_IRQHandler                          build/startup_stm32f302x8.o
DebugMon_Handler                                  build/startup_stm32f302x8.o
Default_Handler                                   build/startup_stm32f302x8.o
EXTI0_IRQHandler                                  build/startup_stm32f302x8.o
EXTI15_10_IRQHandler                              build/startup_stm32f302x8.o
EXTI1_IRQHandler                                  build/startup_stm32f302x8.o
EXTI2_TSC_IRQHandler                              build/startup_stm32f302x8.o
EXTI3_IRQHandler                                  build/startup_stm32f302x8.o
EXTI4_IRQHandler                                  build/startup_stm32f302x8.o
EXTI9_5_IRQHandler                                build/startup_stm32f302x8.o
Error_Handler                                     build/main.o
                                                  build/lcd_spi.o
FLASH_IRQHandler                                  build/startup_stm32f302x8.o
FLASH_PageErase                                   build/stm32f3xx_hal_flash_ex.o
                                                  build/stm32f3xx_hal_flash.o
FLASH_WaitForLastOperation                        build/stm32f3xx_hal_flash.o
                                                  build/stm32f3xx_hal_flash_ex.o
FPU_IRQHandler                                    build/startup_stm32f302x8.o
HAL_DBGMCU_DisableDBGSleepMode                    build/stm32f3xx_hal.o
HAL_DBGMCU_DisableDBGStandbyMode                  build/stm32f3xx_hal.o
HAL_DBGMCU_DisableDBGStopMode                     build/stm32f3xx_hal.o
HAL_DBGMCU_EnableDBGSleepMode                     build/stm32f3xx_hal.o
HAL_DBGMCU_EnableDBGStandbyMode                   build/stm32f3xx_hal.o
HAL_DBGMCU_EnableDBGStopMode                      build/stm32f3xx_hal.o
HAL_DMA_Abort                                     build/stm32f3xx_hal_dma.o
                                                  build/stm32f3xx_hal_spi.o
                                                  build/stm32f3xx_hal_tim.o
                                                  build/stm32f3xx_hal_uart.o
HAL_DMA_Abort_IT                                  build/stm32f3xx_hal_dma.o
                                                  build/stm32f3xx_hal_spi.o
                                                  build/stm32f3xx_hal_uart.o
                                                  build/stm32f3xx_hal_i2c.o
HAL_DMA_DeInit                                    build/stm32f3xx_hal_dma.o
HAL_DMA_GetError                                  build/stm32f3xx_hal_dma.o
HAL_DMA_GetState                                  build/stm32f3xx_hal_dma.o
HAL_DMA_IRQHandler                                build/stm32f3xx_hal_dma.o
HAL_DMA_Init                                      build/stm32f3xx_hal_dma.o
HAL_DMA_PollForTransfer                           build/stm32f3xx_hal_dma.o
HAL_DMA_RegisterCallback                          build/stm32f3xx_hal_dma.o
HAL_DMA_Start                                     build/stm32f3xx_hal_dma.o
HAL_DMA_Start_IT                                  build/stm32f3xx_hal_dma.o
                                                  build/stm32f3xx_hal_spi.o
                                                  build/stm32f3xx_hal_tim.o
                                                  build/stm32f3xx_hal_uart.o
                                                  build/stm32f3xx_hal_i2c.o
                                                  build/stm32f3xx_hal_tim_ex.o
HAL_DMA_UnRegisterCallback                        build/stm32f3xx_hal_dma.o
HAL_DeInit                                        build/stm32f3xx_hal.o
HAL_Delay                                         build/stm32f3xx_hal.o
                                                  build/ILI9341_STM32_Driver.o
                                                  build/main.o
HAL_FLASHEx_Erase                                 build/stm32f3xx_hal_flash_ex.o
HAL_FLASHEx_Erase_IT                              build/stm32f3xx_hal_flash_ex.o
HAL_FLASHEx_OBErase                               build/stm32f3xx_hal_flash_ex.o
HAL_FLASHEx_OBGetConfig                           build/stm32f3xx_hal_flash_ex.o
HAL_FLASHEx_OBGetUserData                         build/stm32f3xx_hal_flash_ex.o
HAL_FLASHEx_OBProgram                             build/stm32f3xx_hal_flash_ex.o
HAL_FLASH_EndOfOperationCallback                  build/stm32f3xx_hal_flash.o
HAL_FLASH_GetError                                build/stm32f3xx_hal_flash.o
HAL_FLASH_IRQHandler                              build/stm32f3xx_hal_flash.o
HAL_FLASH_Lock                                    build/stm32f3xx_hal_flash.o
HAL_FLASH_OB_Launch                               build/stm32f3xx_hal_flash.o
HAL_FLASH_OB_Lock                                 build/stm32f3xx_hal_flash.o
HAL_FLASH_OB_Unlock                               build/stm32f3xx_hal_flash.o
HAL_FLASH_OperationErrorCallback                  build/stm32f3xx_hal_flash.o
HAL_FLASH_Program                                 build/stm32f3xx_hal_flash.o
HAL_FLASH_Program_IT                              build/stm32f3xx_hal_flash.o
HAL_FLASH_Unlock                                  build/stm32f3xx_hal_flash.o
HAL_GPIO_DeInit                                   build/stm32f3xx_hal_gpio.o
                                                  build/lcd_spi.o
                                                  build/stm32f3xx_hal_msp.o
HAL_GPIO_EXTI_Callback                            build/stm32f3xx_hal_gpio.o
HAL_GPIO_EXTI_IRQHandler                          build/stm32f3xx_hal_gpio.o
HAL_GPIO_Init                                     build/stm32f3xx_hal_gpio.o
                                                  build/stm32f3xx_hal_rcc.o
                                                  build/lcd_spi.o
                                                  build/main.o
                                                  build/stm32f3xx_hal_msp.o
HAL_GPIO_LockPin                                  build/stm32f3xx_hal_gpio.o
HAL_GPIO_ReadPin                                  build/stm32f3xx_hal_gpio.o
HAL_GPIO_TogglePin                                build/stm32f3xx_hal_gpio.o
HAL_GPIO_WritePin                                 build/stm32f3xx_hal_gpio.o
                                                  build/ILI9341_STM32_Driver.o
                                                  build/ILI9341_GFX.o
                                                  build/main.o
HAL_GetDEVID                                      build/stm32f3xx_hal.o
HAL_GetHalVersion                                 build/stm32f3xx_hal.o
HAL_GetREVID                                      build/stm32f3xx_hal.o
HAL_GetTick                                       build/stm32f3xx_hal.o
                                                  build/stm32f3xx_hal_spi.o
                                                  build/stm32f3xx_hal_rcc_ex.o
                                                  build/stm32f3xx_hal_uart.o
                                                  build/stm32f3xx_hal_i2c.o
                                                  build/stm32f3xx_hal_dma.o
                                                  build/stm32f3xx_hal_uart_ex.o
                                                  build/stm32f3xx_hal_rcc.o
                                                  build/stm32f3xx_hal_flash.o
HAL_GetUIDw0                                      build/stm32f3xx_hal.o
HAL_GetUIDw1                                      build/stm32f3xx_hal.o
HAL_GetUIDw2                                      build/stm32f3xx_hal.o
HAL_HalfDuplex_EnableReceiver                     build/stm32f3xx_hal_uart.o
HAL_HalfDuplex_EnableTransmitter                  build/stm32f3xx_hal_uart.o
HAL_HalfDuplex_Init                               build/stm32f3xx_hal_uart.o
HAL_I2CEx_ConfigAnalogFilter                      build/stm32f3xx_hal_i2c_ex.o
HAL_I2CEx_ConfigDigitalFilter                     build/stm32f3xx_hal_i2c_ex.o
HAL_I2CEx_DisableFastModePlus                     build/stm32f3xx_hal_i2c_ex.o
HAL_I2CEx_DisableWakeUp                           build/stm32f3xx_hal_i2c_ex.o
HAL_I2CEx_EnableFastModePlus                      build/stm32f3xx_hal_i2c_ex.o
HAL_I2CEx_EnableWakeUp                            build/stm32f3xx_hal_i2c_ex.o
HAL_I2C_AbortCpltCallback                         build/stm32f3xx_hal_i2c.o
HAL_I2C_AddrCallback                              build/stm32f3xx_hal_i2c.o
HAL_I2C_DeInit                                    build/stm32f3xx_hal_i2c.o
HAL_I2C_DisableListen_IT                          build/stm32f3xx_hal_i2c.o
HAL_I2C_ER_IRQHandler                             build/stm32f3xx_hal_i2c.o
HAL_I2C_EV_IRQHandler                             build/stm32f3xx_hal_i2c.o
HAL_I2C_EnableListen_IT                           build/stm32f3xx_hal_i2c.o
HAL_I2C_ErrorCallback                             build/stm32f3xx_hal_i2c.o
HAL_I2C_GetError                                  build/stm32f3xx_hal_i2c.o
HAL_I2C_GetMode                                   build/stm32f3xx_hal_i2c.o
HAL_I2C_GetState                                  build/stm32f3xx_hal_i2c.o
HAL_I2C_Init                                      build/stm32f3xx_hal_i2c.o
HAL_I2C_IsDeviceReady                             build/stm32f3xx_hal_i2c.o
HAL_I2C_ListenCpltCallback                        build/stm32f3xx_hal_i2c.o
HAL_I2C_MasterRxCpltCallback                      build/stm32f3xx_hal_i2c.o
HAL_I2C_MasterTxCpltCallback                      build/stm32f3xx_hal_i2c.o
HAL_I2C_Master_Abort_IT                           build/stm32f3xx_hal_i2c.o
HAL_I2C_Master_Receive                            build/stm32f3xx_hal_i2c.o
HAL_I2C_Master_Receive_DMA                        build/stm32f3xx_hal_i2c.o
HAL_I2C_Master_Receive_IT                         build/stm32f3xx_hal_i2c.o
HAL_I2C_Master_Sequential_Receive_IT              build/stm32f3xx_hal_i2c.o
HAL_I2C_Master_Sequential_Transmit_IT             build/stm32f3xx_hal_i2c.o
HAL_I2C_Master_Transmit                           build/stm32f3xx_hal_i2c.o
HAL_I2C_Master_Transmit_DMA                       build/stm32f3xx_hal_i2c.o
HAL_I2C_Master_Transmit_IT                        build/stm32f3xx_hal_i2c.o
HAL_I2C_MemRxCpltCallback                         build/stm32f3xx_hal_i2c.o
HAL_I2C_MemTxCpltCallback                         build/stm32f3xx_hal_i2c.o
HAL_I2C_Mem_Read                                  build/stm32f3xx_hal_i2c.o
HAL_I2C_Mem_Read_DMA                              build/stm32f3xx_hal_i2c.o
HAL_I2C_Mem_Read_IT                               build/stm32f3xx_hal_i2c.o
HAL_I2C_Mem_Write                                 build/stm32f3xx_hal_i2c.o
HAL_I2C_Mem_Write_DMA                             build/stm32f3xx_hal_i2c.o
HAL_I2C_Mem_Write_IT                              build/stm32f3xx_hal_i2c.o
HAL_I2C_MspDeInit                                 build/stm32f3xx_hal_i2c.o
HAL_I2C_MspInit                                   build/stm32f3xx_hal_i2c.o
HAL_I2C_SlaveRxCpltCallback                       build/stm32f3xx_hal_i2c.o
HAL_I2C_SlaveTxCpltCallback                       build/stm32f3xx_hal_i2c.o
HAL_I2C_Slave_Receive                             build/stm32f3xx_hal_i2c.o
HAL_I2C_Slave_Receive_DMA                         build/stm32f3xx_hal_i2c.o
HAL_I2C_Slave_Receive_IT                          build/stm32f3xx_hal_i2c.o
HAL_I2C_Slave_Sequential_Receive_IT               build/stm32f3xx_hal_i2c.o
HAL_I2C_Slave_Sequential_Transmit_IT              build/stm32f3xx_hal_i2c.o
HAL_I2C_Slave_Transmit                            build/stm32f3xx_hal_i2c.o
HAL_I2C_Slave_Transmit_DMA                        build/stm32f3xx_hal_i2c.o
HAL_I2C_Slave_Transmit_IT                         build/stm32f3xx_hal_i2c.o
HAL_IncTick                                       build/stm32f3xx_hal.o
                                                  build/stm32f3xx_it.o
HAL_Init                                          build/stm32f3xx_hal.o
                                                  build/main.o
HAL_InitTick                                      build/stm32f3xx_hal_timebase_TIM.o
                                                  build/stm32f3xx_hal_rcc.o
HAL_LIN_Init                                      build/stm32f3xx_hal_uart.o
HAL_LIN_SendBreak                                 build/stm32f3xx_hal_uart.o
HAL_MspDeInit                                     build/stm32f3xx_hal.o
HAL_MspInit                                       build/stm32f3xx_hal_msp.o
HAL_MultiProcessorEx_AddressLength_Set            build/stm32f3xx_hal_uart_ex.o
HAL_MultiProcessor_DisableMuteMode                build/stm32f3xx_hal_uart.o
HAL_MultiProcessor_EnableMuteMode                 build/stm32f3xx_hal_uart.o
HAL_MultiProcessor_EnterMuteMode                  build/stm32f3xx_hal_uart.o
HAL_MultiProcessor_Init                           build/stm32f3xx_hal_uart.o
HAL_NVIC_ClearPendingIRQ                          build/stm32f3xx_hal_cortex.o
HAL_NVIC_DisableIRQ                               build/stm32f3xx_hal_cortex.o
HAL_NVIC_EnableIRQ                                build/stm32f3xx_hal_cortex.o
                                                  build/stm32f3xx_hal_timebase_TIM.o
HAL_NVIC_GetActive                                build/stm32f3xx_hal_cortex.o
HAL_NVIC_GetPendingIRQ                            build/stm32f3xx_hal_cortex.o
HAL_NVIC_GetPriority                              build/stm32f3xx_hal_cortex.o
HAL_NVIC_GetPriorityGrouping                      build/stm32f3xx_hal_cortex.o
HAL_NVIC_SetPendingIRQ                            build/stm32f3xx_hal_cortex.o
HAL_NVIC_SetPriority                              build/stm32f3xx_hal_cortex.o
                                                  build/stm32f3xx_hal.o
                                                  build/main.o
                                                  build/stm32f3xx_hal_timebase_TIM.o
                                                  build/stm32f3xx_hal_msp.o
HAL_NVIC_SetPriorityGrouping                      build/stm32f3xx_hal_cortex.o
                                                  build/stm32f3xx_hal.o
                                                  build/stm32f3xx_hal_msp.o
HAL_NVIC_SystemReset                              build/stm32f3xx_hal_cortex.o
HAL_PWR_ConfigPVD                                 build/stm32f3xx_hal_pwr_ex.o
HAL_PWR_DeInit                                    build/stm32f3xx_hal_pwr.o
HAL_PWR_DisableBkUpAccess                         build/stm32f3xx_hal_pwr.o
HAL_PWR_DisablePVD                                build/stm32f3xx_hal_pwr_ex.o
HAL_PWR_DisableSEVOnPend                          build/stm32f3xx_hal_pwr.o
HAL_PWR_DisableSleepOnExit                        build/stm32f3xx_hal_pwr.o
HAL_PWR_DisableWakeUpPin                          build/stm32f3xx_hal_pwr.o
HAL_PWR_EnableBkUpAccess                          build/stm32f3xx_hal_pwr.o
HAL_PWR_EnablePVD                                 build/stm32f3xx_hal_pwr_ex.o
HAL_PWR_EnableSEVOnPend                           build/stm32f3xx_hal_pwr.o
HAL_PWR_EnableSleepOnExit                         build/stm32f3xx_hal_pwr.o
HAL_PWR_EnableWakeUpPin                           build/stm32f3xx_hal_pwr.o
HAL_PWR_EnterSLEEPMode                            build/stm32f3xx_hal_pwr.o
HAL_PWR_EnterSTANDBYMode                          build/stm32f3xx_hal_pwr.o
HAL_PWR_EnterSTOPMode                             build/stm32f3xx_hal_pwr.o
HAL_PWR_PVDCallback                               build/stm32f3xx_hal_pwr_ex.o
HAL_PWR_PVD_IRQHandler                            build/stm32f3xx_hal_pwr_ex.o
HAL_RCCEx_GetPeriphCLKConfig                      build/stm32f3xx_hal_rcc_ex.o
HAL_RCCEx_GetPeriphCLKFreq                        build/stm32f3xx_hal_rcc_ex.o
HAL_RCCEx_PeriphCLKConfig                         build/stm32f3xx_hal_rcc_ex.o
HAL_RCC_CSSCallback                               build/stm32f3xx_hal_rcc.o
HAL_RCC_ClockConfig                               build/stm32f3xx_hal_rcc.o
                                                  build/main.o
HAL_RCC_DeInit                                    build/stm32f3xx_hal_rcc.o
HAL_RCC_DisableCSS                                build/stm32f3xx_hal_rcc.o
HAL_RCC_EnableCSS                                 build/stm32f3xx_hal_rcc.o
HAL_RCC_GetClockConfig                            build/stm32f3xx_hal_rcc.o
                                                  build/stm32f3xx_hal_timebase_TIM.o
HAL_RCC_GetHCLKFreq                               build/stm32f3xx_hal_rcc.o
                                                  build/main.o
HAL_RCC_GetOscConfig                              build/stm32f3xx_hal_rcc.o
HAL_RCC_GetPCLK1Freq                              build/stm32f3xx_hal_rcc.o
                                                  build/stm32f3xx_hal_rcc_ex.o
                                                  build/stm32f3xx_hal_uart.o
HAL_RCC_GetPCLK2Freq                              build/stm32f3xx_hal_rcc.o
                                                  build/stm32f3xx_hal_uart.o
                                                  build/stm32f3xx_hal_timebase_TIM.o
HAL_RCC_GetSysClockFreq                           build/stm32f3xx_hal_rcc.o
                                                  build/stm32f3xx_hal_rcc_ex.o
                                                  build/stm32f3xx_hal_uart.o
HAL_RCC_MCOConfig                                 build/stm32f3xx_hal_rcc.o
HAL_RCC_NMI_IRQHandler                            build/stm32f3xx_hal_rcc.o
HAL_RCC_OscConfig                                 build/stm32f3xx_hal_rcc.o
                                                  build/main.o
HAL_RS485Ex_Init                                  build/stm32f3xx_hal_uart_ex.o
HAL_ResumeTick                                    build/stm32f3xx_hal_timebase_TIM.o
HAL_SPI_Abort                                     build/stm32f3xx_hal_spi.o
HAL_SPI_AbortCpltCallback                         build/stm32f3xx_hal_spi.o
HAL_SPI_Abort_IT                                  build/stm32f3xx_hal_spi.o
HAL_SPI_DMAPause                                  build/stm32f3xx_hal_spi.o
HAL_SPI_DMAResume                                 build/stm32f3xx_hal_spi.o
HAL_SPI_DMAStop                                   build/stm32f3xx_hal_spi.o
HAL_SPI_DeInit                                    build/stm32f3xx_hal_spi.o
HAL_SPI_ErrorCallback                             build/stm32f3xx_hal_spi.o
HAL_SPI_GetError                                  build/stm32f3xx_hal_spi.o
HAL_SPI_GetState                                  build/stm32f3xx_hal_spi.o
HAL_SPI_IRQHandler                                build/stm32f3xx_hal_spi.o
HAL_SPI_Init                                      build/stm32f3xx_hal_spi.o
                                                  build/lcd_spi.o
HAL_SPI_MspDeInit                                 build/lcd_spi.o
HAL_SPI_MspInit                                   build/lcd_spi.o
HAL_SPI_Receive                                   build/stm32f3xx_hal_spi.o
HAL_SPI_Receive_DMA                               build/stm32f3xx_hal_spi.o
HAL_SPI_Receive_IT                                build/stm32f3xx_hal_spi.o
HAL_SPI_RxCpltCallback                            build/stm32f3xx_hal_spi.o
HAL_SPI_RxHalfCpltCallback                        build/stm32f3xx_hal_spi.o
HAL_SPI_Transmit                                  build/stm32f3xx_hal_spi.o
                                                  build/ILI9341_STM32_Driver.o
                                                  build/ILI9341_GFX.o
HAL_SPI_TransmitReceive                           build/stm32f3xx_hal_spi.o
HAL_SPI_TransmitReceive_DMA                       build/stm32f3xx_hal_spi.o
HAL_SPI_TransmitReceive_IT                        build/stm32f3xx_hal_spi.o
HAL_SPI_Transmit_DMA                              build/stm32f3xx_hal_spi.o
HAL_SPI_Transmit_IT                               build/stm32f3xx_hal_spi.o
HAL_SPI_TxCpltCallback                            build/stm32f3xx_hal_spi.o
HAL_SPI_TxHalfCpltCallback                        build/stm32f3xx_hal_spi.o
HAL_SPI_TxRxCpltCallback                          build/stm32f3xx_hal_spi.o
HAL_SPI_TxRxHalfCpltCallback                      build/stm32f3xx_hal_spi.o
HAL_SYSTICK_CLKSourceConfig                       build/stm32f3xx_hal_cortex.o
                                                  build/main.o
HAL_SYSTICK_Callback                              build/stm32f3xx_hal_cortex.o
HAL_SYSTICK_Config                                build/stm32f3xx_hal_cortex.o
                                                  build/stm32f3xx_hal.o
                                                  build/main.o
HAL_SYSTICK_IRQHandler                            build/stm32f3xx_hal_cortex.o
                                                  build/stm32f3xx_it.o
HAL_SuspendTick                                   build/stm32f3xx_hal_timebase_TIM.o
HAL_TIMEx_Break2Callback                          build/stm32f3xx_hal_tim_ex.o
                                                  build/stm32f3xx_hal_tim.o
HAL_TIMEx_BreakCallback                           build/stm32f3xx_hal_tim_ex.o
                                                  build/stm32f3xx_hal_tim.o
HAL_TIMEx_CommutationCallback                     build/stm32f3xx_hal_tim_ex.o
                                                  build/stm32f3xx_hal_tim.o
HAL_TIMEx_ConfigBreakDeadTime                     build/stm32f3xx_hal_tim_ex.o
HAL_TIMEx_ConfigCommutationEvent                  build/stm32f3xx_hal_tim_ex.o
HAL_TIMEx_ConfigCommutationEvent_DMA              build/stm32f3xx_hal_tim_ex.o
HAL_TIMEx_ConfigCommutationEvent_IT               build/stm32f3xx_hal_tim_ex.o
HAL_TIMEx_GroupChannel5                           build/stm32f3xx_hal_tim_ex.o
HAL_TIMEx_HallSensor_DeInit                       build/stm32f3xx_hal_tim_ex.o
HAL_TIMEx_HallSensor_GetState                     build/stm32f3xx_hal_tim_ex.o
HAL_TIMEx_HallSensor_Init                         build/stm32f3xx_hal_tim_ex.o
HAL_TIMEx_HallSensor_MspDeInit                    build/stm32f3xx_hal_tim_ex.o
HAL_TIMEx_HallSensor_MspInit                      build/stm32f3xx_hal_tim_ex.o
HAL_TIMEx_HallSensor_Start                        build/stm32f3xx_hal_tim_ex.o
HAL_TIMEx_HallSensor_Start_DMA                    build/stm32f3xx_hal_tim_ex.o
HAL_TIMEx_HallSensor_Start_IT                     build/stm32f3xx_hal_tim_ex.o
HAL_TIMEx_HallSensor_Stop                         build/stm32f3xx_hal_tim_ex.o
HAL_TIMEx_HallSensor_Stop_DMA                     build/stm32f3xx_hal_tim_ex.o
HAL_TIMEx_HallSensor_Stop_IT                      build/stm32f3xx_hal_tim_ex.o
HAL_TIMEx_MasterConfigSynchronization             build/stm32f3xx_hal_tim_ex.o
HAL_TIMEx_OCN_Start                               build/stm32f3xx_hal_tim_ex.o
HAL_TIMEx_OCN_Start_DMA                           build/stm32f3xx_hal_tim_ex.o
HAL_TIMEx_OCN_Start_IT                            build/stm32f3xx_hal_tim_ex.o
HAL_TIMEx_OCN_Stop                                build/stm32f3xx_hal_tim_ex.o
HAL_TIMEx_OCN_Stop_DMA                            build/stm32f3xx_hal_tim_ex.o
HAL_TIMEx_OCN_Stop_IT                             build/stm32f3xx_hal_tim_ex.o
HAL_TIMEx_OnePulseN_Start                         build/stm32f3xx_hal_tim_ex.o
HAL_TIMEx_OnePulseN_Start_IT                      build/stm32f3xx_hal_tim_ex.o
HAL_TIMEx_OnePulseN_Stop                          build/stm32f3xx_hal_tim_ex.o
HAL_TIMEx_OnePulseN_Stop_IT                       build/stm32f3xx_hal_tim_ex.o
HAL_TIMEx_PWMN_Start                              build/stm32f3xx_hal_tim_ex.o
HAL_TIMEx_PWMN_Start_DMA                          build/stm32f3xx_hal_tim_ex.o
HAL_TIMEx_PWMN_Start_IT                           build/stm32f3xx_hal_tim_ex.o
HAL_TIMEx_PWMN_Stop                               build/stm32f3xx_hal_tim_ex.o
HAL_TIMEx_PWMN_Stop_DMA                           build/stm32f3xx_hal_tim_ex.o
HAL_TIMEx_PWMN_Stop_IT                            build/stm32f3xx_hal_tim_ex.o
HAL_TIMEx_RemapConfig                             build/stm32f3xx_hal_tim_ex.o
HAL_TIM_Base_DeInit                               build/stm32f3xx_hal_tim.o
HAL_TIM_Base_GetState                             build/stm32f3xx_hal_tim.o
HAL_TIM_Base_Init                                 build/stm32f3xx_hal_tim.o
                                                  build/stm32f3xx_hal_timebase_TIM.o
HAL_TIM_Base_MspDeInit                            build/stm32f3xx_hal_tim.o
HAL_TIM_Base_MspInit                              build/stm32f3xx_hal_tim.o
HAL_TIM_Base_Start                                build/stm32f3xx_hal_tim.o
HAL_TIM_Base_Start_DMA                            build/stm32f3xx_hal_tim.o
HAL_TIM_Base_Start_IT                             build/stm32f3xx_hal_tim.o
                                                  build/stm32f3xx_hal_timebase_TIM.o
HAL_TIM_Base_Stop                                 build/stm32f3xx_hal_tim.o
HAL_TIM_Base_Stop_DMA                             build/stm32f3xx_hal_tim.o
HAL_TIM_Base_Stop_IT                              build/stm32f3xx_hal_tim.o
HAL_TIM_ConfigClockSource                         build/stm32f3xx_hal_tim.o
HAL_TIM_ConfigOCrefClear                          build/stm32f3xx_hal_tim_ex.o
HAL_TIM_ConfigTI1Input                            build/stm32f3xx_hal_tim.o
HAL_TIM_DMABurst_MultiReadStart                   build/stm32f3xx_hal_tim.o
HAL_TIM_DMABurst_MultiWriteStart                  build/stm32f3xx_hal_tim.o
HAL_TIM_DMABurst_ReadStart                        build/stm32f3xx_hal_tim.o
HAL_TIM_DMABurst_ReadStop                         build/stm32f3xx_hal_tim.o
HAL_TIM_DMABurst_WriteStart                       build/stm32f3xx_hal_tim.o
HAL_TIM_DMABurst_WriteStop                        build/stm32f3xx_hal_tim.o
HAL_TIM_Encoder_DeInit                            build/stm32f3xx_hal_tim.o
HAL_TIM_Encoder_GetState                          build/stm32f3xx_hal_tim.o
HAL_TIM_Encoder_Init                              build/stm32f3xx_hal_tim.o
HAL_TIM_Encoder_MspDeInit                         build/stm32f3xx_hal_tim.o
HAL_TIM_Encoder_MspInit                           build/stm32f3xx_hal_tim.o
HAL_TIM_Encoder_Start                             build/stm32f3xx_hal_tim.o
HAL_TIM_Encoder_Start_DMA                         build/stm32f3xx_hal_tim.o
HAL_TIM_Encoder_Start_IT                          build/stm32f3xx_hal_tim.o
HAL_TIM_Encoder_Stop                              build/stm32f3xx_hal_tim.o
HAL_TIM_Encoder_Stop_DMA                          build/stm32f3xx_hal_tim.o
HAL_TIM_Encoder_Stop_IT                           build/stm32f3xx_hal_tim.o
HAL_TIM_ErrorCallback                             build/stm32f3xx_hal_tim.o
HAL_TIM_GenerateEvent                             build/stm32f3xx_hal_tim.o
HAL_TIM_IC_CaptureCallback                        build/stm32f3xx_hal_tim.o
HAL_TIM_IC_ConfigChannel                          build/stm32f3xx_hal_tim.o
HAL_TIM_IC_DeInit                                 build/stm32f3xx_hal_tim.o
HAL_TIM_IC_GetState                               build/stm32f3xx_hal_tim.o
HAL_TIM_IC_Init                                   build/stm32f3xx_hal_tim.o
HAL_TIM_IC_MspDeInit                              build/stm32f3xx_hal_tim.o
HAL_TIM_IC_MspInit                                build/stm32f3xx_hal_tim.o
HAL_TIM_IC_Start                                  build/stm32f3xx_hal_tim.o
HAL_TIM_IC_Start_DMA                              build/stm32f3xx_hal_tim.o
HAL_TIM_IC_Start_IT                               build/stm32f3xx_hal_tim.o
HAL_TIM_IC_Stop                                   build/stm32f3xx_hal_tim.o
HAL_TIM_IC_Stop_DMA                               build/stm32f3xx_hal_tim.o
HAL_TIM_IC_Stop_IT                                build/stm32f3xx_hal_tim.o
HAL_TIM_IRQHandler                                build/stm32f3xx_hal_tim.o
                                                  build/stm32f3xx_it.o
HAL_TIM_OC_ConfigChannel                          build/stm32f3xx_hal_tim_ex.o
HAL_TIM_OC_DeInit                                 build/stm32f3xx_hal_tim.o
HAL_TIM_OC_DelayElapsedCallback                   build/stm32f3xx_hal_tim.o
HAL_TIM_OC_GetState                               build/stm32f3xx_hal_tim.o
HAL_TIM_OC_Init                                   build/stm32f3xx_hal_tim.o
HAL_TIM_OC_MspDeInit                              build/stm32f3xx_hal_tim.o
HAL_TIM_OC_MspInit                                build/stm32f3xx_hal_tim.o
HAL_TIM_OC_Start                                  build/stm32f3xx_hal_tim.o
HAL_TIM_OC_Start_DMA                              build/stm32f3xx_hal_tim.o
HAL_TIM_OC_Start_IT                               build/stm32f3xx_hal_tim.o
HAL_TIM_OC_Stop                                   build/stm32f3xx_hal_tim.o
HAL_TIM_OC_Stop_DMA                               build/stm32f3xx_hal_tim.o
HAL_TIM_OC_Stop_IT                                build/stm32f3xx_hal_tim.o
HAL_TIM_OnePulse_ConfigChannel                    build/stm32f3xx_hal_tim.o
HAL_TIM_OnePulse_DeInit                           build/stm32f3xx_hal_tim.o
HAL_TIM_OnePulse_GetState                         build/stm32f3xx_hal_tim.o
HAL_TIM_OnePulse_Init                             build/stm32f3xx_hal_tim.o
HAL_TIM_OnePulse_MspDeInit                        build/stm32f3xx_hal_tim.o
HAL_TIM_OnePulse_MspInit                          build/stm32f3xx_hal_tim.o
HAL_TIM_OnePulse_Start                            build/stm32f3xx_hal_tim.o
HAL_TIM_OnePulse_Start_IT                         build/stm32f3xx_hal_tim.o
HAL_TIM_OnePulse_Stop                             build/stm32f3xx_hal_tim.o
HAL_TIM_OnePulse_Stop_IT                          build/stm32f3xx_hal_tim.o
HAL_TIM_PWM_ConfigChannel                         build/stm32f3xx_hal_tim_ex.o
HAL_TIM_PWM_DeInit                                build/stm32f3xx_hal_tim.o
HAL_TIM_PWM_GetState                              build/stm32f3xx_hal_tim.o
HAL_TIM_PWM_Init                                  build/stm32f3xx_hal_tim.o
HAL_TIM_PWM_MspDeInit                             build/stm32f3xx_hal_tim.o
HAL_TIM_PWM_MspInit                               build/stm32f3xx_hal_tim.o
HAL_TIM_PWM_PulseFinishedCallback                 build/stm32f3xx_hal_tim.o
HAL_TIM_PWM_Start                                 build/stm32f3xx_hal_tim.o
HAL_TIM_PWM_Start_DMA                             build/stm32f3xx_hal_tim.o
HAL_TIM_PWM_Start_IT                              build/stm32f3xx_hal_tim.o
HAL_TIM_PWM_Stop                                  build/stm32f3xx_hal_tim.o
HAL_TIM_PWM_Stop_DMA                              build/stm32f3xx_hal_tim.o
HAL_TIM_PWM_Stop_IT                               build/stm32f3xx_hal_tim.o
HAL_TIM_PeriodElapsedCallback                     build/main.o
HAL_TIM_ReadCapturedValue                         build/stm32f3xx_hal_tim.o
HAL_TIM_SlaveConfigSynchronization                build/stm32f3xx_hal_tim.o
HAL_TIM_SlaveConfigSynchronization_IT             build/stm32f3xx_hal_tim.o
HAL_TIM_TriggerCallback                           build/stm32f3xx_hal_tim.o
HAL_UARTEx_DisableStopMode                        build/stm32f3xx_hal_uart_ex.o
HAL_UARTEx_EnableStopMode                         build/stm32f3xx_hal_uart_ex.o
HAL_UARTEx_StopModeWakeUpSourceConfig             build/stm32f3xx_hal_uart_ex.o
HAL_UARTEx_WakeupCallback                         build/stm32f3xx_hal_uart_ex.o
                                                  build/stm32f3xx_hal_uart.o
HAL_UART_Abort                                    build/stm32f3xx_hal_uart.o
HAL_UART_AbortCpltCallback                        build/stm32f3xx_hal_uart.o
HAL_UART_AbortReceive                             build/stm32f3xx_hal_uart.o
HAL_UART_AbortReceiveCpltCallback                 build/stm32f3xx_hal_uart.o
HAL_UART_AbortReceive_IT                          build/stm32f3xx_hal_uart.o
HAL_UART_AbortTransmit                            build/stm32f3xx_hal_uart.o
HAL_UART_AbortTransmitCpltCallback                build/stm32f3xx_hal_uart.o
HAL_UART_AbortTransmit_IT                         build/stm32f3xx_hal_uart.o
HAL_UART_Abort_IT                                 build/stm32f3xx_hal_uart.o
HAL_UART_DMAPause                                 build/stm32f3xx_hal_uart.o
HAL_UART_DMAResume                                build/stm32f3xx_hal_uart.o
HAL_UART_DMAStop                                  build/stm32f3xx_hal_uart.o
HAL_UART_DeInit                                   build/stm32f3xx_hal_uart.o
HAL_UART_ErrorCallback                            build/stm32f3xx_hal_uart.o
HAL_UART_GetError                                 build/stm32f3xx_hal_uart.o
HAL_UART_GetState                                 build/stm32f3xx_hal_uart.o
HAL_UART_IRQHandler                               build/stm32f3xx_hal_uart.o
HAL_UART_Init                                     build/stm32f3xx_hal_uart.o
                                                  build/main.o
HAL_UART_MspDeInit                                build/stm32f3xx_hal_msp.o
HAL_UART_MspInit                                  build/stm32f3xx_hal_msp.o
                                                  build/stm32f3xx_hal_uart_ex.o
HAL_UART_Receive                                  build/stm32f3xx_hal_uart.o
HAL_UART_Receive_DMA                              build/stm32f3xx_hal_uart.o
HAL_UART_Receive_IT                               build/stm32f3xx_hal_uart.o
HAL_UART_RxCpltCallback                           build/stm32f3xx_hal_uart.o
HAL_UART_RxHalfCpltCallback                       build/stm32f3xx_hal_uart.o
HAL_UART_Transmit                                 build/stm32f3xx_hal_uart.o
HAL_UART_Transmit_DMA                             build/stm32f3xx_hal_uart.o
HAL_UART_Transmit_IT                              build/stm32f3xx_hal_uart.o
HAL_UART_TxCpltCallback                           build/stm32f3xx_hal_uart.o
HAL_UART_TxHalfCpltCallback                       build/stm32f3xx_hal_uart.o
HardFault_Handler                                 build/startup_stm32f302x8.o
I2C1_ER_IRQHandler                                build/startup_stm32f302x8.o
I2C1_EV_IRQHandler                                build/startup_stm32f302x8.o
I2C2_ER_IRQHandler                                build/startup_stm32f302x8.o
I2C2_EV_IRQHandler                                build/startup_stm32f302x8.o
I2C3_ER_IRQHandler                                build/startup_stm32f302x8.o
I2C3_EV_IRQHandler                                build/startup_stm32f302x8.o
ILI9341_Draw_Char                                 build/ILI9341_GFX.o
ILI9341_Draw_Colour                               build/ILI9341_STM32_Driver.o
ILI9341_Draw_Colour_Burst                         build/ILI9341_STM32_Driver.o
ILI9341_Draw_Filled_Circle                        build/ILI9341_GFX.o
ILI9341_Draw_Filled_Rectangle_Coord               build/ILI9341_GFX.o
                                                  build/main.o
ILI9341_Draw_Hollow_Circle                        build/ILI9341_GFX.o
ILI9341_Draw_Hollow_Rectangle_Coord               build/ILI9341_GFX.o
                                                  build/main.o
ILI9341_Draw_Horizontal_Line                      build/ILI9341_STM32_Driver.o
                                                  build/ILI9341_GFX.o
ILI9341_Draw_Image                                build/ILI9341_GFX.o
ILI9341_Draw_Pixel                                build/ILI9341_STM32_Driver.o
                                                  build/ILI9341_GFX.o
                                                  build/main.o
ILI9341_Draw_Rectangle                            build/ILI9341_STM32_Driver.o
                                                  build/ILI9341_GFX.o
                                                  build/main.o
ILI9341_Draw_Text                                 build/ILI9341_GFX.o
                                                  build/main.o
ILI9341_Draw_Vertical_Line                        build/ILI9341_STM32_Driver.o
                                                  build/ILI9341_GFX.o
ILI9341_Enable                                    build/ILI9341_STM32_Driver.o
ILI9341_Fill_Screen                               build/ILI9341_STM32_Driver.o
                                                  build/main.o
ILI9341_Init                                      build/ILI9341_STM32_Driver.o
                                                  build/main.o
ILI9341_Reset                                     build/ILI9341_STM32_Driver.o
ILI9341_SPI_Init                                  build/ILI9341_STM32_Driver.o
ILI9341_SPI_Send                                  build/ILI9341_STM32_Driver.o
ILI9341_Set_Address                               build/ILI9341_STM32_Driver.o
                                                  build/ILI9341_GFX.o
ILI9341_Set_Rotation                              build/ILI9341_STM32_Driver.o
                                                  build/ILI9341_GFX.o
                                                  build/main.o
ILI9341_Write_Command                             build/ILI9341_STM32_Driver.o
ILI9341_Write_Data                                build/ILI9341_STM32_Driver.o
LCD_HEIGHT                                        build/ILI9341_STM32_Driver.o
LCD_SPI_Init                                      build/lcd_spi.o
                                                  build/ILI9341_STM32_Driver.o
                                                  build/main.o
LCD_WIDTH                                         build/ILI9341_STM32_Driver.o
MemManage_Handler                                 build/startup_stm32f302x8.o
NMI_Handler                                       build/startup_stm32f302x8.o
PVD_IRQHandler                                    build/startup_stm32f302x8.o
PendSV_Handler                                    build/startup_stm32f302x8.o
RCC_IRQHandler                                    build/startup_stm32f302x8.o
RTC_Alarm_IRQHandler                              build/startup_stm32f302x8.o
RTC_WKUP_IRQHandler                               build/startup_stm32f302x8.o
Reset_Handler                                     build/startup_stm32f302x8.o
SEGGER_RTT_AllocDownBuffer                        build/SEGGER_RTT.o
SEGGER_RTT_AllocUpBuffer                          build/SEGGER_RTT.o
SEGGER_RTT_ConfigDownBuffer                       build/SEGGER_RTT.o
                                                  build/SEGGER_SYSVIEW.o
SEGGER_RTT_ConfigUpBuffer                         build/SEGGER_RTT.o
                                                  build/SEGGER_SYSVIEW.o
SEGGER_RTT_GetKey                                 build/SEGGER_RTT.o
SEGGER_RTT_HasData                                build/SEGGER_RTT.o
SEGGER_RTT_HasKey                                 build/SEGGER_RTT.o
SEGGER_RTT_Init                                   build/SEGGER_RTT.o
SEGGER_RTT_Read                                   build/SEGGER_RTT.o
SEGGER_RTT_ReadNoLock                             build/SEGGER_RTT.o
                                                  build/SEGGER_SYSVIEW.o
SEGGER_RTT_SetFlagsDownBuffer                     build/SEGGER_RTT.o
SEGGER_RTT_SetFlagsUpBuffer                       build/SEGGER_RTT.o
SEGGER_RTT_SetNameDownBuffer                      build/SEGGER_RTT.o
SEGGER_RTT_SetNameUpBuffer                        build/SEGGER_RTT.o
SEGGER_RTT_SetTerminal                            build/SEGGER_RTT.o
SEGGER_RTT_TerminalOut                            build/SEGGER_RTT.o
SEGGER_RTT_WaitKey                                build/SEGGER_RTT.o
SEGGER_RTT_Write                                  build/SEGGER_RTT.o
SEGGER_RTT_WriteNoLock                            build/SEGGER_RTT.o
SEGGER_RTT_WriteSkipNoLock                        build/SEGGER_RTT.o
                                                  build/SEGGER_SYSVIEW.o
SEGGER_RTT_WriteString                            build/SEGGER_RTT.o
SEGGER_RTT_WriteWithOverwriteNoLock               build/SEGGER_RTT.o