Archive member included because of file (symbol)

/usr/bin/../lib/gcc/arm-none-eabi/4.9.3/../../../../arm-none-eabi/lib/armv7e-m/fpu/libc_nano.a(lib_a-exit.o)
                              /usr/bin/../lib/gcc/arm-none-eabi/4.9.3/../../../../arm-none-eabi/lib/armv7e-m/fpu/crt0.o (exit)
/usr/bin/../lib/gcc/arm-none-eabi/4.9.3/../../../../arm-none-eabi/lib/armv7e-m/fpu/libc_nano.a(lib_a-impure.o)
                              /usr/bin/../lib/gcc/arm-none-eabi/4.9.3/../../../../arm-none-eabi/lib/armv7e-m/fpu/libc_nano.a(lib_a-exit.o) (_global_impure_ptr)
/usr/bin/../lib/gcc/arm-none-eabi/4.9.3/../../../../arm-none-eabi/lib/armv7e-m/fpu/libc_nano.a(lib_a-init.o)
                              /usr/bin/../lib/gcc/arm-none-eabi/4.9.3/../../../../arm-none-eabi/lib/armv7e-m/fpu/crt0.o (__libc_init_array)
/usr/bin/../lib/gcc/arm-none-eabi/4.9.3/../../../../arm-none-eabi/lib/armv7e-m/fpu/libc_nano.a(lib_a-memcpy.o)
                              build/SEGGER_RTT.o (memcpy)
/usr/bin/../lib/gcc/arm-none-eabi/4.9.3/../../../../arm-none-eabi/lib/armv7e-m/fpu/libc_nano.a(lib_a-memset.o)
                              /usr/bin/../lib/gcc/arm-none-eabi/4.9.3/../../../../arm-none-eabi/lib/armv7e-m/fpu/crt0.o (memset)
/usr/bin/../lib/gcc/arm-none-eabi/4.9.3/../../../../arm-none-eabi/lib/armv7e-m/fpu/libc_nano.a(lib_a-strlen.o)
                              build/SEGGER_RTT.o (strlen)
/usr/bin/../lib/gcc/arm-none-eabi/4.9.3/../../../../arm-none-eabi/lib/armv7e-m/fpu/libnosys.a(_exit.o)
                              /usr/bin/../lib/gcc/arm-none-eabi/4.9.3/../../../../arm-none-eabi/lib/armv7e-m/fpu/libc_nano.a(lib_a-exit.o) (_exit)

Allocating common symbols
Common symbol       size              file

_SEGGER_RTT         0xa8              build/SEGGER_RTT.o

Discarded input sections

 .text          0x0000000000000000        0x0 /usr/bin/../lib/gcc/arm-none-eabi/4.9.3/armv7e-m/fpu/crti.o
 .data          0x0000000000000000        0x0 /usr/bin/../lib/gcc/arm-none-eabi/4.9.3/armv7e-m/fpu/crti.o
 .bss           0x0000000000000000        0x0 /usr/bin/../lib/gcc/arm-none-eabi/4.9.3/armv7e-m/fpu/crti.o
 .data          0x0000000000000000        0x4 /usr/bin/../lib/gcc/arm-none-eabi/4.9.3/armv7e-m/fpu/crtbegin.o
 .text          0x0000000000000000       0x74 /usr/bin/../lib/gcc/arm-none-eabi/4.9.3/../../../../arm-none-eabi/lib/armv7e-m/fpu/crt0.o
 .data          0x0000000000000000        0x0 /usr/bin/../lib/gcc/arm-none-eabi/4.9.3/../../../../arm-none-eabi/lib/armv7e-m/fpu/crt0.o
 .bss           0x0000000000000000        0x0 /usr/bin/../lib/gcc/arm-none-eabi/4.9.3/../../../../arm-none-eabi/lib/armv7e-m/fpu/crt0.o
 .ARM.extab     0x0000000000000000        0x0 /usr/bin/../lib/gcc/arm-none-eabi/4.9.3/../../../../arm-none-eabi/lib/armv7e-m/fpu/crt0.o
 .ARM.exidx     0x0000000000000000        0x8 /usr/bin/../lib/gcc/arm-none-eabi/4.9.3/../../../../arm-none-eabi/lib/armv7e-m/fpu/crt0.o
 .ARM.attributes
                0x0000000000000000       0x20 /usr/bin/../lib/gcc/arm-none-eabi/4.9.3/../../../../arm-none-eabi/lib/armv7e-m/fpu/crt0.o
 .text          0x0000000000000000        0x0 build/main.o
 .data          0x0000000000000000        0x0 build/main.o
 .bss           0x0000000000000000        0x0 build/main.o
 .text          0x0000000000000000        0x0 build/system_stm32f3xx.o
 .data          0x0000000000000000        0x0 build/system_stm32f3xx.o
 .bss           0x0000000000000000        0x0 build/system_stm32f3xx.o
 .rodata.AHBPrescTable
                0x0000000000000000       0x10 build/system_stm32f3xx.o
 .rodata.APBPrescTable
                0x0000000000000000        0x8 build/system_stm32f3xx.o
 .text.SystemCoreClockUpdate
                0x0000000000000000       0xd4 build/system_stm32f3xx.o
 .text          0x0000000000000000        0x0 build/stm32f3xx_it.o
 .data          0x0000000000000000        0x0 build/stm32f3xx_it.o
 .bss           0x0000000000000000        0x0 build/stm32f3xx_it.o
 .text          0x0000000000000000        0x0 build/stm32f3xx_ll_rcc.o
 .data          0x0000000000000000        0x0 build/stm32f3xx_ll_rcc.o
 .bss           0x0000000000000000        0x0 build/stm32f3xx_ll_rcc.o
 .debug_line    0x0000000000000000        0x0 build/stm32f3xx_ll_rcc.o
 .debug_str     0x0000000000000000      0x130 build/stm32f3xx_ll_rcc.o
 .comment       0x0000000000000000       0x71 build/stm32f3xx_ll_rcc.o
 .ARM.attributes
                0x0000000000000000       0x39 build/stm32f3xx_ll_rcc.o
 .text          0x0000000000000000        0x0 build/stm32f3xx_ll_usart.o
 .data          0x0000000000000000        0x0 build/stm32f3xx_ll_usart.o
 .bss           0x0000000000000000        0x0 build/stm32f3xx_ll_usart.o
 .debug_line    0x0000000000000000        0x0 build/stm32f3xx_ll_usart.o
 .debug_str     0x0000000000000000      0x132 build/stm32f3xx_ll_usart.o
 .comment       0x0000000000000000       0x71 build/stm32f3xx_ll_usart.o
 .ARM.attributes
                0x0000000000000000       0x39 build/stm32f3xx_ll_usart.o
 .text          0x0000000000000000        0x0 build/stm32f3xx_ll_utils.o
 .data          0x0000000000000000        0x0 build/stm32f3xx_ll_utils.o
 .bss           0x0000000000000000        0x0 build/stm32f3xx_ll_utils.o
 .text.LL_RCC_HSE_EnableBypass
                0x0000000000000000       0x1c build/stm32f3xx_ll_utils.o
 .text.LL_RCC_HSE_DisableBypass
                0x0000000000000000       0x1c build/stm32f3xx_ll_utils.o
 .text.LL_RCC_HSE_Enable
                0x0000000000000000       0x1c build/stm32f3xx_ll_utils.o
 .text.LL_RCC_HSE_IsReady
                0x0000000000000000       0x24 build/stm32f3xx_ll_utils.o
 .text.LL_RCC_HSI_Enable
                0x0000000000000000       0x1c build/stm32f3xx_ll_utils.o
 .text.LL_RCC_HSI_IsReady
                0x0000000000000000       0x24 build/stm32f3xx_ll_utils.o
 .text.LL_RCC_SetSysClkSource
                0x0000000000000000       0x28 build/stm32f3xx_ll_utils.o
 .text.LL_RCC_GetSysClkSource
                0x0000000000000000       0x1c build/stm32f3xx_ll_utils.o
 .text.LL_RCC_SetAHBPrescaler
                0x0000000000000000       0x28 build/stm32f3xx_ll_utils.o
 .text.LL_RCC_SetAPB1Prescaler
                0x0000000000000000       0x28 build/stm32f3xx_ll_utils.o
 .text.LL_RCC_SetAPB2Prescaler
                0x0000000000000000       0x28 build/stm32f3xx_ll_utils.o
 .text.LL_RCC_GetAHBPrescaler
                0x0000000000000000       0x1c build/stm32f3xx_ll_utils.o
 .text.LL_RCC_PLL_Enable
                0x0000000000000000       0x1c build/stm32f3xx_ll_utils.o
 .text.LL_RCC_PLL_IsReady
                0x0000000000000000       0x24 build/stm32f3xx_ll_utils.o
 .text.LL_RCC_PLL_ConfigDomain_SYS
                0x0000000000000000       0x44 build/stm32f3xx_ll_utils.o
 .text.LL_FLASH_SetLatency
                0x0000000000000000       0x28 build/stm32f3xx_ll_utils.o
 .text.LL_FLASH_GetLatency
                0x0000000000000000       0x1c build/stm32f3xx_ll_utils.o
 .text.LL_PLL_ConfigSystemClock_HSI
                0x0000000000000000       0x74 build/stm32f3xx_ll_utils.o
 .text.LL_PLL_ConfigSystemClock_HSE
                0x0000000000000000       0x84 build/stm32f3xx_ll_utils.o
 .text.UTILS_SetFlashLatency
                0x0000000000000000       0x60 build/stm32f3xx_ll_utils.o
 .text.UTILS_GetPLLOutputFrequency
                0x0000000000000000       0x50 build/stm32f3xx_ll_utils.o
 .text.UTILS_PLL_IsBusy
                0x0000000000000000       0x24 build/stm32f3xx_ll_utils.o
 .text.UTILS_EnablePLLAndSwitchSystem
                0x0000000000000000       0xd8 build/stm32f3xx_ll_utils.o
 .text          0x0000000000000000        0x0 build/stm32f3xx_ll_gpio.o
 .data          0x0000000000000000        0x0 build/stm32f3xx_ll_gpio.o
 .bss           0x0000000000000000        0x0 build/stm32f3xx_ll_gpio.o
 .debug_line    0x0000000000000000        0x0 build/stm32f3xx_ll_gpio.o
 .debug_str     0x0000000000000000      0x131 build/stm32f3xx_ll_gpio.o
 .comment       0x0000000000000000       0x71 build/stm32f3xx_ll_gpio.o
 .ARM.attributes
                0x0000000000000000       0x39 build/stm32f3xx_ll_gpio.o
 .text          0x0000000000000000        0x0 build/stm32f3xx_ll_exti.o
 .data          0x0000000000000000        0x0 build/stm32f3xx_ll_exti.o
 .bss           0x0000000000000000        0x0 build/stm32f3xx_ll_exti.o
 .debug_line    0x0000000000000000        0x0 build/stm32f3xx_ll_exti.o
 .debug_str     0x0000000000000000      0x131 build/stm32f3xx_ll_exti.o
 .comment       0x0000000000000000       0x71 build/stm32f3xx_ll_exti.o
 .ARM.attributes
                0x0000000000000000       0x39 build/stm32f3xx_ll_exti.o
 .text          0x0000000000000000        0x0 build/stm32f3xx_ll_pwr.o
 .data          0x0000000000000000        0x0 build/stm32f3xx_ll_pwr.o
 .bss           0x0000000000000000        0x0 build/stm32f3xx_ll_pwr.o
 .debug_line    0x0000000000000000        0x0 build/stm32f3xx_ll_pwr.o
 .debug_str     0x0000000000000000      0x130 build/stm32f3xx_ll_pwr.o
 .comment       0x0000000000000000       0x71 build/stm32f3xx_ll_pwr.o
 .ARM.attributes
                0x0000000000000000       0x39 build/stm32f3xx_ll_pwr.o
 .text          0x0000000000000000        0x0 build/SEGGER_RTT.o
 .data          0x0000000000000000        0x0 build/SEGGER_RTT.o
 .bss           0x0000000000000000        0x0 build/SEGGER_RTT.o
 .data._aTerminalId
                0x0000000000000000       0x10 build/SEGGER_RTT.o
 .bss._ActiveTerminal
                0x0000000000000000        0x1 build/SEGGER_RTT.o
 .text._WriteBlocking
                0x0000000000000000       0xb4 build/SEGGER_RTT.o
 .text._WriteNoCheck
                0x0000000000000000       0x80 build/SEGGER_RTT.o
 .text._PostTerminalSwitch
                0x0000000000000000       0x30 build/SEGGER_RTT.o
 .text._GetAvailWriteSpace
                0x0000000000000000       0x48 build/SEGGER_RTT.o
 .text.SEGGER_RTT_Read
                0x0000000000000000       0x38 build/SEGGER_RTT.o
 .text.SEGGER_RTT_WriteWithOverwriteNoLock
                0x0000000000000000      0x128 build/SEGGER_RTT.o
 .text.SEGGER_RTT_WriteNoLock
                0x0000000000000000       0x9c build/SEGGER_RTT.o
 .text.SEGGER_RTT_Write
                0x0000000000000000       0x48 build/SEGGER_RTT.o
 .text.SEGGER_RTT_WriteString
                0x0000000000000000       0x28 build/SEGGER_RTT.o
 .text.SEGGER_RTT_GetKey
                0x0000000000000000       0x34 build/SEGGER_RTT.o
 .text.SEGGER_RTT_WaitKey
                0x0000000000000000       0x1c build/SEGGER_RTT.o
 .text.SEGGER_RTT_HasKey
                0x0000000000000000       0x3c build/SEGGER_RTT.o
 .text.SEGGER_RTT_HasData
                0x0000000000000000       0x38 build/SEGGER_RTT.o
 .text.SEGGER_RTT_AllocDownBuffer
                0x0000000000000000       0xf4 build/SEGGER_RTT.o
 .text.SEGGER_RTT_AllocUpBuffer
                0x0000000000000000       0xf4 build/SEGGER_RTT.o
 .text.SEGGER_RTT_SetNameUpBuffer
                0x0000000000000000       0x64 build/SEGGER_RTT.o
 .text.SEGGER_RTT_SetNameDownBuffer
                0x0000000000000000       0x64 build/SEGGER_RTT.o
 .text.SEGGER_RTT_SetFlagsUpBuffer
                0x0000000000000000       0x64 build/SEGGER_RTT.o
 .text.SEGGER_RTT_SetFlagsDownBuffer
                0x0000000000000000       0x64 build/SEGGER_RTT.o
 .text.SEGGER_RTT_Init
                0x0000000000000000        0xc build/SEGGER_RTT.o
 .text.SEGGER_RTT_SetTerminal
                0x0000000000000000       0xb4 build/SEGGER_RTT.o
 .text.SEGGER_RTT_TerminalOut
                0x0000000000000000      0x120 build/SEGGER_RTT.o
 .text          0x0000000000000000        0x0 build/SEGGER_SYSVIEW.o
 .data          0x0000000000000000        0x0 build/SEGGER_SYSVIEW.o
 .bss           0x0000000000000000        0x0 build/SEGGER_SYSVIEW.o
 .text._EncodeData
                0x0000000000000000       0x4c build/SEGGER_SYSVIEW.o
 .text._VPrintHost
                0x0000000000000000      0x17c build/SEGGER_SYSVIEW.o
 .text._StoreChar
                0x0000000000000000       0xf4 build/SEGGER_SYSVIEW.o
 .text._PrintUnsigned
                0x0000000000000000      0x128 build/SEGGER_SYSVIEW.o
 .text._PrintInt
                0x0000000000000000      0x120 build/SEGGER_SYSVIEW.o
 .text._VPrintTarget
                0x0000000000000000      0x374 build/SEGGER_SYSVIEW.o
 .text.SEGGER_SYSVIEW_RecordU32x3
                0x0000000000000000       0xec build/SEGGER_SYSVIEW.o
 .text.SEGGER_SYSVIEW_RecordU32x4
                0x0000000000000000      0x124 build/SEGGER_SYSVIEW.o
 .text.SEGGER_SYSVIEW_RecordU32x5
                0x0000000000000000      0x15c build/SEGGER_SYSVIEW.o
 .text.SEGGER_SYSVIEW_RecordU32x6
                0x0000000000000000      0x194 build/SEGGER_SYSVIEW.o
 .text.SEGGER_SYSVIEW_RecordU32x7
                0x0000000000000000      0x1cc build/SEGGER_SYSVIEW.o
 .text.SEGGER_SYSVIEW_RecordU32x8
                0x0000000000000000      0x204 build/SEGGER_SYSVIEW.o
 .text.SEGGER_SYSVIEW_RecordU32x9
                0x0000000000000000      0x240 build/SEGGER_SYSVIEW.o
 .text.SEGGER_SYSVIEW_RecordU32x10
                0x0000000000000000      0x27c build/SEGGER_SYSVIEW.o
 .text.SEGGER_SYSVIEW_RecordString
                0x0000000000000000       0x48 build/SEGGER_SYSVIEW.o
 .text.SEGGER_SYSVIEW_SendTaskInfo
                0x0000000000000000      0x1c8 build/SEGGER_SYSVIEW.o
 .text.SEGGER_SYSVIEW_RecordEnterISR
                0x0000000000000000       0x80 build/SEGGER_SYSVIEW.o
 .text.SEGGER_SYSVIEW_RecordExitISR
                0x0000000000000000       0x38 build/SEGGER_SYSVIEW.o
 .text.SEGGER_SYSVIEW_RecordExitISRToScheduler
                0x0000000000000000       0x38 build/SEGGER_SYSVIEW.o
 .text.SEGGER_SYSVIEW_RecordEnterTimer
                0x0000000000000000       0x80 build/SEGGER_SYSVIEW.o
 .text.SEGGER_SYSVIEW_RecordExitTimer
                0x0000000000000000       0x38 build/SEGGER_SYSVIEW.o
 .text.SEGGER_SYSVIEW_RecordEndCall
                0x0000000000000000       0x74 build/SEGGER_SYSVIEW.o
 .text.SEGGER_SYSVIEW_RecordEndCallU32
                0x0000000000000000       0xb0 build/SEGGER_SYSVIEW.o
 .text.SEGGER_SYSVIEW_OnIdle
                0x0000000000000000       0x38 build/SEGGER_SYSVIEW.o
 .text.SEGGER_SYSVIEW_OnTaskCreate
                0x0000000000000000       0x84 build/SEGGER_SYSVIEW.o
 .text.SEGGER_SYSVIEW_OnTaskTerminate
                0x0000000000000000       0x84 build/SEGGER_SYSVIEW.o
 .text.SEGGER_SYSVIEW_OnTaskStartExec
                0x0000000000000000       0x84 build/SEGGER_SYSVIEW.o
 .text.SEGGER_SYSVIEW_OnTaskStopExec
                0x0000000000000000       0x38 build/SEGGER_SYSVIEW.o
 .text.SEGGER_SYSVIEW_OnTaskStartReady
                0x0000000000000000       0x84 build/SEGGER_SYSVIEW.o
 .text.SEGGER_SYSVIEW_OnTaskStopReady
                0x0000000000000000       0xc0 build/SEGGER_SYSVIEW.o
 .text.SEGGER_SYSVIEW_OnUserStart
                0x0000000000000000       0x74 build/SEGGER_SYSVIEW.o
 .text.SEGGER_SYSVIEW_OnUserStop
                0x0000000000000000       0x74 build/SEGGER_SYSVIEW.o
 .text.SEGGER_SYSVIEW_NameResource
                0x0000000000000000       0x90 build/SEGGER_SYSVIEW.o
 .text.SEGGER_SYSVIEW_SendPacket
                0x0000000000000000       0x38 build/SEGGER_SYSVIEW.o
 .text.SEGGER_SYSVIEW_EncodeU32
                0x0000000000000000       0x50 build/SEGGER_SYSVIEW.o
 .text.SEGGER_SYSVIEW_EncodeString
                0x0000000000000000       0x20 build/SEGGER_SYSVIEW.o
 .text.SEGGER_SYSVIEW_EncodeData
                0x0000000000000000       0x20 build/SEGGER_SYSVIEW.o
 .text.SEGGER_SYSVIEW_EncodeId
                0x0000000000000000       0x60 build/SEGGER_SYSVIEW.o
 .text.SEGGER_SYSVIEW_ShrinkId
                0x0000000000000000       0x24 build/SEGGER_SYSVIEW.o
 .text.SEGGER_SYSVIEW_RegisterModule
                0x0000000000000000       0x90 build/SEGGER_SYSVIEW.o
 .text.SEGGER_SYSVIEW_RecordModuleDescription
                0x0000000000000000       0xf0 build/SEGGER_SYSVIEW.o
 .text.SEGGER_SYSVIEW_PrintfHostEx
                0x0000000000000000       0x2c build/SEGGER_SYSVIEW.o
 .text.SEGGER_SYSVIEW_PrintfHost
                0x0000000000000000       0x28 build/SEGGER_SYSVIEW.o
 .text.SEGGER_SYSVIEW_WarnfHost
                0x0000000000000000       0x28 build/SEGGER_SYSVIEW.o
 .text.SEGGER_SYSVIEW_ErrorfHost
                0x0000000000000000       0x28 build/SEGGER_SYSVIEW.o
 .text.SEGGER_SYSVIEW_PrintfTargetEx
                0x0000000000000000       0x2c build/SEGGER_SYSVIEW.o
 .text.SEGGER_SYSVIEW_PrintfTarget
                0x0000000000000000       0x28 build/SEGGER_SYSVIEW.o
 .text.SEGGER_SYSVIEW_WarnfTarget
                0x0000000000000000       0x28 build/SEGGER_SYSVIEW.o
 .text.SEGGER_SYSVIEW_ErrorfTarget
                0x0000000000000000       0x28 build/SEGGER_SYSVIEW.o
 .text.SEGGER_SYSVIEW_Warn
                0x0000000000000000       0xb4 build/SEGGER_SYSVIEW.o
 .text.SEGGER_SYSVIEW_Error
                0x0000000000000000       0xb4 build/SEGGER_SYSVIEW.o
 .text.SEGGER_SYSVIEW_EnableEvents
                0x0000000000000000       0x24 build/SEGGER_SYSVIEW.o
 .text.SEGGER_SYSVIEW_DisableEvents
                0x0000000000000000       0x24 build/SEGGER_SYSVIEW.o
 .rodata._aV2C.5453
                0x0000000000000000       0x10 build/SEGGER_SYSVIEW.o
 .text          0x0000000000000000        0x0 build/SEGGER_SYSVIEW_Config_NoOS.o
 .data          0x0000000000000000        0x0 build/SEGGER_SYSVIEW_Config_NoOS.o
 .bss           0x0000000000000000        0x0 build/SEGGER_SYSVIEW_Config_NoOS.o
 .text          0x0000000000000000       0x14 build/startup_stm32f302x8.o
 .data          0x0000000000000000        0x0 build/startup_stm32f302x8.o
 .bss           0x0000000000000000        0x0 build/startup_stm32f302x8.o
 .text          0x0000000000000000        0x0 /usr/bin/../lib/gcc/arm-none-eabi/4.9.3/../../../../arm-none-eabi/lib/armv7e-m/fpu/libc_nano.a(lib_a-exit.o)
 .data          0x0000000000000000        0x0 /usr/bin/../lib/gcc/arm-none-eabi/4.9.3/../../../../arm-none-eabi/lib/armv7e-m/fpu/libc_nano.a(lib_a-exit.o)
 .bss           0x0000000000000000        0x0 /usr/bin/../lib/gcc/arm-none-eabi/4.9.3/../../../../arm-none-eabi/lib/armv7e-m/fpu/libc_nano.a(lib_a-exit.o)
 .text.exit     0x0000000000000000       0x28 /usr/bin/../lib/gcc/arm-none-eabi/4.9.3/../../../../arm-none-eabi/lib/armv7e-m/fpu/libc_nano.a(lib_a-exit.o)
 .debug_frame   0x0000000000000000       0x28 /usr/bin/../lib/gcc/arm-none-eabi/4.9.3/../../../../arm-none-eabi/lib/armv7e-m/fpu/libc_nano.a(lib_a-exit.o)
 .ARM.attributes
                0x0000000000000000       0x34 /usr/bin/../lib/gcc/arm-none-eabi/4.9.3/../../../../arm-none-eabi/lib/armv7e-m/fpu/libc_nano.a(lib_a-exit.o)
 .text          0x0000000000000000        0x0 /usr/bin/../lib/gcc/arm-none-eabi/4.9.3/../../../../arm-none-eabi/lib/armv7e-m/fpu/libc_nano.a(lib_a-impure.o)
 .data          0x0000000000000000        0x0 /usr/bin/../lib/gcc/arm-none-eabi/4.9.3/../../../../arm-none-eabi/lib/armv7e-m/fpu/libc_nano.a(lib_a-impure.o)
 .bss           0x0000000000000000        0x0 /usr/bin/../lib/gcc/arm-none-eabi/4.9.3/../../../../arm-none-eabi/lib/armv7e-m/fpu/libc_nano.a(lib_a-impure.o)
 .data.impure_data
                0x0000000000000000       0x60 /usr/bin/../lib/gcc/arm-none-eabi/4.9.3/../../../../arm-none-eabi/lib/armv7e-m/fpu/libc_nano.a(lib_a-impure.o)
 .data._impure_ptr
                0x0000000000000000        0x4 /usr/bin/../lib/gcc/arm-none-eabi/4.9.3/../../../../arm-none-eabi/lib/armv7e-m/fpu/libc_nano.a(lib_a-impure.o)
 .rodata.str1.1
                0x0000000000000000        0x2 /usr/bin/../lib/gcc/arm-none-eabi/4.9.3/../../../../arm-none-eabi/lib/armv7e-m/fpu/libc_nano.a(lib_a-impure.o)
 .rodata._global_impure_ptr
                0x0000000000000000        0x4 /usr/bin/../lib/gcc/arm-none-eabi/4.9.3/../../../../arm-none-eabi/lib/armv7e-m/fpu/libc_nano.a(lib_a-impure.o)
 .ARM.attributes
                0x0000000000000000       0x34 /usr/bin/../lib/gcc/arm-none-eabi/4.9.3/../../../../arm-none-eabi/lib/armv7e-m/fpu/libc_nano.a(lib_a-impure.o)
 .text          0x0000000000000000        0x0 /usr/bin/../lib/gcc/arm-none-eabi/4.9.3/../../../../arm-none-eabi/lib/armv7e-m/fpu/libc_nano.a(lib_a-init.o)
 .data          0x0000000000000000        0x0 /usr/bin/../lib/gcc/arm-none-eabi/4.9.3/../../../../arm-none-eabi/lib/armv7e-m/fpu/libc_nano.a(lib_a-init.o)
 .bss           0x0000000000000000        0x0 /usr/bin/../lib/gcc/arm-none-eabi/4.9.3/../../../../arm-none-eabi/lib/armv7e-m/fpu/libc_nano.a(lib_a-init.o)
 .text          0x0000000000000000        0x0 /usr/bin/../lib/gcc/arm-none-eabi/4.9.3/../../../../arm-none-eabi/lib/armv7e-m/fpu/libc_nano.a(lib_a-memcpy.o)
 .data          0x0000000000000000        0x0 /usr/bin/../lib/gcc/arm-none-eabi/4.9.3/../../../../arm-none-eabi/lib/armv7e-m/fpu/libc_nano.a(lib_a-memcpy.o)
 .bss           0x0000000000000000        0x0 /usr/bin/../lib/gcc/arm-none-eabi/4.9.3/../../../../arm-none-eabi/lib/armv7e-m/fpu/libc_nano.a(lib_a-memcpy.o)
 .text          0x0000000000000000        0x0 /usr/bin/../lib/gcc/arm-none-eabi/4.9.3/../../../../arm-none-eabi/lib/armv7e-m/fpu/libc_nano.a(lib_a-memset.o)
 .data          0x0000000000000000        0x0 /usr/bin/../lib/gcc/arm-none-eabi/4.9.3/../../../../arm-none-eabi/lib/armv7e-m/fpu/libc_nano.a(lib_a-memset.o)
 .bss           0x0000000000000000        0x0 /usr/bin/../lib/gcc/arm-none-eabi/4.9.3/../../../../arm-none-eabi/lib/armv7e-m/fpu/libc_nano.a(lib_a-memset.o)
 .text.memset   0x0000000000000000       0x10 /usr/bin/../lib/gcc/arm-none-eabi/4.9.3/../../../../arm-none-eabi/lib/armv7e-m/fpu/libc_nano.a(lib_a-memset.o)
 .debug_frame   0x0000000000000000       0x20 /usr/bin/../lib/gcc/arm-none-eabi/4.9.3/../../../../arm-none-eabi/lib/armv7e-m/fpu/libc_nano.a(lib_a-memset.o)
 .ARM.attributes
                0x0000000000000000       0x34 /usr/bin/../lib/gcc/arm-none-eabi/4.9.3/../../../../arm-none-eabi/lib/armv7e-m/fpu/libc_nano.a(lib_a-memset.o)
 .text          0x0000000000000000        0x0 /usr/bin/../lib/gcc/arm-none-eabi/4.9.3/../../../../arm-none-eabi/lib/armv7e-m/fpu/libc_nano.a(lib_a-strlen.o)
 .data          0x0000000000000000        0x0 /usr/bin/../lib/gcc/arm-none-eabi/4.9.3/../../../../arm-none-eabi/lib/armv7e-m/fpu/libc_nano.a(lib_a-strlen.o)
 .bss           0x0000000000000000        0x0 /usr/bin/../lib/gcc/arm-none-eabi/4.9.3/../../../../arm-none-eabi/lib/armv7e-m/fpu/libc_nano.a(lib_a-strlen.o)
 .text.strlen   0x0000000000000000       0x10 /usr/bin/../lib/gcc/arm-none-eabi/4.9.3/../../../../arm-none-eabi/lib/armv7e-m/fpu/libc_nano.a(lib_a-strlen.o)
 .debug_frame   0x0000000000000000       0x20 /usr/bin/../lib/gcc/arm-none-eabi/4.9.3/../../../../arm-none-eabi/lib/armv7e-m/fpu/libc_nano.a(lib_a-strlen.o)
 .ARM.attributes
                0x0000000000000000       0x34 /usr/bin/../lib/gcc/arm-none-eabi/4.9.3/../../../../arm-none-eabi/lib/armv7e-m/fpu/libc_nano.a(lib_a-strlen.o)
 .text          0x0000000000000000        0x0 /usr/bin/../lib/gcc/arm-none-eabi/4.9.3/../../../../arm-none-eabi/lib/armv7e-m/fpu/libnosys.a(_exit.o)
 .data          0x0000000000000000        0x0 /usr/bin/../lib/gcc/arm-none-eabi/4.9.3/../../../../arm-none-eabi/lib/armv7e-m/fpu/libnosys.a(_exit.o)
 .bss           0x0000000000000000        0x0 /usr/bin/../lib/gcc/arm-none-eabi/4.9.3/../../../../arm-none-eabi/lib/armv7e-m/fpu/libnosys.a(_exit.o)
 .text._exit    0x0000000000000000        0x4 /usr/bin/../lib/gcc/arm-none-eabi/4.9.3/../../../../arm-none-eabi/lib/armv7e-m/fpu/libnosys.a(_exit.o)
 .debug_frame   0x0000000000000000       0x20 /usr/bin/../lib/gcc/arm-none-eabi/4.9.3/../../../../arm-none-eabi/lib/armv7e-m/fpu/libnosys.a(_exit.o)
 .ARM.attributes
                0x0000000000000000       0x34 /usr/bin/../lib/gcc/arm-none-eabi/4.9.3/../../../../arm-none-eabi/lib/armv7e-m/fpu/libnosys.a(_exit.o)
 .text          0x0000000000000000        0x0 /usr/bin/../lib/gcc/arm-none-eabi/4.9.3/armv7e-m/fpu/crtend.o
 .data          0x0000000000000000        0x0 /usr/bin/../lib/gcc/arm-none-eabi/4.9.3/armv7e-m/fpu/crtend.o
 .bss           0x0000000000000000        0x0 /usr/bin/../lib/gcc/arm-none-eabi/4.9.3/armv7e-m/fpu/crtend.o
 .eh_frame      0x0000000000000000        0x4 /usr/bin/../lib/gcc/arm-none-eabi/4.9.3/armv7e-m/fpu/crtend.o
 .jcr           0x0000000000000000        0x4 /usr/bin/../lib/gcc/arm-none-eabi/4.9.3/armv7e-m/fpu/crtend.o
 .ARM.attributes
                0x0000000000000000       0x34 /usr/bin/../lib/gcc/arm-none-eabi/4.9.3/armv7e-m/fpu/crtend.o
 .text          0x0000000000000000        0x0 /usr/bin/../lib/gcc/arm-none-eabi/4.9.3/armv7e-m/fpu/crtn.o
 .data          0x0000000000000000        0x0 /usr/bin/../lib/gcc/arm-none-eabi/4.9.3/armv7e-m/fpu/crtn.o
 .bss           0x0000000000000000        0x0 /usr/bin/../lib/gcc/arm-none-eabi/4.9.3/armv7e-m/fpu/crtn.o

Memory Configuration

Name             Origin             Length             Attributes
RAM              0x0000000020000000 0x0000000000004000 xrw
FLASH            0x0000000008000000 0x0000000000010000 xr
*default*        0x0000000000000000 0xffffffffffffffff

Linker script and memory map

LOAD /usr/bin/../lib/gcc/arm-none-eabi/4.9.3/armv7e-m/fpu/crti.o
LOAD /usr/bin/../lib/gcc/arm-none-eabi/4.9.3/armv7e-m/fpu/crtbegin.o
LOAD /usr/bin/../lib/gcc/arm-none-eabi/4.9.3/../../../../arm-none-eabi/lib/armv7e-m/fpu/crt0.o
LOAD build/main.o
LOAD build/system_stm32f3xx.o
LOAD build/stm32f3xx_it.o
LOAD build/stm32f3xx_ll_rcc.o
LOAD build/stm32f3xx_ll_usart.o
LOAD build/stm32f3xx_ll_utils.o
LOAD build/stm32f3xx_ll_gpio.o
LOAD build/stm32f3xx_ll_exti.o
LOAD build/stm32f3xx_ll_pwr.o
LOAD build/SEGGER_RTT.o
LOAD build/SEGGER_SYSVIEW.o
LOAD build/SEGGER_SYSVIEW_Config_NoOS.o
LOAD build/startup_stm32f302x8.o
LOAD /usr/bin/../lib/gcc/arm-none-eabi/4.9.3/../../../../arm-none-eabi/lib/armv7e-m/fpu/libc_nano.a
LOAD /usr/bin/../lib/gcc/arm-none-eabi/4.9.3/../../../../arm-none-eabi/lib/armv7e-m/fpu/libm.a
LOAD /usr/bin/../lib/gcc/arm-none-eabi/4.9.3/../../../../arm-none-eabi/lib/armv7e-m/fpu/libnosys.a
START GROUP
LOAD /usr/bin/../lib/gcc/arm-none-eabi/4.9.3/armv7e-m/fpu/libgcc.a
LOAD /usr/bin/../lib/gcc/arm-none-eabi/4.9.3/../../../../arm-none-eabi/lib/armv7e-m/fpu/libc_nano.a
END GROUP
START GROUP
LOAD /usr/bin/../lib/gcc/arm-none-eabi/4.9.3/armv7e-m/fpu/libgcc.a
LOAD /usr/bin/../lib/gcc/arm-none-eabi/4.9.3/../../../../arm-none-eabi/lib/armv7e-m/fpu/libc_nano.a
END GROUP
LOAD /usr/bin/../lib/gcc/arm-none-eabi/4.9.3/armv7e-m/fpu/crtend.o
LOAD /usr/bin/../lib/gcc/arm-none-eabi/4.9.3/armv7e-m/fpu/crtn.o
                0x0000000020004000                _estack = 0x20004000
                0x0000000000000200                _Min_Heap_Size = 0x200
                0x0000000000000400                _Min_Stack_Size = 0x400

.isr_vector     0x0000000008000000      0x188
                0x0000000008000000                . = ALIGN (0x4)
 *(.isr_vector)
 .isr_vector    0x0000000008000000      0x188 build/startup_stm32f302x8.o
                0x0000000008000000                g_pfnVectors
                0x0000000008000188                . = ALIGN (0x4)

.text           0x0000000008000188     0x1e60
                0x0000000008000188                . = ALIGN (0x4)
 *(.text)
 .text          0x0000000008000188       0x5c /usr/bin/../lib/gcc/arm-none-eabi/4.9.3/armv7e-m/fpu/crtbegin.o
 *(.text*)
 .text.NVIC_EnableIRQ
                0x00000000080001e4       0x30 build/main.o
 .text.NVIC_DisableIRQ
                0x0000000008000214       0x34 build/main.o
 .text.NVIC_SetPriority
                0x0000000008000248       0x54 build/main.o
 .text.LL_AHB1_GRP1_EnableClock
                0x000000000800029c       0x30 build/main.o
 .text.LL_APB2_GRP1_EnableClock
                0x00000000080002cc       0x30 build/main.o
 .text.LL_RCC_HSI_Enable
                0x00000000080002fc       0x1c build/main.o
 .text.LL_RCC_HSI_IsReady
                0x0000000008000318       0x24 build/main.o
 .text.LL_RCC_SetSysClkSource
                0x000000000800033c       0x28 build/main.o
 .text.LL_RCC_GetSysClkSource
                0x0000000008000364       0x1c build/main.o
 .text.LL_RCC_SetAHBPrescaler
                0x0000000008000380       0x28 build/main.o
 .text.LL_RCC_SetAPB1Prescaler
                0x00000000080003a8       0x28 build/main.o
 .text.LL_RCC_SetAPB2Prescaler
                0x00000000080003d0       0x28 build/main.o
 .text.LL_RCC_SetUSARTClockSource
                0x00000000080003f8       0x34 build/main.o
 .text.LL_RCC_PLL_Enable
                0x000000000800042c       0x1c build/main.o
 .text.LL_RCC_PLL_IsReady
                0x0000000008000448       0x24 build/main.o
 .text.LL_RCC_PLL_ConfigDomain_SYS
                0x000000000800046c       0x44 build/main.o
 .text.LL_SYSCFG_SetEXTISource
                0x00000000080004b0       0x54 build/main.o
 .text.LL_FLASH_SetLatency
                0x0000000008000504       0x28 build/main.o
 .text.LL_GPIO_SetPinMode
                0x000000000800052c       0x58 build/main.o
 .text.LL_GPIO_SetPinOutputType
                0x0000000008000584       0x30 build/main.o
 .text.LL_GPIO_SetPinSpeed
                0x00000000080005b4       0x58 build/main.o
 .text.LL_GPIO_SetPinPull
                0x000000000800060c       0x58 build/main.o
 .text.LL_GPIO_SetAFPin_0_7
                0x0000000008000664       0x58 build/main.o
 .text.LL_GPIO_SetOutputPin
                0x00000000080006bc       0x1c build/main.o
 .text.LL_GPIO_ResetOutputPin
                0x00000000080006d8       0x1c build/main.o
 .text.LL_GPIO_TogglePin
                0x00000000080006f4       0x20 build/main.o
 .text.LL_EXTI_EnableIT_0_31
                0x0000000008000714       0x24 build/main.o
 .text.LL_EXTI_EnableFallingTrig_0_31
                0x0000000008000738       0x24 build/main.o
 .text.LL_USART_Enable
                0x000000000800075c       0x20 build/main.o
 .text.LL_USART_SetTransferDirection
                0x000000000800077c       0x24 build/main.o
 .text.LL_USART_ConfigCharacter
                0x00000000080007a0       0x40 build/main.o
 .text.LL_USART_SetBaudRate
                0x00000000080007e0       0x64 build/main.o
 .text.LL_USART_IsActiveFlag_TEACK
                0x0000000008000844       0x28 build/main.o
 .text.LL_USART_IsActiveFlag_REACK
                0x000000000800086c       0x28 build/main.o
 .text.LL_USART_EnableIT_RXNE
                0x0000000008000894       0x20 build/main.o
 .text.LL_USART_EnableIT_ERROR
                0x00000000080008b4       0x20 build/main.o
 .text.LL_USART_ReceiveData8
                0x00000000080008d4       0x1c build/main.o
 .text.LL_USART_TransmitData8
                0x00000000080008f0       0x20 build/main.o
 .text.main     0x0000000008000910       0x24 build/main.o
                0x0000000008000910                main
 .text.Configure_USART
                0x0000000008000934       0xf0 build/main.o
                0x0000000008000934                Configure_USART
 .text.LED_Init
                0x0000000008000a24       0x20 build/main.o
                0x0000000008000a24                LED_Init
 .text.LED_On   0x0000000008000a44       0x14 build/main.o
                0x0000000008000a44                LED_On
 .text.LED_Off  0x0000000008000a58       0x14 build/main.o
                0x0000000008000a58                LED_Off
 .text.LED_Blinking
                0x0000000008000a6c       0x20 build/main.o
                0x0000000008000a6c                LED_Blinking
 .text.UserButton_Init
                0x0000000008000a8c       0x5c build/main.o
                0x0000000008000a8c                UserButton_Init
 .text.SystemClock_Config
                0x0000000008000ae8       0x78 build/main.o
                0x0000000008000ae8                SystemClock_Config
 .text.UserButton_Callback
                0x0000000008000b60        0xc build/main.o
                0x0000000008000b60                UserButton_Callback
 .text.USART_CharReception_Callback
                0x0000000008000b6c       0x40 build/main.o
                0x0000000008000b6c                USART_CharReception_Callback
 .text.Error_Callback
                0x0000000008000bac       0x38 build/main.o
                0x0000000008000bac                Error_Callback
 .text.SystemInit
                0x0000000008000be4       0x94 build/system_stm32f3xx.o
                0x0000000008000be4                SystemInit
 .text.LL_EXTI_IsActiveFlag_0_31
                0x0000000008000c78       0x2c build/stm32f3xx_it.o
 .text.LL_EXTI_ClearFlag_0_31
                0x0000000008000ca4       0x1c build/stm32f3xx_it.o
 .text.LL_USART_IsActiveFlag_RXNE
                0x0000000008000cc0       0x28 build/stm32f3xx_it.o
 .text.LL_USART_IsEnabledIT_RXNE
                0x0000000008000ce8       0x28 build/stm32f3xx_it.o
 .text.NMI_Handler
                0x0000000008000d10        0xc build/stm32f3xx_it.o
                0x0000000008000d10                NMI_Handler
 .text.HardFault_Handler
                0x0000000008000d1c        0x8 build/stm32f3xx_it.o
                0x0000000008000d1c                HardFault_Handler
 .text.MemManage_Handler
                0x0000000008000d24        0x8 build/stm32f3xx_it.o
                0x0000000008000d24                MemManage_Handler
 .text.BusFault_Handler
                0x0000000008000d2c        0x8 build/stm32f3xx_it.o
                0x0000000008000d2c                BusFault_Handler
 .text.UsageFault_Handler
                0x0000000008000d34        0x8 build/stm32f3xx_it.o
                0x0000000008000d34                UsageFault_Handler
 .text.SVC_Handler
                0x0000000008000d3c        0xc build/stm32f3xx_it.o
                0x0000000008000d3c                SVC_Handler
 .text.DebugMon_Handler
                0x0000000008000d48        0xc build/stm32f3xx_it.o
                0x0000000008000d48                DebugMon_Handler
 .text.PendSV_Handler
                0x0000000008000d54        0xc build/stm32f3xx_it.o
                0x0000000008000d54                PendSV_Handler
 .text.SysTick_Handler
                0x0000000008000d60        0xc build/stm32f3xx_it.o
                0x0000000008000d60                SysTick_Handler
 .text.EXTI15_10_IRQHandler
                0x0000000008000d6c       0x20 build/stm32f3xx_it.o
                0x0000000008000d6c                EXTI15_10_IRQHandler
 .text.USART1_IRQHandler
                0x0000000008000d8c       0x2c build/stm32f3xx_it.o
                0x0000000008000d8c                USART1_IRQHandler
 .text.LL_InitTick
                0x0000000008000db8       0x34 build/stm32f3xx_ll_utils.o
 .text.LL_Init1msTick
                0x0000000008000dec       0x18 build/stm32f3xx_ll_utils.o
                0x0000000008000dec                LL_Init1msTick
 .text.LL_mDelay
                0x0000000008000e04       0x48 build/stm32f3xx_ll_utils.o
                0x0000000008000e04                LL_mDelay
 .text.LL_SetSystemCoreClock
                0x0000000008000e4c       0x1c build/stm32f3xx_ll_utils.o
                0x0000000008000e4c                LL_SetSystemCoreClock
 .text._DoInit  0x0000000008000e68       0xa4 build/SEGGER_RTT.o
 .text.SEGGER_RTT_ReadNoLock
                0x0000000008000f0c      0x104 build/SEGGER_RTT.o
                0x0000000008000f0c                SEGGER_RTT_ReadNoLock
 .text.SEGGER_RTT_WriteSkipNoLock
                0x0000000008001010      0x13c build/SEGGER_RTT.o
                0x0000000008001010                SEGGER_RTT_WriteSkipNoLock
 .text.SEGGER_RTT_ConfigUpBuffer
                0x000000000800114c       0xd4 build/SEGGER_RTT.o
                0x000000000800114c                SEGGER_RTT_ConfigUpBuffer
 .text.SEGGER_RTT_ConfigDownBuffer
                0x0000000008001220       0xd4 build/SEGGER_RTT.o
                0x0000000008001220                SEGGER_RTT_ConfigDownBuffer
 .text._EncodeStr
                0x00000000080012f4       0x9c build/SEGGER_SYSVIEW.o
 .text._PreparePacket
                0x0000000008001390       0x18 build/SEGGER_SYSVIEW.o
 .text._HandleIncomingPacket
                0x00000000080013a8       0xb0 build/SEGGER_SYSVIEW.o
 .text._TrySendOverflowPacket
                0x0000000008001458       0xe0 build/SEGGER_SYSVIEW.o
 .text._SendPacket
                0x0000000008001538      0x194 build/SEGGER_SYSVIEW.o
 .text.SEGGER_SYSVIEW_Init
                0x00000000080016cc       0x78 build/SEGGER_SYSVIEW.o
                0x00000000080016cc                SEGGER_SYSVIEW_Init
 .text.SEGGER_SYSVIEW_SetRAMBase
                0x0000000008001744       0x1c build/SEGGER_SYSVIEW.o
                0x0000000008001744                SEGGER_SYSVIEW_SetRAMBase
 .text.SEGGER_SYSVIEW_RecordVoid
                0x0000000008001760       0x38 build/SEGGER_SYSVIEW.o
                0x0000000008001760                SEGGER_SYSVIEW_RecordVoid
 .text.SEGGER_SYSVIEW_RecordU32
                0x0000000008001798       0x78 build/SEGGER_SYSVIEW.o
                0x0000000008001798                SEGGER_SYSVIEW_RecordU32
 .text.SEGGER_SYSVIEW_RecordU32x2
                0x0000000008001810       0xb0 build/SEGGER_SYSVIEW.o
                0x0000000008001810                SEGGER_SYSVIEW_RecordU32x2
 .text.SEGGER_SYSVIEW_Start
                0x00000000080018c0      0x178 build/SEGGER_SYSVIEW.o
                0x00000000080018c0                SEGGER_SYSVIEW_Start
 .text.SEGGER_SYSVIEW_Stop
                0x0000000008001a38       0x48 build/SEGGER_SYSVIEW.o
                0x0000000008001a38                SEGGER_SYSVIEW_Stop
 .text.SEGGER_SYSVIEW_GetSysDesc
                0x0000000008001a80      0x134 build/SEGGER_SYSVIEW.o
                0x0000000008001a80                SEGGER_SYSVIEW_GetSysDesc
 .text.SEGGER_SYSVIEW_SendTaskList
                0x0000000008001bb4       0x24 build/SEGGER_SYSVIEW.o
                0x0000000008001bb4                SEGGER_SYSVIEW_SendTaskList
 .text.SEGGER_SYSVIEW_SendSysDesc
                0x0000000008001bd8       0x44 build/SEGGER_SYSVIEW.o
                0x0000000008001bd8                SEGGER_SYSVIEW_SendSysDesc
 .text.SEGGER_SYSVIEW_RecordSystime
                0x0000000008001c1c       0x54 build/SEGGER_SYSVIEW.o
                0x0000000008001c1c                SEGGER_SYSVIEW_RecordSystime
 .text.SEGGER_SYSVIEW_SendModule
                0x0000000008001c70       0xfc build/SEGGER_SYSVIEW.o
                0x0000000008001c70                SEGGER_SYSVIEW_SendModule
 .text.SEGGER_SYSVIEW_SendModuleDescription
                0x0000000008001d6c       0x38 build/SEGGER_SYSVIEW.o
                0x0000000008001d6c                SEGGER_SYSVIEW_SendModuleDescription
 .text.SEGGER_SYSVIEW_SendNumModules
                0x0000000008001da4       0x78 build/SEGGER_SYSVIEW.o
                0x0000000008001da4                SEGGER_SYSVIEW_SendNumModules
 .text.SEGGER_SYSVIEW_Print
                0x0000000008001e1c       0xb4 build/SEGGER_SYSVIEW.o
                0x0000000008001e1c                SEGGER_SYSVIEW_Print
 .text._cbSendSystemDesc
                0x0000000008001ed0       0x1c build/SEGGER_SYSVIEW_Config_NoOS.o
 .text.SEGGER_SYSVIEW_Conf
                0x0000000008001eec       0x2c build/SEGGER_SYSVIEW_Config_NoOS.o
                0x0000000008001eec                SEGGER_SYSVIEW_Conf
 .text.Reset_Handler
                0x0000000008001f18       0x50 build/startup_stm32f302x8.o
                0x0000000008001f18                Reset_Handler
 .text.Default_Handler
                0x0000000008001f68        0x2 build/startup_stm32f302x8.o
                0x0000000008001f68                RTC_Alarm_IRQHandler
                0x0000000008001f68                TIM1_CC_IRQHandler
                0x0000000008001f68                USB_HP_IRQHandler
                0x0000000008001f68                PVD_IRQHandler
                0x0000000008001f68                TAMP_STAMP_IRQHandler
                0x0000000008001f68                EXTI3_IRQHandler
                0x0000000008001f68                I2C3_ER_IRQHandler
                0x0000000008001f68                USB_HP_CAN_TX_IRQHandler
                0x0000000008001f68                EXTI0_IRQHandler
                0x0000000008001f68                I2C2_EV_IRQHandler
                0x0000000008001f68                FPU_IRQHandler
                0x0000000008001f68                TIM1_UP_TIM16_IRQHandler
                0x0000000008001f68                CAN_SCE_IRQHandler
                0x0000000008001f68                TIM6_DAC_IRQHandler
                0x0000000008001f68                DMA1_Channel4_IRQHandler
                0x0000000008001f68                ADC1_IRQHandler
                0x0000000008001f68                USART3_IRQHandler
                0x0000000008001f68                DMA1_Channel7_IRQHandler
                0x0000000008001f68                CAN_RX1_IRQHandler
                0x0000000008001f68                I2C1_EV_IRQHandler
                0x0000000008001f68                DMA1_Channel6_IRQHandler
                0x0000000008001f68                RCC_IRQHandler
                0x0000000008001f68                DMA1_Channel1_IRQHandler
                0x0000000008001f68                Default_Handler
                0x0000000008001f68                USBWakeUp_RMP_IRQHandler
                0x0000000008001f68                COMP2_IRQHandler
                0x0000000008001f68                I2C3_EV_IRQHandler
                0x0000000008001f68                EXTI9_5_IRQHandler
                0x0000000008001f68                RTC_WKUP_IRQHandler
                0x0000000008001f68                SPI2_IRQHandler
                0x0000000008001f68                USB_LP_CAN_RX0_IRQHandler
                0x0000000008001f68                DMA1_Channel5_IRQHandler
                0x0000000008001f68                USB_LP_IRQHandler
                0x0000000008001f68                EXTI4_IRQHandler
                0x0000000008001f68                TIM1_TRG_COM_TIM17_IRQHandler
                0x0000000008001f68                DMA1_Channel3_IRQHandler
                0x0000000008001f68                WWDG_IRQHandler
                0x0000000008001f68                TIM2_IRQHandler
                0x0000000008001f68                EXTI1_IRQHandler
                0x0000000008001f68                COMP4_6_IRQHandler
                0x0000000008001f68                USART2_IRQHandler
                0x0000000008001f68                I2C2_ER_IRQHandler
                0x0000000008001f68                DMA1_Channel2_IRQHandler
                0x0000000008001f68                FLASH_IRQHandler
                0x0000000008001f68                SPI3_IRQHandler
                0x0000000008001f68                I2C1_ER_IRQHandler
                0x0000000008001f68                USBWakeUp_IRQHandler
                0x0000000008001f68                EXTI2_TSC_IRQHandler
                0x0000000008001f68                TIM1_BRK_TIM15_IRQHandler
 *fill*         0x0000000008001f6a        0x2 
 .text.__libc_init_array
                0x0000000008001f6c       0x4c /usr/bin/../lib/gcc/arm-none-eabi/4.9.3/../../../../arm-none-eabi/lib/armv7e-m/fpu/libc_nano.a(lib_a-init.o)
                0x0000000008001f6c                __libc_init_array
 .text.memcpy   0x0000000008001fb8       0x16 /usr/bin/../lib/gcc/arm-none-eabi/4.9.3/../../../../arm-none-eabi/lib/armv7e-m/fpu/libc_nano.a(lib_a-memcpy.o)
                0x0000000008001fb8                memcpy
 *(.glue_7)
 .glue_7        0x0000000000000000        0x0 linker stubs
 *(.glue_7t)
 .glue_7t       0x0000000000000000        0x0 linker stubs
 *(.eh_frame)
 *fill*         0x0000000008001fce        0x2 
 .eh_frame      0x0000000008001fd0        0x0 /usr/bin/../lib/gcc/arm-none-eabi/4.9.3/armv7e-m/fpu/crtbegin.o
 *(.init)
 .init          0x0000000008001fd0        0x4 /usr/bin/../lib/gcc/arm-none-eabi/4.9.3/armv7e-m/fpu/crti.o
                0x0000000008001fd0                _init
 .init          0x0000000008001fd4        0x8 /usr/bin/../lib/gcc/arm-none-eabi/4.9.3/armv7e-m/fpu/crtn.o
 *(.fini)
 .fini          0x0000000008001fdc        0x4 /usr/bin/../lib/gcc/arm-none-eabi/4.9.3/armv7e-m/fpu/crti.o
                0x0000000008001fdc                _fini
 .fini          0x0000000008001fe0        0x8 /usr/bin/../lib/gcc/arm-none-eabi/4.9.3/armv7e-m/fpu/crtn.o
                0x0000000008001fe8                . = ALIGN (0x4)
                0x0000000008001fe8                _etext = .

.vfp11_veneer   0x0000000008001fe8        0x0
 .vfp11_veneer  0x0000000000000000        0x0 linker stubs

.v4_bx          0x0000000008001fe8        0x0
 .v4_bx         0x0000000000000000        0x0 linker stubs

.iplt           0x0000000008001fe8        0x0
 .iplt          0x0000000000000000        0x0 /usr/bin/../lib/gcc/arm-none-eabi/4.9.3/armv7e-m/fpu/crtbegin.o

.rodata         0x0000000008001fe8       0x64
                0x0000000008001fe8                . = ALIGN (0x4)
 *(.rodata)
 .rodata        0x0000000008001fe8        0x7 build/main.o
 *fill*         0x0000000008001fef        0x1 
 .rodata        0x0000000008001ff0       0x17 build/SEGGER_RTT.o
 *fill*         0x0000000008002007        0x1 
 .rodata        0x0000000008002008        0x8 build/SEGGER_SYSVIEW.o
 .rodata        0x0000000008002010       0x2d build/SEGGER_SYSVIEW_Config_NoOS.o
 *(.rodata*)
 *fill*         0x000000000800203d        0x3 
 .rodata._abSync
                0x0000000008002040        0xa build/SEGGER_SYSVIEW.o
                0x000000000800204c                . = ALIGN (0x4)
 *fill*         0x000000000800204a        0x2 

.rel.dyn        0x000000000800204c        0x0
 .rel.iplt      0x0000000000000000        0x0 /usr/bin/../lib/gcc/arm-none-eabi/4.9.3/armv7e-m/fpu/crtbegin.o

.ARM.extab
 *(.ARM.extab* .gnu.linkonce.armextab.*)

.ARM            0x000000000800204c        0x0
                0x000000000800204c                __exidx_start = .
 *(.ARM.exidx*)
                0x000000000800204c                __exidx_end = .

.preinit_array  0x000000000800204c        0x0
                0x000000000800204c                PROVIDE (__preinit_array_start, .)
 *(.preinit_array*)
                0x000000000800204c                PROVIDE (__preinit_array_end, .)

.init_array     0x000000000800204c        0x4
                0x000000000800204c                PROVIDE (__init_array_start, .)
 *(SORT(.init_array.*))
 *(.init_array*)
 .init_array    0x000000000800204c        0x4 /usr/bin/../lib/gcc/arm-none-eabi/4.9.3/armv7e-m/fpu/crtbegin.o
                0x0000000008002050                PROVIDE (__init_array_end, .)

.fini_array     0x0000000008002050        0x4
                0x0000000008002050                PROVIDE (__fini_array_start, .)
 *(SORT(.fini_array.*))
 *(.fini_array*)
 .fini_array    0x0000000008002050        0x4 /usr/bin/../lib/gcc/arm-none-eabi/4.9.3/armv7e-m/fpu/crtbegin.o
                0x0000000008002054                PROVIDE (__fini_array_end, .)
                0x0000000008002054                _sidata = LOADADDR (.data)

.data           0x0000000020000000        0x4 load address 0x0000000008002054
                0x0000000020000000                . = ALIGN (0x4)
                0x0000000020000000                _sdata = .
 *(.data)
 *(.data*)
 .data.SystemCoreClock
                0x0000000020000000        0x4 build/system_stm32f3xx.o
                0x0000000020000000                SystemCoreClock
                0x0000000020000004                . = ALIGN (0x4)
                0x0000000020000004                _edata = .

.jcr            0x0000000020000004        0x0 load address 0x0000000008002058
 .jcr           0x0000000020000004        0x0 /usr/bin/../lib/gcc/arm-none-eabi/4.9.3/armv7e-m/fpu/crtbegin.o

.igot.plt       0x0000000020000004        0x0 load address 0x0000000008002058
 .igot.plt      0x0000000000000000        0x0 /usr/bin/../lib/gcc/arm-none-eabi/4.9.3/armv7e-m/fpu/crtbegin.o
                0x0000000020000004                . = ALIGN (0x4)

.bss            0x0000000020000004     0x15f0 load address 0x0000000008002058
                0x0000000020000004                _sbss = .
                0x0000000020000004                __bss_start__ = _sbss
 *(.bss)
 .bss           0x0000000020000004       0x1c /usr/bin/../lib/gcc/arm-none-eabi/4.9.3/armv7e-m/fpu/crtbegin.o
 *(.bss*)
 .bss._acUpBuffer
                0x0000000020000020      0x400 build/SEGGER_RTT.o
 .bss._acDownBuffer
                0x0000000020000420       0x10 build/SEGGER_RTT.o
 .bss._UpBuffer
                0x0000000020000430     0x1000 build/SEGGER_SYSVIEW.o
 .bss._DownBuffer
                0x0000000020001430        0x8 build/SEGGER_SYSVIEW.o
 .bss._SYSVIEW_Globals
                0x0000000020001438       0x28 build/SEGGER_SYSVIEW.o
 .bss._pFirstModule
                0x0000000020001460        0x4 build/SEGGER_SYSVIEW.o
 .bss._NumModules
                0x0000000020001464        0x1 build/SEGGER_SYSVIEW.o
 *fill*         0x0000000020001465        0x3 
 .bss._aPacket  0x0000000020001468       0xe3 build/SEGGER_SYSVIEW.o
 *(COMMON)
 *fill*         0x000000002000154b        0x1 
 COMMON         0x000000002000154c       0xa8 build/SEGGER_RTT.o
                0x000000002000154c                _SEGGER_RTT
                0x00000000200015f4                . = ALIGN (0x4)
                0x00000000200015f4                _ebss = .
                0x00000000200015f4                __bss_end__ = _ebss

._user_heap_stack
                0x00000000200015f4      0x604 load address 0x0000000008002058
                0x00000000200015f8                . = ALIGN (0x8)
 *fill*         0x00000000200015f4        0x4 
                0x00000000200015f8                PROVIDE (end, .)
                0x00000000200015f8                PROVIDE (_end, .)
                0x00000000200017f8                . = (. + _Min_Heap_Size)
 *fill*         0x00000000200015f8      0x200 
                0x0000000020001bf8                . = (. + _Min_Stack_Size)
 *fill*         0x00000000200017f8      0x400 
                0x0000000020001bf8                . = ALIGN (0x8)

/DISCARD/
 libc.a(*)
 libm.a(*)
 libgcc.a(*)

.ARM.attributes
                0x0000000000000000       0x30
 *(.ARM.attributes)
 .ARM.attributes
                0x0000000000000000       0x22 /usr/bin/../lib/gcc/arm-none-eabi/4.9.3/armv7e-m/fpu/crti.o
 .ARM.attributes
                0x0000000000000022       0x34 /usr/bin/../lib/gcc/arm-none-eabi/4.9.3/armv7e-m/fpu/crtbegin.o
 .ARM.attributes
                0x0000000000000056       0x39 build/main.o
 .ARM.attributes
                0x000000000000008f       0x39 build/system_stm32f3xx.o
 .ARM.attributes
                0x00000000000000c8       0x39 build/stm32f3xx_it.o
 .ARM.attributes
                0x0000000000000101       0x39 build/stm32f3xx_ll_utils.o
 .ARM.attributes
                0x000000000000013a       0x39 build/SEGGER_RTT.o
 .ARM.attributes
                0x0000000000000173       0x39 build/SEGGER_SYSVIEW.o
 .ARM.attributes
                0x00000000000001ac       0x39 build/SEGGER_SYSVIEW_Config_NoOS.o
 .ARM.attributes
                0x00000000000001e5       0x21 build/startup_stm32f302x8.o
 .ARM.attributes
                0x0000000000000206       0x34 /usr/bin/../lib/gcc/arm-none-eabi/4.9.3/../../../../arm-none-eabi/lib/armv7e-m/fpu/libc_nano.a(lib_a-init.o)
 .ARM.attributes
                0x000000000000023a       0x34 /usr/bin/../lib/gcc/arm-none-eabi/4.9.3/../../../../arm-none-eabi/lib/armv7e-m/fpu/libc_nano.a(lib_a-memcpy.o)
 .ARM.attributes
                0x000000000000026e       0x22 /usr/bin/../lib/gcc/arm-none-eabi/4.9.3/armv7e-m/fpu/crtn.o
OUTPUT(build/STM32F3.elf elf32-littlearm)

.debug_info     0x0000000000000000     0x68f9
 .debug_info    0x0000000000000000     0x1456 build/main.o
 .debug_info    0x0000000000001456      0x42c build/system_stm32f3xx.o
 .debug_info    0x0000000000001882      0x457 build/stm32f3xx_it.o
 .debug_info    0x0000000000001cd9      0x8af build/stm32f3xx_ll_utils.o
 .debug_info    0x0000000000002588      0xde0 build/SEGGER_RTT.o
 .debug_info    0x0000000000003368     0x348e build/SEGGER_SYSVIEW.o
 .debug_info    0x00000000000067f6       0x8c build/SEGGER_SYSVIEW_Config_NoOS.o
 .debug_info    0x0000000000006882       0x77 build/startup_stm32f302x8.o

.debug_abbrev   0x0000000000000000      0xb66
 .debug_abbrev  0x0000000000000000      0x26a build/main.o
 .debug_abbrev  0x000000000000026a      0x103 build/system_stm32f3xx.o
 .debug_abbrev  0x000000000000036d      0x122 build/stm32f3xx_it.o
 .debug_abbrev  0x000000000000048f      0x263 build/stm32f3xx_ll_utils.o
 .debug_abbrev  0x00000000000006f2      0x1d5 build/SEGGER_RTT.o
 .debug_abbrev  0x00000000000008c7      0x222 build/SEGGER_SYSVIEW.o
 .debug_abbrev  0x0000000000000ae9       0x6b build/SEGGER_SYSVIEW_Config_NoOS.o
 .debug_abbrev  0x0000000000000b54       0x12 build/startup_stm32f302x8.o

.debug_loc      0x0000000000000000     0x3d4e
 .debug_loc     0x0000000000000000      0xf68 build/main.o
 .debug_loc     0x0000000000000f68       0xa0 build/system_stm32f3xx.o
 .debug_loc     0x0000000000001008      0x3cc build/stm32f3xx_it.o
 .debug_loc     0x00000000000013d4      0x864 build/stm32f3xx_ll_utils.o
 .debug_loc     0x0000000000001c38      0x870 build/SEGGER_RTT.o
 .debug_loc     0x00000000000024a8     0x184e build/SEGGER_SYSVIEW.o
 .debug_loc     0x0000000000003cf6       0x58 build/SEGGER_SYSVIEW_Config_NoOS.o

.debug_aranges  0x0000000000000000      0x6e8
 .debug_aranges
                0x0000000000000000      0x1a0 build/main.o
 .debug_aranges
                0x00000000000001a0       0x28 build/system_stm32f3xx.o
 .debug_aranges
                0x00000000000001c8       0x90 build/stm32f3xx_it.o
 .debug_aranges
                0x0000000000000258       0xf0 build/stm32f3xx_ll_utils.o
 .debug_aranges
                0x0000000000000348       0xf0 build/SEGGER_RTT.o
 .debug_aranges
                0x0000000000000438      0x260 build/SEGGER_SYSVIEW.o
 .debug_aranges
                0x0000000000000698       0x28 build/SEGGER_SYSVIEW_Config_NoOS.o
 .debug_aranges
                0x00000000000006c0       0x28 build/startup_stm32f302x8.o

.debug_ranges   0x0000000000000000      0x670
 .debug_ranges  0x0000000000000000      0x190 build/main.o
 .debug_ranges  0x0000000000000190       0x18 build/system_stm32f3xx.o
 .debug_ranges  0x00000000000001a8       0x80 build/stm32f3xx_it.o
 .debug_ranges  0x0000000000000228       0xe0 build/stm32f3xx_ll_utils.o
 .debug_ranges  0x0000000000000308       0xe0 build/SEGGER_RTT.o
 .debug_ranges  0x00000000000003e8      0x250 build/SEGGER_SYSVIEW.o
 .debug_ranges  0x0000000000000638       0x18 build/SEGGER_SYSVIEW_Config_NoOS.o
 .debug_ranges  0x0000000000000650       0x20 build/startup_stm32f302x8.o

.debug_line     0x0000000000000000     0x265e
 .debug_line    0x0000000000000000      0x6a0 build/main.o
 .debug_line    0x00000000000006a0      0x149 build/system_stm32f3xx.o
 .debug_line    0x00000000000007e9      0x2a0 build/stm32f3xx_it.o
 .debug_line    0x0000000000000a89      0x44a build/stm32f3xx_ll_utils.o
 .debug_line    0x0000000000000ed3      0x3de build/SEGGER_RTT.o
 .debug_line    0x00000000000012b1     0x12b4 build/SEGGER_SYSVIEW.o
 .debug_line    0x0000000000002565       0x85 build/SEGGER_SYSVIEW_Config_NoOS.o
 .debug_line    0x00000000000025ea       0x74 build/startup_stm32f302x8.o

.debug_str      0x0000000000000000     0x2099
 .debug_str     0x0000000000000000      0xb7f build/main.o
                                        0xc48 (size before relaxing)
 .debug_str     0x0000000000000b7f       0x73 build/system_stm32f3xx.o
                                        0x2fc (size before relaxing)
 .debug_str     0x0000000000000bf2      0x136 build/stm32f3xx_it.o
                                        0x376 (size before relaxing)
 .debug_str     0x0000000000000d28      0x2cf build/stm32f3xx_ll_utils.o
                                        0x66a (size before relaxing)
 .debug_str     0x0000000000000ff7      0x3d7 build/SEGGER_RTT.o
                                        0x57f (size before relaxing)
 .debug_str     0x00000000000013ce      0xc66 build/SEGGER_SYSVIEW.o
                                        0xf08 (size before relaxing)
 .debug_str     0x0000000000002034       0x65 build/SEGGER_SYSVIEW_Config_NoOS.o
                                        0x1af (size before relaxing)

.comment        0x0000000000000000       0x70
 .comment       0x0000000000000000       0x70 build/main.o
                                         0x71 (size before relaxing)
 .comment       0x0000000000000000       0x71 build/system_stm32f3xx.o
 .comment       0x0000000000000000       0x71 build/stm32f3xx_it.o
 .comment       0x0000000000000000       0x71 build/stm32f3xx_ll_utils.o
 .comment       0x0000000000000000       0x71 build/SEGGER_RTT.o
 .comment       0x0000000000000000       0x71 build/SEGGER_SYSVIEW.o
 .comment       0x0000000000000000       0x71 build/SEGGER_SYSVIEW_Config_NoOS.o

.debug_frame    0x0000000000000000     0x1f14
 .debug_frame   0x0000000000000000      0x74c build/main.o
 .debug_frame   0x000000000000074c       0x5c build/system_stm32f3xx.o
 .debug_frame   0x00000000000007a8      0x20c build/stm32f3xx_it.o
 .debug_frame   0x00000000000009b4      0x420 build/stm32f3xx_ll_utils.o
 .debug_frame   0x0000000000000dd4      0x43c build/SEGGER_RTT.o
 .debug_frame   0x0000000000001210      0xc68 build/SEGGER_SYSVIEW.o
 .debug_frame   0x0000000000001e78       0x48 build/SEGGER_SYSVIEW_Config_NoOS.o
 .debug_frame   0x0000000000001ec0       0x2c /usr/bin/../lib/gcc/arm-none-eabi/4.9.3/../../../../arm-none-eabi/lib/armv7e-m/fpu/libc_nano.a(lib_a-init.o)
 .debug_frame   0x0000000000001eec       0x28 /usr/bin/../lib/gcc/arm-none-eabi/4.9.3/../../../../arm-none-eabi/lib/armv7e-m/fpu/libc_nano.a(lib_a-memcpy.o)

Cross Reference Table

Symbol                                            File
ADC1_IRQHandler                                   build/startup_stm32f302x8.o
AHBPrescTable                                     build/system_stm32f3xx.o
                                                  build/stm32f3xx_ll_utils.o
APBPrescTable                                     build/system_stm32f3xx.o
BusFault_Handler                                  build/stm32f3xx_it.o
CAN_RX1_IRQHandler                                build/startup_stm32f302x8.o
CAN_SCE_IRQHandler                                build/startup_stm32f302x8.o
COMP2_IRQHandler                                  build/startup_stm32f302x8.o
COMP4_6_IRQHandler                                build/startup_stm32f302x8.o
Configure_USART                                   build/main.o
DMA1_Channel1_IRQHandler                          build/startup_stm32f302x8.o
DMA1_Channel2_IRQHandler                          build/startup_stm32f302x8.o
DMA1_Channel3_IRQHandler                          build/startup_stm32f302x8.o
DMA1_Channel4_IRQHandler                          build/startup_stm32f302x8.o
DMA1_Channel5_IRQHandler                          build/startup_stm32f302x8.o
DMA1_Channel6_IRQHandler                          build/startup_stm32f302x8.o
DMA1_Channel7_IRQHandler                          build/startup_stm32f302x8.o
DebugMon_Handler                                  build/stm32f3xx_it.o
Default_Handler                                   build/startup_stm32f302x8.o
EXTI0_IRQHandler                                  build/startup_stm32f302x8.o
EXTI15_10_IRQHandler                              build/stm32f3xx_it.o
EXTI1_IRQHandler                                  build/startup_stm32f302x8.o
EXTI2_TSC_IRQHandler                              build/startup_stm32f302x8.o
EXTI3_IRQHandler                                  build/startup_stm32f302x8.o
EXTI4_IRQHandler                                  build/startup_stm32f302x8.o
EXTI9_5_IRQHandler                                build/startup_stm32f302x8.o
Error_Callback                                    build/main.o
                                                  build/stm32f3xx_it.o
FLASH_IRQHandler                                  build/startup_stm32f302x8.o
FPU_IRQHandler                                    build/startup_stm32f302x8.o
HardFault_Handler                                 build/stm32f3xx_it.o
I2C1_ER_IRQHandler                                build/startup_stm32f302x8.o
I2C1_EV_IRQHandler                                build/startup_stm32f302x8.o
I2C2_ER_IRQHandler                                build/startup_stm32f302x8.o
I2C2_EV_IRQHandler                                build/startup_stm32f302x8.o
I2C3_ER_IRQHandler                                build/startup_stm32f302x8.o
I2C3_EV_IRQHandler                                build/startup_stm32f302x8.o
LED_Blinking                                      build/main.o
LED_Init                                          build/main.o
LED_Off                                           build/main.o
LED_On                                            build/main.o
LL_Init1msTick                                    build/stm32f3xx_ll_utils.o
                                                  build/main.o
LL_PLL_ConfigSystemClock_HSE                      build/stm32f3xx_ll_utils.o
LL_PLL_ConfigSystemClock_HSI                      build/stm32f3xx_ll_utils.o
LL_SetSystemCoreClock                             build/stm32f3xx_ll_utils.o
                                                  build/main.o
LL_mDelay                                         build/stm32f3xx_ll_utils.o
                                                  build/main.o
MemManage_Handler                                 build/stm32f3xx_it.o
NMI_Handler                                       build/stm32f3xx_it.o
PVD_IRQHandler                                    build/startup_stm32f302x8.o
PendSV_Handler                                    build/stm32f3xx_it.o
RCC_IRQHandler                                    build/startup_stm32f302x8.o
RTC_Alarm_IRQHandler                              build/startup_stm32f302x8.o
RTC_WKUP_IRQHandler                               build/startup_stm32f302x8.o
Reset_Handler                                     build/startup_stm32f302x8.o
SEGGER_RTT_AllocDownBuffer                        build/SEGGER_RTT.o
SEGGER_RTT_AllocUpBuffer                          build/SEGGER_RTT.o
SEGGER_RTT_ConfigDownBuffer                       build/SEGGER_RTT.o
                                                  build/SEGGER_SYSVIEW.o
SEGGER_RTT_ConfigUpBuffer                         build/SEGGER_RTT.o
                                                  build/SEGGER_SYSVIEW.o
SEGGER_RTT_GetKey                                 build/SEGGER_RTT.o
SEGGER_RTT_HasData                                build/SEGGER_RTT.o
SEGGER_RTT_HasKey                                 build/SEGGER_RTT.o
SEGGER_RTT_Init                                   build/SEGGER_RTT.o
SEGGER_RTT_Read                                   build/SEGGER_RTT.o
SEGGER_RTT_ReadNoLock                             build/SEGGER_RTT.o
                                                  build/SEGGER_SYSVIEW.o
SEGGER_RTT_SetFlagsDownBuffer                     build/SEGGER_RTT.o
SEGGER_RTT_SetFlagsUpBuffer                       build/SEGGER_RTT.o
SEGGER_RTT_SetNameDownBuffer                      build/SEGGER_RTT.o
SEGGER_RTT_SetNameUpBuffer                        build/SEGGER_RTT.o
SEGGER_RTT_SetTerminal                            build/SEGGER_RTT.o
SEGGER_RTT_TerminalOut                            build/SEGGER_RTT.o
SEGGER_RTT_WaitKey                                build/SEGGER_RTT.o
SEGGER_RTT_Write                                  build/SEGGER_RTT.o
SEGGER_RTT_WriteNoLock                            build/SEGGER_RTT.o
SEGGER_RTT_WriteSkipNoLock                        build/SEGGER_RTT.o
                                                  build/SEGGER_SYSVIEW.o
SEGGER_RTT_WriteString                            build/SEGGER_RTT.o
SEGGER_RTT_WriteWithOverwriteNoLock               build/SEGGER_RTT.o
SEGGER_SYSVIEW_Conf                               build/SEGGER_SYSVIEW_Config_NoOS.o
                                                  build/main.o
SEGGER_SYSVIEW_DisableEvents                      build/SEGGER_SYSVIEW.o
SEGGER_SYSVIEW_EnableEvents                       build/SEGGER_SYSVIEW.o
SEGGER_SYSVIEW_EncodeData                         build/SEGGER_SYSVIEW.o
SEGGER_SYSVIEW_EncodeId                           build/SEGGER_SYSVIEW.o
SEGGER_SYSVIEW_EncodeString                       build/SEGGER_SYSVIEW.o
SEGGER_SYSVIEW_EncodeU32                          build/SEGGER_SYSVIEW.o
SEGGER_SYSVIEW_Error                              build/SEGGER_SYSVIEW.o
SEGGER_SYSVIEW_ErrorfHost                         build/SEGGER_SYSVIEW.o
SEGGER_SYSVIEW_ErrorfTarget                       build/SEGGER_SYSVIEW.o
SEGGER_SYSVIEW_GetSysDesc                         build/SEGGER_SYSVIEW.o
SEGGER_SYSVIEW_Init                               build/SEGGER_SYSVIEW.o
                                                  build/SEGGER_SYSVIEW_Config_NoOS.o
SEGGER_SYSVIEW_NameResource                       build/SEGGER_SYSVIEW.o
SEGGER_SYSVIEW_OnIdle                             build/SEGGER_SYSVIEW.o
SEGGER_SYSVIEW_OnTaskCreate                       build/SEGGER_SYSVIEW.o
SEGGER_SYSVIEW_OnTaskStartExec                    build/SEGGER_SYSVIEW.o
SEGGER_SYSVIEW_OnTaskStartReady                   build/SEGGER_SYSVIEW.o
SEGGER_SYSVIEW_OnTaskStopExec                     build/SEGGER_SYSVIEW.o
SEGGER_SYSVIEW_OnTaskStopReady                    build/SEGGER_SYSVIEW.o
SEGGER_SYSVIEW_OnTaskTerminate                    build/SEGGER_SYSVIEW.o
SEGGER_SYSVIEW_OnUserStart                        build/SEGGER_SYSVIEW.o
SEGGER_SYSVIEW_OnUserStop                         build/SEGGER_SYSVIEW.o
SEGGER_SYSVIEW_Print                              build/SEGGER_SYSVIEW.o
                                                  build/main.o
SEGGER_SYSVIEW_PrintfHost                         build/SEGGER_SYSVIEW.o
SEGGER_SYSVIEW_PrintfHostEx                       build/SEGGER_SYSVIEW.o
SEGGER_SYSVIEW_PrintfTarget                       build/SEGGER_SYSVIEW.o
SEGGER_SYSVIEW_PrintfTargetEx                     build/SEGGER_SYSVIEW.o
SEGGER_SYSVIEW_RecordEndCall                      build/SEGGER_SYSVIEW.o
SEGGER_SYSVIEW_RecordEndCallU32                   build/SEGGER_SYSVIEW.o
SEGGER_SYSVIEW_RecordEnterISR                     build/SEGGER_SYSVIEW.o
SEGGER_SYSVIEW_RecordEnterTimer                   build/SEGGER_SYSVIEW.o
SEGGER_SYSVIEW_RecordExitISR                      build/SEGGER_SYSVIEW.o
SEGGER_SYSVIEW_RecordExitISRToScheduler           build/SEGGER_SYSVIEW.o
SEGGER_SYSVIEW_RecordExitTimer                    build/SEGGER_SYSVIEW.o
SEGGER_SYSVIEW_RecordModuleDescription            build/SEGGER_SYSVIEW.o
SEGGER_SYSVIEW_RecordString                       build/SEGGER_SYSVIEW.o
SEGGER_SYSVIEW_RecordSystime                      build/SEGGER_SYSVIEW.o
SEGGER_SYSVIEW_RecordU32                          build/SEGGER_SYSVIEW.o
SEGGER_SYSVIEW_RecordU32x10                       build/SEGGER_SYSVIEW.o
SEGGER_SYSVIEW_RecordU32x2                        build/SEGGER_SYSVIEW.o
SEGGER_SYSVIEW_RecordU32x3                        build/SEGGER_SYSVIEW.o
SEGGER_SYSVIEW_RecordU32x4                        build/SEGGER_SYSVIEW.o
SEGGER_SYSVIEW_RecordU32x5                        build/SEGGER_SYSVIEW.o
SEGGER_SYSVIEW_RecordU32x6                        build/SEGGER_SYSVIEW.o
SEGGER_SYSVIEW_RecordU32x7                        build/SEGGER_SYSVIEW.o
SEGGER_SYSVIEW_RecordU32x8                        build/SEGGER_SYSVIEW.o
SEGGER_SYSVIEW_RecordU32x9                        build/SEGGER_SYSVIEW.o
SEGGER_SYSVIEW_RecordVoid                         build/SEGGER_SYSVIEW.o
SEGGER_SYSVIEW_RegisterModule                     build/SEGGER_SYSVIEW.o
SEGGER_SYSVIEW_SendModule                         build/SEGGER_SYSVIEW.o
SEGGER_SYSVIEW_SendModuleDescription              build/SEGGER_SYSVIEW.o
SEGGER_SYSVIEW_SendNumModules                     build/SEGGER_SYSVIEW.o
SEGGER_SYSVIEW_SendPacket                         build/SEGGER_SYSVIEW.o
SEGGER_SYSVIEW_SendSysDesc                        build/SEGGER_SYSVIEW.o
                                                  build/SEGGER_SYSVIEW_Config_NoOS.o
SEGGER_SYSVIEW_SendTaskInfo                       build/SEGGER_SYSVIEW.o
SEGGER_SYSVIEW_SendTaskList                       build/SEGGER_SYSVIEW.o
SEGGER_SYSVIEW_SetRAMBase                         build/SEGGER_SYSVIEW.o
                                                  build/SEGGER_SYSVIEW_Config_NoOS.o
SEGGER_SYSVIEW_ShrinkId                           build/SEGGER_SYSVIEW.o
SEGGER_SYSVIEW_Start                              build/SEGGER_SYSVIEW.o
                                                  build/main.o
SEGGER_SYSVIEW_Stop                               build/SEGGER_SYSVIEW.o
SEGGER_SYSVIEW_Warn                               build/SEGGER_SYSVIEW.o
SEGGER_SYSVIEW_WarnfHost                          build/SEGGER_SYSVIEW.o
SEGGER_SYSVIEW_WarnfTarget                        build/SEGGER_SYSVIEW.o
SPI2_IRQHandler                                   build/startup_stm32f302x8.o
SPI3_IRQHandler                                   build/startup_stm32f302x8.o
SVC_Handler                                       build/stm32f3xx_it.o
SysTick_Handler                                   build/stm32f3xx_it.o
SystemClock_Config                                build/main.o
SystemCoreClock                                   build/system_stm32f3xx.o
                                                  build/SEGGER_SYSVIEW_Config_NoOS.o
                                                  build/stm32f3xx_ll_utils.o
                                                  build/main.o
SystemCoreClockUpdate                             build/system_stm32f3xx.o
SystemInit                                        build/system_stm32f3xx.o
                                                  build/startup_stm32f302x8.o
TAMP_STAMP_IRQHandler                             build/startup_stm32f302x8.o
TIM1_BRK_TIM15_IRQHandler                         build/startup_stm32f302x8.o
TIM1_CC_IRQHandler                                build/startup_stm32f302x8.o
TIM1_TRG_COM_TIM17_IRQHandler                     build/startup_stm32f302x8.o
TIM1_UP_TIM16_IRQHandler                          build/startup_stm32f302x8.o
TIM2_IRQHandler                                   build/startup_stm32f302x8.o
TIM6_DAC_IRQHandler                               build/startup_stm32f302x8.o
USART1_IRQHandler                                 build/stm32f3xx_it.o
USART2_IRQHandler                                 build/startup_stm32f302x8.o
USART3_IRQHandler                                 build/startup_stm32f302x8.o
USART_CharReception_Callback                      build/main.o
                                                  build/stm32f3xx_it.o
USBWakeUp_IRQHandler                              build/startup_stm32f302x8.o
USBWakeUp_RMP_IRQHandler                          build/startup_stm32f302x8.o
USB_HP_CAN_TX_IRQHandler                          build/startup_stm32f302x8.o
USB_HP_IRQHandler                                 build/startup_stm32f302x8.o
USB_LP_CAN_RX0_IRQHandler                         build/startup_stm32f302x8.o
USB_LP_IRQHandler                                 build/startup_stm32f302x8.o
UsageFault_Handler                                build/stm32f3xx_it.o
UserButton_Callback                               build/main.o
                                                  build/stm32f3xx_it.o
UserButton_Init                                   build/main.o
WWDG_IRQHandler                                   build/startup_stm32f302x8.o
_Jv_RegisterClasses                               /usr/bin/../lib/gcc/arm-none-eabi/4.9.3/armv7e-m/fpu/crtbegin.o
_SEGGER_RTT                                       build/SEGGER_RTT.o
                                                  build/SEGGER_SYSVIEW.o
__bss_end__                                       /usr/bin/../lib/gcc/arm-none-eabi/4.9.3/../../../../arm-none-eabi/lib/armv7e-m/fpu/crt0.o
__bss_start__                                     /usr/bin/../lib/gcc/arm-none-eabi/4.9.3/../../../../arm-none-eabi/lib/armv7e-m/fpu/crt0.o
__call_exitprocs                                  /usr/bin/../lib/gcc/arm-none-eabi/4.9.3/../../../../arm-none-eabi/lib/armv7e-m/fpu/libc_nano.a(lib_a-exit.o)
__deregister_frame_info                           /usr/bin/../lib/gcc/arm-none-eabi/4.9.3/armv7e-m/fpu/crtbegin.o
__dso_handle                                      /usr/bin/../lib/gcc/arm-none-eabi/4.9.3/armv7e-m/fpu/crtbegin.o
__init_array_end                                  /usr/bin/../lib/gcc/arm-none-eabi/4.9.3/../../../../arm-none-eabi/lib/armv7e-m/fpu/libc_nano.a(lib_a-init.o)
__init_array_start                                /usr/bin/../lib/gcc/arm-none-eabi/4.9.3/../../../../arm-none-eabi/lib/armv7e-m/fpu/libc_nano.a(lib_a-init.o)
__libc_fini_array                                 /usr/bin/../lib/gcc/arm-none-eabi/4.9.3/../../../../arm-none-eabi/lib/armv7e-m/fpu/crt0.o
__libc_init_array                                 /usr/bin/../lib/gcc/arm-none-eabi/4.9.3/../../../../arm-none-eabi/lib/armv7e-m/fpu/libc_nano.a(lib_a-init.o)
                                                  build/startup_stm32f302x8.o
                                                  /usr/bin/../lib/gcc/arm-none-eabi/4.9.3/../../../../arm-none-eabi/lib/armv7e-m/fpu/crt0.o
__preinit_array_end                               /usr/bin/../lib/gcc/arm-none-eabi/4.9.3/../../../../arm-none-eabi/lib/armv7e-m/fpu/libc_nano.a(lib_a-init.o)
__preinit_array_start                             /usr/bin/../lib/gcc/arm-none-eabi/4.9.3/../../../../arm-none-eabi/lib/armv7e-m/fpu/libc_nano.a(lib_a-init.o)
__register_frame_info                             /usr/bin/../lib/gcc/arm-none-eabi/4.9.3/armv7e-m/fpu/crtbegin.o
__sf_fake_stderr                                  /usr/bin/../lib/gcc/arm-none-eabi/4.9.3/../../../../arm-none-eabi/lib/armv7e-m/fpu/libc_nano.a(lib_a-impure.o)
__sf_fake_stdin                                   /usr/bin/../lib/gcc/arm-none-eabi/4.9.3/../../../../arm-none-eabi/lib/armv7e-m/fpu/libc_nano.a(lib_a-impure.o)
__sf_fake_stdout                                  /usr/bin/../lib/gcc/arm-none-eabi/4.9.3/../../../../arm-none-eabi/lib/armv7e-m/fpu/libc_nano.a(lib_a-impure.o)
__stack                                           /usr/bin/../lib/gcc/arm-none-eabi/4.9.3/../../../../arm-none-eabi/lib/armv7e-m/fpu/crt0.o
_ebss                                             build/startup_stm32f302x8.o
_edata                                            build/startup_stm32f302x8.o
_estack                                           build/startup_stm32f302x8.o
_exit                                             /usr/bin/../lib/gcc/arm-none-eabi/4.9.3/../../../../arm-none-eabi/lib/armv7e-m/fpu/libnosys.a(_exit.o)
                                                  /usr/bin/../lib/gcc/arm-none-eabi/4.9.3/../../../../arm-none-eabi/lib/armv7e-m/fpu/libc_nano.a(lib_a-exit.o)
_fini                                             /usr/bin/../lib/gcc/arm-none-eabi/4.9.3/armv7e-m/fpu/crti.o
_global_impure_ptr                                /usr/bin/../lib/gcc/arm-none-eabi/4.9.3/../../../../arm-none-eabi/lib/armv7e-m/fpu/libc_nano.a(lib_a-impure.o)
                                                  /usr/bin/../lib/gcc/arm-none-eabi/4.9.3/../../../../arm-none-eabi/lib/armv7e-m/fpu/libc_nano.a(lib_a-exit.o)
_impure_ptr                                       /usr/bin/../lib/gcc/arm-none-eabi/4.9.3/../../../../arm-none-eabi/lib/armv7e-m/fpu/libc_nano.a(lib_a-impure.o)
_init                                             /usr/bin/../lib/gcc/arm-none-eabi/4.9.3/armv7e-m/fpu/crti.o
                                                  /usr/bin/../lib/gcc/arm-none-eabi/4.9.3/../../../../arm-none-eabi/lib/armv7e-m/fpu/libc_nano.a(lib_a-init.o)
_mainCRTStartup                                   /usr/bin/../lib/gcc/arm-none-eabi/4.9.3/../../../../arm-none-eabi/lib/armv7e-m/fpu/crt0.o
_sbss                                             build/startup_stm32f302x8.o
_sdata                                            build/startup_stm32f302x8.o
_sidata                                           build/startup_stm32f302x8.o
_start                                            /usr/bin/../lib/gcc/arm-none-eabi/4.9.3/../../../../arm-none-eabi/lib/armv7e-m/fpu/crt0.o
atexit                                            /usr/bin/../lib/gcc/arm-none-eabi/4.9.3/../../../../arm-none-eabi/lib/armv7e-m/fpu/crt0.o
exit                                              /usr/bin/../lib/gcc/arm-none-eabi/4.9.3/../../../../arm-none-eabi/lib/armv7e-m/fpu/libc_nano.a(lib_a-exit.o)
                                                  /usr/bin/../lib/gcc/arm-none-eabi/4.9.3/../../../../arm-none-eabi/lib/armv7e-m/fpu/crt0.o
g_pfnVectors                                      build/startup_stm32f302x8.o
hardware_init_hook                                /usr/bin/../lib/gcc/arm-none-eabi/4.9.3/../../../../arm-none-eabi/lib/armv7e-m/fpu/crt0.o
main                                              build/main.o
                                                  build/startup_stm32f302x8.o
                                                  /usr/bin/../lib/gcc/arm-none-eabi/4.9.3/../../../../arm-none-eabi/lib/armv7e-m/fpu/crt0.o
memcpy                                            /usr/bin/../lib/gcc/arm-none-eabi/4.9.3/../../../../arm-none-eabi/lib/armv7e-m/fpu/libc_nano.a(lib_a-memcpy.o)
                                                  build/SEGGER_RTT.o
memset                                            /usr/bin/../lib/gcc/arm-none-eabi/4.9.3/../../../../arm-none-eabi/lib/armv7e-m/fpu/libc_nano.a(lib_a-memset.o)
                                                  /usr/bin/../lib/gcc/arm-none-eabi/4.9.3/../../../../arm-none-eabi/lib/armv7e-m/fpu/crt0.o
software_init_hook                                /usr/bin/../lib/gcc/arm-none-eabi/4.9.3/../../../../arm-none-eabi/lib/armv7e-m/fpu/crt0.o
strlen                                            /usr/bin/../lib/gcc/arm-none-eabi/4.9.3/../../../../arm-none-eabi/lib/armv7e-m/fpu/libc_nano.a(lib_a-strlen.o)
                                                  build/SEGGER_RTT.o
